Archive member included to satisfy reference by file (symbol)

/Users/anarojas/.pico-sdk/toolchain/13_2_Rel1/bin/../lib/gcc/arm-none-eabi/13.2.1/thumb/v8-m.main+fp/softfp/libgcc.a(_arm_addsubdf3.o)
                              CMakeFiles/SE1_P5_Eq3_1.dir/SE1_P5_Eq3_1.c.o (__aeabi_f2d)
/Users/anarojas/.pico-sdk/toolchain/13_2_Rel1/bin/../lib/gcc/arm-none-eabi/13.2.1/thumb/v8-m.main+fp/softfp/libgcc.a(_aeabi_ldivmod.o)
                              CMakeFiles/SE1_P5_Eq3_1.dir/Users/anarojas/.pico-sdk/sdk/2.3.1/src/common/pico_time/time.c.o (__aeabi_ldivmod)
/Users/anarojas/.pico-sdk/toolchain/13_2_Rel1/bin/../lib/gcc/arm-none-eabi/13.2.1/thumb/v8-m.main+fp/softfp/libgcc.a(_aeabi_uldivmod.o)
                              CMakeFiles/SE1_P5_Eq3_1.dir/Users/anarojas/.pico-sdk/sdk/2.3.1/src/rp2_common/hardware_clocks/clocks.c.o (__aeabi_uldivmod)
/Users/anarojas/.pico-sdk/toolchain/13_2_Rel1/bin/../lib/gcc/arm-none-eabi/13.2.1/thumb/v8-m.main+fp/softfp/libgcc.a(_udivmoddi4.o)
                              /Users/anarojas/.pico-sdk/toolchain/13_2_Rel1/bin/../lib/gcc/arm-none-eabi/13.2.1/thumb/v8-m.main+fp/softfp/libgcc.a(_aeabi_ldivmod.o) (__udivmoddi4)
/Users/anarojas/.pico-sdk/toolchain/13_2_Rel1/bin/../lib/gcc/arm-none-eabi/13.2.1/thumb/v8-m.main+fp/softfp/libgcc.a(_dvmd_tls.o)
                              /Users/anarojas/.pico-sdk/toolchain/13_2_Rel1/bin/../lib/gcc/arm-none-eabi/13.2.1/thumb/v8-m.main+fp/softfp/libgcc.a(_aeabi_ldivmod.o) (__aeabi_ldiv0)
/Users/anarojas/.pico-sdk/toolchain/13_2_Rel1/bin/../lib/gcc/arm-none-eabi/13.2.1/../../../../arm-none-eabi/lib/thumb/v8-m.main+fp/softfp/libg.a(libc_a-calloc.o)
                              CMakeFiles/SE1_P5_Eq3_1.dir/Users/anarojas/.pico-sdk/sdk/2.3.1/src/rp2_common/pico_malloc/malloc.c.o (calloc)
/Users/anarojas/.pico-sdk/toolchain/13_2_Rel1/bin/../lib/gcc/arm-none-eabi/13.2.1/../../../../arm-none-eabi/lib/thumb/v8-m.main+fp/softfp/libg.a(libc_a-callocr.o)
                              /Users/anarojas/.pico-sdk/toolchain/13_2_Rel1/bin/../lib/gcc/arm-none-eabi/13.2.1/../../../../arm-none-eabi/lib/thumb/v8-m.main+fp/softfp/libg.a(libc_a-calloc.o) (_calloc_r)
/Users/anarojas/.pico-sdk/toolchain/13_2_Rel1/bin/../lib/gcc/arm-none-eabi/13.2.1/../../../../arm-none-eabi/lib/thumb/v8-m.main+fp/softfp/libg.a(libc_a-malloc.o)
                              CMakeFiles/SE1_P5_Eq3_1.dir/Users/anarojas/.pico-sdk/sdk/2.3.1/src/rp2_common/pico_malloc/malloc.c.o (malloc)
/Users/anarojas/.pico-sdk/toolchain/13_2_Rel1/bin/../lib/gcc/arm-none-eabi/13.2.1/../../../../arm-none-eabi/lib/thumb/v8-m.main+fp/softfp/libg.a(libc_a-mallocr.o)
                              /Users/anarojas/.pico-sdk/toolchain/13_2_Rel1/bin/../lib/gcc/arm-none-eabi/13.2.1/../../../../arm-none-eabi/lib/thumb/v8-m.main+fp/softfp/libg.a(libc_a-callocr.o) (_malloc_r)
/Users/anarojas/.pico-sdk/toolchain/13_2_Rel1/bin/../lib/gcc/arm-none-eabi/13.2.1/../../../../arm-none-eabi/lib/thumb/v8-m.main+fp/softfp/libg.a(libc_a-mlock.o)
                              /Users/anarojas/.pico-sdk/toolchain/13_2_Rel1/bin/../lib/gcc/arm-none-eabi/13.2.1/../../../../arm-none-eabi/lib/thumb/v8-m.main+fp/softfp/libg.a(libc_a-mallocr.o) (__malloc_lock)
/Users/anarojas/.pico-sdk/toolchain/13_2_Rel1/bin/../lib/gcc/arm-none-eabi/13.2.1/../../../../arm-none-eabi/lib/thumb/v8-m.main+fp/softfp/libg.a(libc_a-realloc.o)
                              CMakeFiles/SE1_P5_Eq3_1.dir/Users/anarojas/.pico-sdk/sdk/2.3.1/src/rp2_common/pico_malloc/malloc.c.o (realloc)
/Users/anarojas/.pico-sdk/toolchain/13_2_Rel1/bin/../lib/gcc/arm-none-eabi/13.2.1/../../../../arm-none-eabi/lib/thumb/v8-m.main+fp/softfp/libg.a(libc_a-reallocr.o)
                              /Users/anarojas/.pico-sdk/toolchain/13_2_Rel1/bin/../lib/gcc/arm-none-eabi/13.2.1/../../../../arm-none-eabi/lib/thumb/v8-m.main+fp/softfp/libg.a(libc_a-realloc.o) (_realloc_r)
/Users/anarojas/.pico-sdk/toolchain/13_2_Rel1/bin/../lib/gcc/arm-none-eabi/13.2.1/../../../../arm-none-eabi/lib/thumb/v8-m.main+fp/softfp/libg.a(libc_a-memcmp.o)
                              CMakeFiles/SE1_P5_Eq3_1.dir/Users/anarojas/.pico-sdk/sdk/2.3.1/src/rp2_common/pico_atomic/atomic.c.o (memcmp)
/Users/anarojas/.pico-sdk/toolchain/13_2_Rel1/bin/../lib/gcc/arm-none-eabi/13.2.1/../../../../arm-none-eabi/lib/thumb/v8-m.main+fp/softfp/libg.a(libc_a-memmove.o)
                              /Users/anarojas/.pico-sdk/toolchain/13_2_Rel1/bin/../lib/gcc/arm-none-eabi/13.2.1/../../../../arm-none-eabi/lib/thumb/v8-m.main+fp/softfp/libg.a(libc_a-reallocr.o) (memmove)
/Users/anarojas/.pico-sdk/toolchain/13_2_Rel1/bin/../lib/gcc/arm-none-eabi/13.2.1/../../../../arm-none-eabi/lib/thumb/v8-m.main+fp/softfp/libg.a(libc_a-memset.o)
                              CMakeFiles/SE1_P5_Eq3_1.dir/Users/anarojas/.pico-sdk/sdk/2.3.1/lib/tinyusb/src/portable/raspberrypi/rp2040/dcd_rp2040.c.o (memset)
[...]
Memory Configuration

Name             Origin             Length             Attributes
FLASH            0x10000000         0x00400000         xr
PSRAM            0x11000000         0x00000000         xrw
XIP_RAM          0x13ffc000         0x00004000         xrw
RAM              0x20000000         0x00080000         xrw
SCRATCH_X        0x20080000         0x00001000         xrw
SCRATCH_Y        0x20081000         0x00001000         xrw
*default*        0x00000000         0xffffffff

Linker script and memory map

                0x20000000                        RAM_ORIGIN_DEFAULT = 0x20000000
                0x00080000                        RAM_LENGTH_DEFAULT = 0x80000
                0x20080000                        SCRATCH_X_ORIGIN_DEFAULT = 0x20080000
                0x00001000                        SCRATCH_X_LENGTH_DEFAULT = 0x1000
                0x20081000                        SCRATCH_Y_ORIGIN_DEFAULT = 0x20081000
                0x00001000                        SCRATCH_Y_LENGTH_DEFAULT = 0x1000
                0x13ffc000                        XIP_RAM_ORIGIN_DEFAULT = 0x13ffc000
                0x00004000                        XIP_RAM_LENGTH_DEFAULT = 0x4000
LOAD CMakeFiles/SE1_P5_Eq3_1.dir/SE1_P5_Eq3_1.c.o
LOAD CMakeFiles/SE1_P5_Eq3_1.dir/Users/anarojas/.pico-sdk/sdk/2.3.1/src/rp2_common/pico_stdlib/stdlib.c.o
LOAD CMakeFiles/SE1_P5_Eq3_1.dir/Users/anarojas/.pico-sdk/sdk/2.3.1/src/rp2_common/hardware_gpio/gpio.c.o
LOAD CMakeFiles/SE1_P5_Eq3_1.dir/Users/anarojas/.pico-sdk/sdk/2.3.1/src/rp2350/pico_platform/platform.c.o
LOAD CMakeFiles/SE1_P5_Eq3_1.dir/Users/anarojas/.pico-sdk/sdk/2.3.1/src/rp2_common/pico_platform_common/common.c.o
LOAD CMakeFiles/SE1_P5_Eq3_1.dir/Users/anarojas/.pico-sdk/sdk/2.3.1/src/rp2_common/pico_platform_panic/panic.c.o
LOAD CMakeFiles/SE1_P5_Eq3_1.dir/Users/anarojas/.pico-sdk/sdk/2.3.1/src/rp2_common/pico_platform_panic/custom_panic_function.S.o
LOAD CMakeFiles/SE1_P5_Eq3_1.dir/Users/anarojas/.pico-sdk/sdk/2.3.1/src/common/hardware_claim/claim.c.o
LOAD CMakeFiles/SE1_P5_Eq3_1.dir/Users/anarojas/.pico-sdk/sdk/2.3.1/src/rp2_common/hardware_sync/sync.c.o
LOAD CMakeFiles/SE1_P5_Eq3_1.dir/Users/anarojas/.pico-sdk/sdk/2.3.1/src/rp2_common/hardware_sync_spin_lock/sync_spin_lock.c.o
LOAD CMakeFiles/SE1_P5_Eq3_1.dir/Users/anarojas/.pico-sdk/sdk/2.3.1/src/rp2_common/hardware_irq/irq.c.o
LOAD CMakeFiles/SE1_P5_Eq3_1.dir/Users/anarojas/.pico-sdk/sdk/2.3.1/src/rp2_common/hardware_irq/irq_handler_chain.S.o
LOAD CMakeFiles/SE1_P5_Eq3_1.dir/Users/anarojas/.pico-sdk/sdk/2.3.1/src/common/pico_sync/sem.c.o
LOAD CMakeFiles/SE1_P5_Eq3_1.dir/Users/anarojas/.pico-sdk/sdk/2.3.1/src/common/pico_sync/lock_core.c.o
LOAD CMakeFiles/SE1_P5_Eq3_1.dir/Users/anarojas/.pico-sdk/sdk/2.3.1/src/common/pico_sync/mutex.c.o
LOAD CMakeFiles/SE1_P5_Eq3_1.dir/Users/anarojas/.pico-sdk/sdk/2.3.1/src/common/pico_sync/critical_section.c.o
LOAD CMakeFiles/SE1_P5_Eq3_1.dir/Users/anarojas/.pico-sdk/sdk/2.3.1/src/common/pico_time/time.c.o
LOAD CMakeFiles/SE1_P5_Eq3_1.dir/Users/anarojas/.pico-sdk/sdk/2.3.1/src/common/pico_time/timeout_helper.c.o
LOAD CMakeFiles/SE1_P5_Eq3_1.dir/Users/anarojas/.pico-sdk/sdk/2.3.1/src/rp2_common/hardware_timer/timer.c.o
LOAD CMakeFiles/SE1_P5_Eq3_1.dir/Users/anarojas/.pico-sdk/sdk/2.3.1/src/common/pico_util/datetime.c.o
LOAD CMakeFiles/SE1_P5_Eq3_1.dir/Users/anarojas/.pico-sdk/sdk/2.3.1/src/common/pico_util/fixed_bitset.c.o
LOAD CMakeFiles/SE1_P5_Eq3_1.dir/Users/anarojas/.pico-sdk/sdk/2.3.1/src/common/pico_util/pheap.c.o
LOAD CMakeFiles/SE1_P5_Eq3_1.dir/Users/anarojas/.pico-sdk/sdk/2.3.1/src/common/pico_util/queue.c.o
LOAD CMakeFiles/SE1_P5_Eq3_1.dir/Users/anarojas/.pico-sdk/sdk/2.3.1/src/rp2_common/hardware_uart/uart.c.o
LOAD CMakeFiles/SE1_P5_Eq3_1.dir/Users/anarojas/.pico-sdk/sdk/2.3.1/src/rp2_common/hardware_clocks/clocks.c.o
LOAD CMakeFiles/SE1_P5_Eq3_1.dir/Users/anarojas/.pico-sdk/sdk/2.3.1/src/rp2_common/hardware_pll/pll.c.o
LOAD CMakeFiles/SE1_P5_Eq3_1.dir/Users/anarojas/.pico-sdk/sdk/2.3.1/src/rp2_common/hardware_vreg/vreg.c.o
LOAD CMakeFiles/SE1_P5_Eq3_1.dir/Users/anarojas/.pico-sdk/sdk/2.3.1/src/rp2_common/hardware_watchdog/watchdog.c.o
LOAD CMakeFiles/SE1_P5_Eq3_1.dir/Users/anarojas/.pico-sdk/sdk/2.3.1/src/rp2_common/hardware_ticks/ticks.c.o
LOAD CMakeFiles/SE1_P5_Eq3_1.dir/Users/anarojas/.pico-sdk/sdk/2.3.1/src/rp2_common/pico_bootrom/bootrom.c.o
LOAD CMakeFiles/SE1_P5_Eq3_1.dir/Users/anarojas/.pico-sdk/sdk/2.3.1/src/rp2_common/pico_bootrom/bootrom_lock.c.o
LOAD CMakeFiles/SE1_P5_Eq3_1.dir/Users/anarojas/.pico-sdk/sdk/2.3.1/src/rp2_common/hardware_boot_lock/boot_lock.c.o
LOAD CMakeFiles/SE1_P5_Eq3_1.dir/Users/anarojas/.pico-sdk/sdk/2.3.1/src/rp2_common/pico_flash/flash.c.o
LOAD CMakeFiles/SE1_P5_Eq3_1.dir/Users/anarojas/.pico-sdk/sdk/2.3.1/src/rp2_common/hardware_xosc/xosc.c.o
LOAD CMakeFiles/SE1_P5_Eq3_1.dir/Users/anarojas/.pico-sdk/sdk/2.3.1/src/rp2_common/hardware_divider/divider.c.o
LOAD CMakeFiles/SE1_P5_Eq3_1.dir/Users/anarojas/.pico-sdk/sdk/2.3.1/src/rp2_common/pico_runtime/runtime.c.o
LOAD CMakeFiles/SE1_P5_Eq3_1.dir/Users/anarojas/.pico-sdk/sdk/2.3.1/src/rp2_common/pico_runtime_init/runtime_init.c.o
LOAD CMakeFiles/SE1_P5_Eq3_1.dir/Users/anarojas/.pico-sdk/sdk/2.3.1/src/rp2_common/pico_runtime_init/runtime_init_clocks.c.o
LOAD CMakeFiles/SE1_P5_Eq3_1.dir/Users/anarojas/.pico-sdk/sdk/2.3.1/src/rp2_common/pico_runtime_init/runtime_init_stack_guard.c.o
LOAD CMakeFiles/SE1_P5_Eq3_1.dir/Users/anarojas/.pico-sdk/sdk/2.3.1/src/rp2_common/pico_bit_ops/bit_ops_aeabi.S.o
LOAD CMakeFiles/SE1_P5_Eq3_1.dir/Users/anarojas/.pico-sdk/sdk/2.3.1/src/rp2_common/pico_divider/divider_compiler.c.o
LOAD CMakeFiles/SE1_P5_Eq3_1.dir/Users/anarojas/.pico-sdk/sdk/2.3.1/src/rp2_common/pico_double/double_math.c.o
LOAD CMakeFiles/SE1_P5_Eq3_1.dir/Users/anarojas/.pico-sdk/sdk/2.3.1/src/rp2_common/pico_double/double_aeabi_dcp.S.o
LOAD CMakeFiles/SE1_P5_Eq3_1.dir/Users/anarojas/.pico-sdk/sdk/2.3.1/src/rp2_common/pico_double/double_fma_dcp.S.o
LOAD CMakeFiles/SE1_P5_Eq3_1.dir/Users/anarojas/.pico-sdk/sdk/2.3.1/src/rp2_common/pico_double/double_sci_m33.S.o
LOAD CMakeFiles/SE1_P5_Eq3_1.dir/Users/anarojas/.pico-sdk/sdk/2.3.1/src/rp2_common/pico_double/double_conv_m33.S.o
LOAD CMakeFiles/SE1_P5_Eq3_1.dir/Users/anarojas/.pico-sdk/sdk/2.3.1/src/rp2_common/pico_float/float_math.c.o
LOAD CMakeFiles/SE1_P5_Eq3_1.dir/Users/anarojas/.pico-sdk/sdk/2.3.1/src/rp2_common/pico_float/float_conv32_vfp.S.o
LOAD CMakeFiles/SE1_P5_Eq3_1.dir/Users/anarojas/.pico-sdk/sdk/2.3.1/src/rp2_common/pico_float/float_common_m33.S.o
LOAD CMakeFiles/SE1_P5_Eq3_1.dir/Users/anarojas/.pico-sdk/sdk/2.3.1/src/rp2_common/pico_float/float_sci_m33_vfp.S.o
LOAD CMakeFiles/SE1_P5_Eq3_1.dir/Users/anarojas/.pico-sdk/sdk/2.3.1/src/rp2_common/pico_malloc/malloc.c.o
LOAD CMakeFiles/SE1_P5_Eq3_1.dir/Users/anarojas/.pico-sdk/sdk/2.3.1/src/rp2_common/pico_atomic/atomic.c.o
LOAD CMakeFiles/SE1_P5_Eq3_1.dir/Users/anarojas/.pico-sdk/sdk/2.3.1/src/rp2_common/pico_cxx_options/new_delete.cpp.o
LOAD CMakeFiles/SE1_P5_Eq3_1.dir/Users/anarojas/.pico-sdk/sdk/2.3.1/src/rp2_common/pico_standard_binary_info/standard_binary_info.c.o
LOAD CMakeFiles/SE1_P5_Eq3_1.dir/Users/anarojas/.pico-sdk/sdk/2.3.1/src/rp2_common/pico_printf/printf.c.o
LOAD CMakeFiles/SE1_P5_Eq3_1.dir/Users/anarojas/.pico-sdk/sdk/2.3.1/src/rp2_common/pico_crt0/crt0.S.o
LOAD CMakeFiles/SE1_P5_Eq3_1.dir/Users/anarojas/.pico-sdk/sdk/2.3.1/src/rp2_common/pico_clib_interface/newlib_interface.c.o
LOAD CMakeFiles/SE1_P5_Eq3_1.dir/Users/anarojas/.pico-sdk/sdk/2.3.1/src/rp2_common/pico_clib_interface/cxa_guard.c.o
LOAD CMakeFiles/SE1_P5_Eq3_1.dir/Users/anarojas/.pico-sdk/sdk/2.3.1/src/rp2_common/pico_stdio/stdio.c.o
LOAD CMakeFiles/SE1_P5_Eq3_1.dir/Users/anarojas/.pico-sdk/sdk/2.3.1/src/rp2_common/pico_stdio_usb/stdio_usb.c.o
LOAD CMakeFiles/SE1_P5_Eq3_1.dir/Users/anarojas/.pico-sdk/sdk/2.3.1/src/rp2_common/pico_stdio_usb/stdio_usb_descriptors.c.o
LOAD CMakeFiles/SE1_P5_Eq3_1.dir/Users/anarojas/.pico-sdk/sdk/2.3.1/src/rp2_common/pico_unique_id/unique_id.c.o
LOAD CMakeFiles/SE1_P5_Eq3_1.dir/Users/anarojas/.pico-sdk/sdk/2.3.1/src/rp2_common/hardware_flash/flash.c.o
LOAD CMakeFiles/SE1_P5_Eq3_1.dir/Users/anarojas/.pico-sdk/sdk/2.3.1/src/rp2_common/hardware_xip_cache/xip_cache.c.o
LOAD CMakeFiles/SE1_P5_Eq3_1.dir/Users/anarojas/.pico-sdk/sdk/2.3.1/src/rp2_common/pico_usb_reset/usb_reset.c.o
LOAD CMakeFiles/SE1_P5_Eq3_1.dir/Users/anarojas/.pico-sdk/sdk/2.3.1/lib/tinyusb/src/portable/raspberrypi/rp2040/dcd_rp2040.c.o
LOAD CMakeFiles/SE1_P5_Eq3_1.dir/Users/anarojas/.pico-sdk/sdk/2.3.1/lib/tinyusb/src/portable/raspberrypi/rp2040/rp2040_usb.c.o
LOAD CMakeFiles/SE1_P5_Eq3_1.dir/Users/anarojas/.pico-sdk/sdk/2.3.1/lib/tinyusb/src/device/usbd.c.o
LOAD CMakeFiles/SE1_P5_Eq3_1.dir/Users/anarojas/.pico-sdk/sdk/2.3.1/lib/tinyusb/src/device/usbd_control.c.o
LOAD CMakeFiles/SE1_P5_Eq3_1.dir/Users/anarojas/.pico-sdk/sdk/2.3.1/lib/tinyusb/src/class/audio/audio_device.c.o
LOAD CMakeFiles/SE1_P5_Eq3_1.dir/Users/anarojas/.pico-sdk/sdk/2.3.1/lib/tinyusb/src/class/cdc/cdc_device.c.o
LOAD CMakeFiles/SE1_P5_Eq3_1.dir/Users/anarojas/.pico-sdk/sdk/2.3.1/lib/tinyusb/src/class/dfu/dfu_device.c.o
LOAD CMakeFiles/SE1_P5_Eq3_1.dir/Users/anarojas/.pico-sdk/sdk/2.3.1/lib/tinyusb/src/class/dfu/dfu_rt_device.c.o
LOAD CMakeFiles/SE1_P5_Eq3_1.dir/Users/anarojas/.pico-sdk/sdk/2.3.1/lib/tinyusb/src/class/hid/hid_device.c.o
LOAD CMakeFiles/SE1_P5_Eq3_1.dir/Users/anarojas/.pico-sdk/sdk/2.3.1/lib/tinyusb/src/class/midi/midi_device.c.o
LOAD CMakeFiles/SE1_P5_Eq3_1.dir/Users/anarojas/.pico-sdk/sdk/2.3.1/lib/tinyusb/src/class/msc/msc_device.c.o
LOAD CMakeFiles/SE1_P5_Eq3_1.dir/Users/anarojas/.pico-sdk/sdk/2.3.1/lib/tinyusb/src/class/net/ecm_rndis_device.c.o
LOAD CMakeFiles/SE1_P5_Eq3_1.dir/Users/anarojas/.pico-sdk/sdk/2.3.1/lib/tinyusb/src/class/net/ncm_device.c.o
LOAD CMakeFiles/SE1_P5_Eq3_1.dir/Users/anarojas/.pico-sdk/sdk/2.3.1/lib/tinyusb/src/class/usbtmc/usbtmc_device.c.o
LOAD CMakeFiles/SE1_P5_Eq3_1.dir/Users/anarojas/.pico-sdk/sdk/2.3.1/lib/tinyusb/src/class/vendor/vendor_device.c.o
LOAD CMakeFiles/SE1_P5_Eq3_1.dir/Users/anarojas/.pico-sdk/sdk/2.3.1/lib/tinyusb/src/class/video/video_device.c.o
LOAD CMakeFiles/SE1_P5_Eq3_1.dir/Users/anarojas/.pico-sdk/sdk/2.3.1/lib/tinyusb/src/tusb.c.o
LOAD CMakeFiles/SE1_P5_Eq3_1.dir/Users/anarojas/.pico-sdk/sdk/2.3.1/lib/tinyusb/src/common/tusb_fifo.c.o
LOAD CMakeFiles/SE1_P5_Eq3_1.dir/Users/anarojas/.pico-sdk/sdk/2.3.1/src/rp2_common/pico_fix/rp2040_usb_device_enumeration/rp2040_usb_device_enumeration.c.o
LOAD CMakeFiles/SE1_P5_Eq3_1.dir/Users/anarojas/.pico-sdk/sdk/2.3.1/src/rp2_common/pico_thread_local/thread_local.c.o
LOAD pico-sdk/src/rp2350/boot_stage2/CMakeFiles/bs2_default_library.dir/./bs2_default_padded.S.o
LOAD /Users/anarojas/.pico-sdk/toolchain/13_2_Rel1/bin/../lib/gcc/arm-none-eabi/13.2.1/../../../../arm-none-eabi/lib/thumb/v8-m.main+fp/softfp/libstdc++.a
LOAD /Users/anarojas/.pico-sdk/toolchain/13_2_Rel1/bin/../lib/gcc/arm-none-eabi/13.2.1/../../../../arm-none-eabi/lib/thumb/v8-m.main+fp/softfp/libm.a
START GROUP
LOAD /Users/anarojas/.pico-sdk/toolchain/13_2_Rel1/bin/../lib/gcc/arm-none-eabi/13.2.1/thumb/v8-m.main+fp/softfp/libgcc.a
LOAD /Users/anarojas/.pico-sdk/toolchain/13_2_Rel1/bin/../lib/gcc/arm-none-eabi/13.2.1/../../../../arm-none-eabi/lib/thumb/v8-m.main+fp/softfp/libg.a
LOAD /Users/anarojas/.pico-sdk/toolchain/13_2_Rel1/bin/../lib/gcc/arm-none-eabi/13.2.1/../../../../arm-none-eabi/lib/thumb/v8-m.main+fp/softfp/libc.a
END GROUP
                0x20000000                        PROVIDE (RAM_ORIGIN = RAM_ORIGIN_DEFAULT)
                0x00080000                        PROVIDE (RAM_LENGTH = RAM_LENGTH_DEFAULT)
                0x20080000                        PROVIDE (SCRATCH_X_ORIGIN = SCRATCH_X_ORIGIN_DEFAULT)
                0x00001000                        PROVIDE (SCRATCH_X_LENGTH = SCRATCH_X_LENGTH_DEFAULT)
                0x20081000                        PROVIDE (SCRATCH_Y_ORIGIN = SCRATCH_Y_ORIGIN_DEFAULT)
                0x00001000                        PROVIDE (SCRATCH_Y_LENGTH = SCRATCH_Y_LENGTH_DEFAULT)
                0x13ffc000                        PROVIDE (XIP_RAM_ORIGIN = XIP_RAM_ORIGIN_DEFAULT)
                0x00004000                        PROVIDE (XIP_RAM_LENGTH = XIP_RAM_LENGTH_DEFAULT)
                0x20000000                        RAM_ORIGIN = DEFINED (RAM_ORIGIN)?RAM_ORIGIN:RAM_ORIGIN_DEFAULT
                0x00080000                        RAM_LENGTH = DEFINED (RAM_LENGTH)?RAM_LENGTH:RAM_LENGTH_DEFAULT
                0x20080000                        SCRATCH_X_ORIGIN = DEFINED (SCRATCH_X_ORIGIN)?SCRATCH_X_ORIGIN:SCRATCH_X_ORIGIN_DEFAULT
                0x00001000                        SCRATCH_X_LENGTH = DEFINED (SCRATCH_X_LENGTH)?SCRATCH_X_LENGTH:SCRATCH_X_LENGTH_DEFAULT
                0x20081000                        SCRATCH_Y_ORIGIN = DEFINED (SCRATCH_Y_ORIGIN)?SCRATCH_Y_ORIGIN:SCRATCH_Y_ORIGIN_DEFAULT
                0x00001000                        SCRATCH_Y_LENGTH = DEFINED (SCRATCH_Y_LENGTH)?SCRATCH_Y_LENGTH:SCRATCH_Y_LENGTH_DEFAULT
                0x13ffc000                        XIP_RAM_ORIGIN = DEFINED (XIP_RAM_ORIGIN)?XIP_RAM_ORIGIN:XIP_RAM_ORIGIN_DEFAULT
                0x00004000                        XIP_RAM_LENGTH = DEFINED (XIP_RAM_LENGTH)?XIP_RAM_LENGTH:XIP_RAM_LENGTH_DEFAULT

.flash_begin    0x10000000        0x0
                0x10000000                        __flash_binary_start = .

.text           0x10000000     0x5f34
                0x10000000                        __logical_binary_start = .
 *(.vectors)
 .vectors       0x10000000      0x124 CMakeFiles/SE1_P5_Eq3_1.dir/Users/anarojas/.pico-sdk/sdk/2.3.1/src/rp2_common/pico_crt0/crt0.S.o
                0x10000000                __VECTOR_TABLE
                0x10000000                __vectors
                0x10000110                __unhandled_user_irq
                0x10000110                isr_irq49
                0x10000110                isr_irq13
                0x10000110                isr_irq43
                0x10000110                isr_irq45
                0x10000110                isr_irq27
                0x10000110                isr_irq32
                0x10000110                isr_irq31
                0x10000110                isr_irq5
                0x10000110                isr_irq11
                0x10000110                isr_irq23
                0x10000110                isr_usagefault
                0x10000110                isr_irq48
                0x10000110                isr_irq35
                0x10000110                isr_irq18
                0x10000110                isr_irq50
                0x10000110                isr_irq9
                0x10000110                isr_irq30
                0x10000110                isr_irq16
                0x10000110                isr_irq44
                0x10000110                isr_irq29
                0x10000110                isr_irq26
                0x10000110                isr_irq33
                0x10000110                isr_irq3
                0x10000110                isr_irq12
                0x10000110                isr_securefault
                0x10000110                isr_irq40
                0x10000110                isr_irq28
                0x10000110                isr_irq19
                0x10000110                isr_irq36
                0x10000110                isr_irq41
                0x10000110                isr_irq0
                0x10000110                isr_irq6
                0x10000110                isr_memmanage
                0x10000110                isr_irq37
                0x10000110                isr_irq42
                0x10000110                isr_irq22
                0x10000110                isr_irq17
                0x10000110                isr_irq38
                0x10000110                isr_irq14
                0x10000110                __vectors_end
                0x10000110                __default_isrs_start
                0x10000110                isr_irq2
                0x10000110                isr_irq10
                0x10000110                isr_irq8
                0x10000110                isr_debugmonitor
                0x10000110                isr_irq24
                0x10000110                isr_irq46
                0x10000110                isr_irq1
                0x10000110                isr_irq47
                0x10000110                isr_irq51
                0x10000110                isr_irq7
                0x10000110                isr_irq21
                0x10000110                isr_irq39
                0x10000110                isr_irq20
                0x10000110                isr_irq15
                0x10000110                isr_irq25
                0x10000110                isr_irq34
                0x10000110                isr_irq4
                0x10000110                isr_busfault
                0x10000116                unhandled_user_irq_num_in_r0
                0x10000118                isr_invalid
                0x1000011a                isr_nmi
                0x1000011c                isr_hardfault
                0x1000011e                isr_svcall
                0x10000120                isr_pendsv
                0x10000122                isr_systick
                0x10000124                __default_isrs_end
 *(.binary_info_header)
 .binary_info_header
                0x10000124       0x14 CMakeFiles/SE1_P5_Eq3_1.dir/Users/anarojas/.pico-sdk/sdk/2.3.1/src/rp2_common/pico_crt0/crt0.S.o
                0x10000138                        __binary_info_header_end = .
 *(.embedded_block)
 .embedded_block
                0x10000138       0x14 CMakeFiles/SE1_P5_Eq3_1.dir/Users/anarojas/.pico-sdk/sdk/2.3.1/src/rp2_common/pico_crt0/crt0.S.o
                0x1000014c                        __embedded_block_end = .
 *(.reset)
 .reset         0x1000014c       0x94 CMakeFiles/SE1_P5_Eq3_1.dir/Users/anarojas/.pico-sdk/sdk/2.3.1/src/rp2_common/pico_crt0/crt0.S.o
                0x1000014c                _entry_point
 *(.init)
 *libgcc.a:cmse_nonsecure_call.o()
 *(EXCLUDE_FILE(*libm.a: *libgcc.a:) .text*)
 .text.sig_isr  0x100001e0       0x8c CMakeFiles/SE1_P5_Eq3_1.dir/SE1_P5_Eq3_1.c.o
                0x100001e0                sig_isr
 .text.startup.main
                0x1000026c       0xe8 CMakeFiles/SE1_P5_Eq3_1.dir/SE1_P5_Eq3_1.c.o
                0x1000026c                main
 .text.gpio_default_irq_handler
                0x10000354      0x1ac CMakeFiles/SE1_P5_Eq3_1.dir/Users/anarojas/.pico-sdk/sdk/2.3.1/src/rp2_common/hardware_gpio/gpio.c.o
 .text.gpio_set_pulls
                0x10000500       0x28 CMakeFiles/SE1_P5_Eq3_1.dir/Users/anarojas/.pico-sdk/sdk/2.3.1/src/rp2_common/hardware_gpio/gpio.c.o
                0x10000500                gpio_set_pulls
 .text.gpio_set_irq_enabled_with_callback
                0x10000528       0xd8 CMakeFiles/SE1_P5_Eq3_1.dir/Users/anarojas/.pico-sdk/sdk/2.3.1/src/rp2_common/hardware_gpio/gpio.c.o
                0x10000528                gpio_set_irq_enabled_with_callback
 .text.gpio_init
                0x10000600       0x48 CMakeFiles/SE1_P5_Eq3_1.dir/Users/anarojas/.pico-sdk/sdk/2.3.1/src/rp2_common/hardware_gpio/gpio.c.o
                0x10000600                gpio_init
 .text.panic    0x10000648       0x30 CMakeFiles/SE1_P5_Eq3_1.dir/Users/anarojas/.pico-sdk/sdk/2.3.1/src/rp2_common/pico_platform_panic/panic.c.o
                0x10000648                panic
 .text.hw_claim_or_assert
                0x10000678       0x58 CMakeFiles/SE1_P5_Eq3_1.dir/Users/anarojas/.pico-sdk/sdk/2.3.1/src/common/hardware_claim/claim.c.o
                0x10000678                hw_claim_or_assert
 .text.hw_claim_unused_from_range
                0x100006d0       0x9c CMakeFiles/SE1_P5_Eq3_1.dir/Users/anarojas/.pico-sdk/sdk/2.3.1/src/common/hardware_claim/claim.c.o
                0x100006d0                hw_claim_unused_from_range
 .text.next_striped_spin_lock_num
                0x1000076c       0x18 CMakeFiles/SE1_P5_Eq3_1.dir/Users/anarojas/.pico-sdk/sdk/2.3.1/src/rp2_common/hardware_sync/sync.c.o
                0x1000076c                next_striped_spin_lock_num
 .text.spin_lock_claim_unused
                0x10000784       0x20 CMakeFiles/SE1_P5_Eq3_1.dir/Users/anarojas/.pico-sdk/sdk/2.3.1/src/rp2_common/hardware_sync/sync.c.o
                0x10000784                spin_lock_claim_unused
 .text.spinlock_set_extexclall
                0x100007a4       0x10 CMakeFiles/SE1_P5_Eq3_1.dir/Users/anarojas/.pico-sdk/sdk/2.3.1/src/rp2_common/hardware_sync_spin_lock/sync_spin_lock.c.o
 .text.spin_locks_reset
                0x100007b4       0x18 CMakeFiles/SE1_P5_Eq3_1.dir/Users/anarojas/.pico-sdk/sdk/2.3.1/src/rp2_common/hardware_sync_spin_lock/sync_spin_lock.c.o
                0x100007b4                spin_locks_reset
 .text.runtime_init_per_core_irq_priorities
                0x100007cc       0x40 CMakeFiles/SE1_P5_Eq3_1.dir/Users/anarojas/.pico-sdk/sdk/2.3.1/src/rp2_common/hardware_irq/irq.c.o
                0x100007cc                runtime_init_per_core_irq_priorities
 .text.irq_set_enabled
                0x1000080c       0x2c CMakeFiles/SE1_P5_Eq3_1.dir/Users/anarojas/.pico-sdk/sdk/2.3.1/src/rp2_common/hardware_irq/irq.c.o
                0x1000080c                irq_set_enabled
 .text.irq_is_enabled
                0x10000838       0x20 CMakeFiles/SE1_P5_Eq3_1.dir/Users/anarojas/.pico-sdk/sdk/2.3.1/src/rp2_common/hardware_irq/irq.c.o
                0x10000838                irq_is_enabled
 .text.irq_set_pending
                0x10000858       0x18 CMakeFiles/SE1_P5_Eq3_1.dir/Users/anarojas/.pico-sdk/sdk/2.3.1/src/rp2_common/hardware_irq/irq.c.o
                0x10000858                irq_set_pending
 .text.irq_has_shared_handler
                0x10000870       0x20 CMakeFiles/SE1_P5_Eq3_1.dir/Users/anarojas/.pico-sdk/sdk/2.3.1/src/rp2_common/hardware_irq/irq.c.o
                0x10000870                irq_has_shared_handler
 .text.irq_set_exclusive_handler
                0x10000890       0x5c CMakeFiles/SE1_P5_Eq3_1.dir/Users/anarojas/.pico-sdk/sdk/2.3.1/src/rp2_common/hardware_irq/irq.c.o
                0x10000890                irq_set_exclusive_handler
 .text.irq_add_shared_handler
                0x100008ec      0x1c0 CMakeFiles/SE1_P5_Eq3_1.dir/Users/anarojas/.pico-sdk/sdk/2.3.1/src/rp2_common/hardware_irq/irq.c.o
                0x100008ec                irq_add_shared_handler
 .text.irq_remove_handler
                0x10000aac      0x1f4 CMakeFiles/SE1_P5_Eq3_1.dir/Users/anarojas/.pico-sdk/sdk/2.3.1/src/rp2_common/hardware_irq/irq.c.o
                0x10000aac                irq_remove_handler
 .text.irq_add_tail_to_free_list
                0x10000ca0       0xd4 CMakeFiles/SE1_P5_Eq3_1.dir/Users/anarojas/.pico-sdk/sdk/2.3.1/src/rp2_common/hardware_irq/irq.c.o
                0x10000ca0                irq_add_tail_to_free_list
 .text.user_irq_claim_unused
                0x10000d74       0x28 CMakeFiles/SE1_P5_Eq3_1.dir/Users/anarojas/.pico-sdk/sdk/2.3.1/src/rp2_common/hardware_irq/irq.c.o
                0x10000d74                user_irq_claim_unused
 .text.lock_init
                0x10000d9c        0xc CMakeFiles/SE1_P5_Eq3_1.dir/Users/anarojas/.pico-sdk/sdk/2.3.1/src/common/pico_sync/lock_core.c.o
                0x10000d9c                lock_init
 .text.runtime_init_mutex
                0x10000da8       0x4c CMakeFiles/SE1_P5_Eq3_1.dir/Users/anarojas/.pico-sdk/sdk/2.3.1/src/common/pico_sync/mutex.c.o
                0x10000da8                runtime_init_mutex
 .text.mutex_init
                0x10000df4       0x1c CMakeFiles/SE1_P5_Eq3_1.dir/Users/anarojas/.pico-sdk/sdk/2.3.1/src/common/pico_sync/mutex.c.o
                0x10000df4                mutex_init
 .text.critical_section_init
                0x10000e10       0x1c CMakeFiles/SE1_P5_Eq3_1.dir/Users/anarojas/.pico-sdk/sdk/2.3.1/src/common/pico_sync/critical_section.c.o
                0x10000e10                critical_section_init
 .text.critical_section_init_with_lock_num
                0x10000e2c       0x10 CMakeFiles/SE1_P5_Eq3_1.dir/Users/anarojas/.pico-sdk/sdk/2.3.1/src/common/pico_sync/critical_section.c.o
                0x10000e2c                critical_section_init_with_lock_num
 .text.sleep_until_callback
                0x10000e3c        0x8 CMakeFiles/SE1_P5_Eq3_1.dir/Users/anarojas/.pico-sdk/sdk/2.3.1/src/common/pico_time/time.c.o
 .text.alarm_pool_irq_handler
                0x10000e44      0x348 CMakeFiles/SE1_P5_Eq3_1.dir/Users/anarojas/.pico-sdk/sdk/2.3.1/src/common/pico_time/time.c.o
 .text.runtime_init_default_alarm_pool
                0x1000118c       0xec CMakeFiles/SE1_P5_Eq3_1.dir/Users/anarojas/.pico-sdk/sdk/2.3.1/src/common/pico_time/time.c.o
                0x1000118c                runtime_init_default_alarm_pool
 .text.alarm_pool_get_default
                0x10001278        0x8 CMakeFiles/SE1_P5_Eq3_1.dir/Users/anarojas/.pico-sdk/sdk/2.3.1/src/common/pico_time/time.c.o
                0x10001278                alarm_pool_get_default
 .text.alarm_pool_add_alarm_at
                0x10001280       0xdc CMakeFiles/SE1_P5_Eq3_1.dir/Users/anarojas/.pico-sdk/sdk/2.3.1/src/common/pico_time/time.c.o
                0x10001280                alarm_pool_add_alarm_at
 .text.alarm_pool_add_alarm_at_force_in_context
                0x1000135c       0xc8 CMakeFiles/SE1_P5_Eq3_1.dir/Users/anarojas/.pico-sdk/sdk/2.3.1/src/common/pico_time/time.c.o
                0x1000135c                alarm_pool_add_alarm_at_force_in_context
 .text.alarm_pool_cancel_alarm
                0x10001424       0x80 CMakeFiles/SE1_P5_Eq3_1.dir/Users/anarojas/.pico-sdk/sdk/2.3.1/src/common/pico_time/time.c.o
                0x10001424                alarm_pool_cancel_alarm
 .text.alarm_pool_core_num
                0x100014a4        0x4 CMakeFiles/SE1_P5_Eq3_1.dir/Users/anarojas/.pico-sdk/sdk/2.3.1/src/common/pico_time/time.c.o
                0x100014a4                alarm_pool_core_num
 .text.sleep_ms
                0x100014a8       0xa4 CMakeFiles/SE1_P5_Eq3_1.dir/Users/anarojas/.pico-sdk/sdk/2.3.1/src/common/pico_time/time.c.o
                0x100014a8                sleep_ms
 .text.best_effort_wfe_or_timeout
                0x1000154c       0xcc CMakeFiles/SE1_P5_Eq3_1.dir/Users/anarojas/.pico-sdk/sdk/2.3.1/src/common/pico_time/time.c.o
                0x1000154c                best_effort_wfe_or_timeout
 .text.timer_hardware_alarm_claim
                0x10001618       0x24 CMakeFiles/SE1_P5_Eq3_1.dir/Users/anarojas/.pico-sdk/sdk/2.3.1/src/rp2_common/hardware_timer/timer.c.o
                0x10001618                timer_hardware_alarm_claim
 .text.timer_time_us_64
                0x1000163c       0x10 CMakeFiles/SE1_P5_Eq3_1.dir/Users/anarojas/.pico-sdk/sdk/2.3.1/src/rp2_common/hardware_timer/timer.c.o
                0x1000163c                timer_time_us_64
 .text.time_us_64
                0x1000164c       0x14 CMakeFiles/SE1_P5_Eq3_1.dir/Users/anarojas/.pico-sdk/sdk/2.3.1/src/rp2_common/hardware_timer/timer.c.o
                0x1000164c                time_us_64
 .text.busy_wait_until
                0x10001660       0x24 CMakeFiles/SE1_P5_Eq3_1.dir/Users/anarojas/.pico-sdk/sdk/2.3.1/src/rp2_common/hardware_timer/timer.c.o
                0x10001660                busy_wait_until
 .text.clock_configure_undivided
                0x10001684       0xd0 CMakeFiles/SE1_P5_Eq3_1.dir/Users/anarojas/.pico-sdk/sdk/2.3.1/src/rp2_common/hardware_clocks/clocks.c.o
                0x10001684                clock_configure_undivided
 .text.clock_get_hz
                0x10001754        0xc CMakeFiles/SE1_P5_Eq3_1.dir/Users/anarojas/.pico-sdk/sdk/2.3.1/src/rp2_common/hardware_clocks/clocks.c.o
                0x10001754                clock_get_hz
 .text.pll_init
                0x10001760       0x8c CMakeFiles/SE1_P5_Eq3_1.dir/Users/anarojas/.pico-sdk/sdk/2.3.1/src/rp2_common/hardware_pll/pll.c.o
                0x10001760                pll_init
 .text.watchdog_reboot
                0x100017ec       0x98 CMakeFiles/SE1_P5_Eq3_1.dir/Users/anarojas/.pico-sdk/sdk/2.3.1/src/rp2_common/hardware_watchdog/watchdog.c.o
                0x100017ec                watchdog_reboot
 .text.tick_start
                0x10001884       0x18 CMakeFiles/SE1_P5_Eq3_1.dir/Users/anarojas/.pico-sdk/sdk/2.3.1/src/rp2_common/hardware_ticks/ticks.c.o
                0x10001884                tick_start
 .text.rom_reboot.constprop.0.isra.0
                0x1000189c       0x34 CMakeFiles/SE1_P5_Eq3_1.dir/Users/anarojas/.pico-sdk/sdk/2.3.1/src/rp2_common/pico_bootrom/bootrom.c.o
 .text.rom_func_lookup
                0x100018d0       0x18 CMakeFiles/SE1_P5_Eq3_1.dir/Users/anarojas/.pico-sdk/sdk/2.3.1/src/rp2_common/pico_bootrom/bootrom.c.o
                0x100018d0                rom_func_lookup
 .text.rom_reset_usb_boot_extra
                0x100018e8       0x30 CMakeFiles/SE1_P5_Eq3_1.dir/Users/anarojas/.pico-sdk/sdk/2.3.1/src/rp2_common/pico_bootrom/bootrom.c.o
                0x100018e8                rom_reset_usb_boot_extra
 .text.runtime_init_bootrom_locking_enable
                0x10001918       0x14 CMakeFiles/SE1_P5_Eq3_1.dir/Users/anarojas/.pico-sdk/sdk/2.3.1/src/rp2_common/pico_bootrom/bootrom_lock.c.o
                0x10001918                runtime_init_bootrom_locking_enable
 .text.runtime_init_boot_locks_reset
                0x1000192c       0x1c CMakeFiles/SE1_P5_Eq3_1.dir/Users/anarojas/.pico-sdk/sdk/2.3.1/src/rp2_common/hardware_boot_lock/boot_lock.c.o
                0x1000192c                runtime_init_boot_locks_reset
 .text.xosc_init
                0x10001948       0x30 CMakeFiles/SE1_P5_Eq3_1.dir/Users/anarojas/.pico-sdk/sdk/2.3.1/src/rp2_common/hardware_xosc/xosc.c.o
                0x10001948                xosc_init
 .text.first_per_core_initializer
                0x10001978        0x4 CMakeFiles/SE1_P5_Eq3_1.dir/Users/anarojas/.pico-sdk/sdk/2.3.1/src/rp2_common/pico_runtime/runtime.c.o
 .text.hard_assertion_failure
                0x1000197c        0xc CMakeFiles/SE1_P5_Eq3_1.dir/Users/anarojas/.pico-sdk/sdk/2.3.1/src/rp2_common/pico_runtime/runtime.c.o
                0x1000197c                hard_assertion_failure
 .text.runtime_run_initializers
                0x10001988       0x20 CMakeFiles/SE1_P5_Eq3_1.dir/Users/anarojas/.pico-sdk/sdk/2.3.1/src/rp2_common/pico_runtime/runtime.c.o
                0x10001988                runtime_run_initializers
 .text.runtime_init_early_resets
                0x100019a8       0x34 CMakeFiles/SE1_P5_Eq3_1.dir/Users/anarojas/.pico-sdk/sdk/2.3.1/src/rp2_common/pico_runtime_init/runtime_init.c.o
                0x100019a8                runtime_init_early_resets
 .text.runtime_init_usb_power_down
                0x100019dc       0x1c CMakeFiles/SE1_P5_Eq3_1.dir/Users/anarojas/.pico-sdk/sdk/2.3.1/src/rp2_common/pico_runtime_init/runtime_init.c.o
                0x100019dc                runtime_init_usb_power_down
 .text.runtime_init_per_core_enable_coprocessors
                0x100019f8       0x1c CMakeFiles/SE1_P5_Eq3_1.dir/Users/anarojas/.pico-sdk/sdk/2.3.1/src/rp2_common/pico_runtime_init/runtime_init.c.o
                0x100019f8                runtime_init_per_core_enable_coprocessors
 .text.runtime_init_post_clock_resets
                0x10001a14       0x20 CMakeFiles/SE1_P5_Eq3_1.dir/Users/anarojas/.pico-sdk/sdk/2.3.1/src/rp2_common/pico_runtime_init/runtime_init.c.o
                0x10001a14                runtime_init_post_clock_resets
 .text.runtime_init_bootrom_reset
                0x10001a34       0x14 CMakeFiles/SE1_P5_Eq3_1.dir/Users/anarojas/.pico-sdk/sdk/2.3.1/src/rp2_common/pico_runtime_init/runtime_init.c.o
                0x10001a34                runtime_init_bootrom_reset
 .text.runtime_init_per_core_bootrom_reset
                0x10001a48       0x14 CMakeFiles/SE1_P5_Eq3_1.dir/Users/anarojas/.pico-sdk/sdk/2.3.1/src/rp2_common/pico_runtime_init/runtime_init.c.o
                0x10001a48                runtime_init_per_core_bootrom_reset
 .text.runtime_init_spin_locks_reset
                0x10001a5c        0x4 CMakeFiles/SE1_P5_Eq3_1.dir/Users/anarojas/.pico-sdk/sdk/2.3.1/src/rp2_common/pico_runtime_init/runtime_init.c.o
                0x10001a5c                runtime_init_spin_locks_reset
 .text.runtime_init_install_ram_vector_table
                0x10001a60       0x64 CMakeFiles/SE1_P5_Eq3_1.dir/Users/anarojas/.pico-sdk/sdk/2.3.1/src/rp2_common/pico_runtime_init/runtime_init.c.o
                0x10001a60                runtime_init_install_ram_vector_table
 .text.runtime_init_clocks
                0x10001ac4       0xdc CMakeFiles/SE1_P5_Eq3_1.dir/Users/anarojas/.pico-sdk/sdk/2.3.1/src/rp2_common/pico_runtime_init/runtime_init_clocks.c.o
                0x10001ac4                runtime_init_clocks
 .text.__rp2350_dcp_engaged_state_save_restore
                0x10001ba0       0x3a CMakeFiles/SE1_P5_Eq3_1.dir/Users/anarojas/.pico-sdk/sdk/2.3.1/src/rp2_common/pico_double/double_aeabi_dcp.S.o
 *fill*         0x10001bda        0x2 
 .text.__wrap___aeabi_dadd
                0x10001bdc       0x28 CMakeFiles/SE1_P5_Eq3_1.dir/Users/anarojas/.pico-sdk/sdk/2.3.1/src/rp2_common/pico_double/double_aeabi_dcp.S.o
                0x10001be4                __wrap___aeabi_dadd
 .text.__wrap___aeabi_dsub
                0x10001c04       0x28 CMakeFiles/SE1_P5_Eq3_1.dir/Users/anarojas/.pico-sdk/sdk/2.3.1/src/rp2_common/pico_double/double_aeabi_dcp.S.o
                0x10001c0c                __wrap___aeabi_dsub
 .text.__wrap___aeabi_dmul
                0x10001c2c       0x48 CMakeFiles/SE1_P5_Eq3_1.dir/Users/anarojas/.pico-sdk/sdk/2.3.1/src/rp2_common/pico_double/double_aeabi_dcp.S.o
                0x10001c34                __wrap___aeabi_dmul
 .text.__wrap___aeabi_ddiv
                0x10001c74       0x9c CMakeFiles/SE1_P5_Eq3_1.dir/Users/anarojas/.pico-sdk/sdk/2.3.1/src/rp2_common/pico_double/double_aeabi_dcp.S.o
                0x10001c7c                __wrap___aeabi_ddiv
 .text.__wrap___aeabi_i2d
                0x10001d10       0x24 CMakeFiles/SE1_P5_Eq3_1.dir/Users/anarojas/.pico-sdk/sdk/2.3.1/src/rp2_common/pico_double/double_aeabi_dcp.S.o
                0x10001d18                __wrap___aeabi_i2d
                0x10001d18                int2double
 .text.__wrap___aeabi_ui2d
                0x10001d34       0x24 CMakeFiles/SE1_P5_Eq3_1.dir/Users/anarojas/.pico-sdk/sdk/2.3.1/src/rp2_common/pico_double/double_aeabi_dcp.S.o
                0x10001d3c                __wrap___aeabi_ui2d
                0x10001d3c                uint2double
 .text.__wrap___aeabi_d2iz
                0x10001d58       0x24 CMakeFiles/SE1_P5_Eq3_1.dir/Users/anarojas/.pico-sdk/sdk/2.3.1/src/rp2_common/pico_double/double_aeabi_dcp.S.o
                0x10001d60                __wrap___aeabi_d2iz
                0x10001d60                double2int_z
 .text.__wrap___aeabi_d2uiz
                0x10001d7c       0x24 CMakeFiles/SE1_P5_Eq3_1.dir/Users/anarojas/.pico-sdk/sdk/2.3.1/src/rp2_common/pico_double/double_aeabi_dcp.S.o
                0x10001d84                double2uint_z
                0x10001d84                double2uint
                0x10001d84                __wrap___aeabi_d2uiz
 .text.__wrap___aeabi_dcmpun
                0x10001da0       0x24 CMakeFiles/SE1_P5_Eq3_1.dir/Users/anarojas/.pico-sdk/sdk/2.3.1/src/rp2_common/pico_double/double_aeabi_dcp.S.o
                0x10001da8                __wrap___aeabi_dcmpun
 .text.__wrap___aeabi_dcmplt
                0x10001dc4       0x28 CMakeFiles/SE1_P5_Eq3_1.dir/Users/anarojas/.pico-sdk/sdk/2.3.1/src/rp2_common/pico_double/double_aeabi_dcp.S.o
                0x10001dcc                __wrap___aeabi_dcmplt
 .text.__wrap___aeabi_dcmpge
                0x10001dec       0x28 CMakeFiles/SE1_P5_Eq3_1.dir/Users/anarojas/.pico-sdk/sdk/2.3.1/src/rp2_common/pico_double/double_aeabi_dcp.S.o
                0x10001df4                __wrap___aeabi_dcmpge
 .text.__wrap___aeabi_dcmpgt
                0x10001e14       0x28 CMakeFiles/SE1_P5_Eq3_1.dir/Users/anarojas/.pico-sdk/sdk/2.3.1/src/rp2_common/pico_double/double_aeabi_dcp.S.o
                0x10001e1c                __wrap___aeabi_dcmpgt
 .text.__wrap_conv_tof
                0x10001e3c      0x1d0 CMakeFiles/SE1_P5_Eq3_1.dir/Users/anarojas/.pico-sdk/sdk/2.3.1/src/rp2_common/pico_float/float_common_m33.S.o
                0x10001e3c                __wrap___aeabi_l2f
                0x10001e3c                int642float
                0x10001e3e                fix642float
                0x10001ecc                fix2float
                0x10001f36                ufix2float
                0x10001f92                uint642float
                0x10001f92                __wrap___aeabi_ul2f
                0x10001f94                ufix642float
 .text._out_null
                0x1000200c        0x4 CMakeFiles/SE1_P5_Eq3_1.dir/Users/anarojas/.pico-sdk/sdk/2.3.1/src/rp2_common/pico_printf/printf.c.o
 .text._out_rev
                0x10002010       0x9c CMakeFiles/SE1_P5_Eq3_1.dir/Users/anarojas/.pico-sdk/sdk/2.3.1/src/rp2_common/pico_printf/printf.c.o
 .text._ntoa_format
                0x100020ac      0x2a4 CMakeFiles/SE1_P5_Eq3_1.dir/Users/anarojas/.pico-sdk/sdk/2.3.1/src/rp2_common/pico_printf/printf.c.o
 .text._out_char
                0x10002350        0x8 CMakeFiles/SE1_P5_Eq3_1.dir/Users/anarojas/.pico-sdk/sdk/2.3.1/src/rp2_common/pico_printf/printf.c.o
 .text._out_fct
                0x10002358        0xc CMakeFiles/SE1_P5_Eq3_1.dir/Users/anarojas/.pico-sdk/sdk/2.3.1/src/rp2_common/pico_printf/printf.c.o
 *fill*         0x10002364        0x4 
 .text._etoa    0x10002368      0x460 CMakeFiles/SE1_P5_Eq3_1.dir/Users/anarojas/.pico-sdk/sdk/2.3.1/src/rp2_common/pico_printf/printf.c.o
 .text._ftoa    0x100027c8      0x3f4 CMakeFiles/SE1_P5_Eq3_1.dir/Users/anarojas/.pico-sdk/sdk/2.3.1/src/rp2_common/pico_printf/printf.c.o
 .text._vsnprintf
                0x10002bbc      0x9e8 CMakeFiles/SE1_P5_Eq3_1.dir/Users/anarojas/.pico-sdk/sdk/2.3.1/src/rp2_common/pico_printf/printf.c.o
 .text.vfctprintf
                0x100035a4       0x28 CMakeFiles/SE1_P5_Eq3_1.dir/Users/anarojas/.pico-sdk/sdk/2.3.1/src/rp2_common/pico_printf/printf.c.o
                0x100035a4                vfctprintf
 .text.weak_raw_vprintf
                0x100035cc       0x30 CMakeFiles/SE1_P5_Eq3_1.dir/Users/anarojas/.pico-sdk/sdk/2.3.1/src/rp2_common/pico_printf/printf.c.o
                0x100035cc                weak_raw_vprintf
 .text._exit    0x100035fc        0x4 CMakeFiles/SE1_P5_Eq3_1.dir/Users/anarojas/.pico-sdk/sdk/2.3.1/src/rp2_common/pico_clib_interface/newlib_interface.c.o
                0x100035fc                _exit
 .text._fini    0x10003600        0x4 CMakeFiles/SE1_P5_Eq3_1.dir/Users/anarojas/.pico-sdk/sdk/2.3.1/src/rp2_common/pico_clib_interface/newlib_interface.c.o
                0x10003600                _fini
 .text.exit     0x10003604        0x8 CMakeFiles/SE1_P5_Eq3_1.dir/Users/anarojas/.pico-sdk/sdk/2.3.1/src/rp2_common/pico_clib_interface/newlib_interface.c.o
                0x10003604                exit
 .text.runtime_init
                0x1000360c       0x24 CMakeFiles/SE1_P5_Eq3_1.dir/Users/anarojas/.pico-sdk/sdk/2.3.1/src/rp2_common/pico_clib_interface/newlib_interface.c.o
                0x1000360c                runtime_init
 .text.stdio_out_chars_no_crlf
                0x10003630        0x8 CMakeFiles/SE1_P5_Eq3_1.dir/Users/anarojas/.pico-sdk/sdk/2.3.1/src/rp2_common/pico_stdio/stdio.c.o
 .text.stdio_out_chars_crlf
                0x10003638       0xac CMakeFiles/SE1_P5_Eq3_1.dir/Users/anarojas/.pico-sdk/sdk/2.3.1/src/rp2_common/pico_stdio/stdio.c.o
 .text.stdio_buffered_printer
                0x100036e4       0x50 CMakeFiles/SE1_P5_Eq3_1.dir/Users/anarojas/.pico-sdk/sdk/2.3.1/src/rp2_common/pico_stdio/stdio.c.o
 .text.stdio_put_string
                0x10003734       0xf0 CMakeFiles/SE1_P5_Eq3_1.dir/Users/anarojas/.pico-sdk/sdk/2.3.1/src/rp2_common/pico_stdio/stdio.c.o
                0x10003734                stdio_put_string
 .text.stdio_set_driver_enabled
                0x10003824       0x30 CMakeFiles/SE1_P5_Eq3_1.dir/Users/anarojas/.pico-sdk/sdk/2.3.1/src/rp2_common/pico_stdio/stdio.c.o
                0x10003824                stdio_set_driver_enabled
 .text.stdio_init_all
                0x10003854        0x4 CMakeFiles/SE1_P5_Eq3_1.dir/Users/anarojas/.pico-sdk/sdk/2.3.1/src/rp2_common/pico_stdio/stdio.c.o
                0x10003854                stdio_init_all
 .text.__wrap_putchar
                0x10003858       0x84 CMakeFiles/SE1_P5_Eq3_1.dir/Users/anarojas/.pico-sdk/sdk/2.3.1/src/rp2_common/pico_stdio/stdio.c.o
                0x10003858                stdio_putchar
                0x10003858                __wrap_putchar
 .text.__wrap_puts
                0x100038dc       0x3c CMakeFiles/SE1_P5_Eq3_1.dir/Users/anarojas/.pico-sdk/sdk/2.3.1/src/rp2_common/pico_stdio/stdio.c.o
                0x100038dc                __wrap_puts
                0x100038dc                stdio_puts
 .text.__wrap_vprintf
                0x10003918       0xc8 CMakeFiles/SE1_P5_Eq3_1.dir/Users/anarojas/.pico-sdk/sdk/2.3.1/src/rp2_common/pico_stdio/stdio.c.o
                0x10003918                __wrap_vprintf
                0x10003918                stdio_vprintf
 .text.__wrap_printf
                0x100039e0       0x1c CMakeFiles/SE1_P5_Eq3_1.dir/Users/anarojas/.pico-sdk/sdk/2.3.1/src/rp2_common/pico_stdio/stdio.c.o
                0x100039e0                stdio_printf
                0x100039e0                __wrap_printf
 .text.stdio_usb_set_chars_available_callback
                0x100039fc       0x14 CMakeFiles/SE1_P5_Eq3_1.dir/Users/anarojas/.pico-sdk/sdk/2.3.1/src/rp2_common/pico_stdio_usb/stdio_usb.c.o
                0x100039fc                stdio_usb_set_chars_available_callback
 .text.timer_task
                0x10003a10       0x70 CMakeFiles/SE1_P5_Eq3_1.dir/Users/anarojas/.pico-sdk/sdk/2.3.1/src/rp2_common/pico_stdio_usb/stdio_usb.c.o
 .text.usb_irq  0x10003a80        0xc CMakeFiles/SE1_P5_Eq3_1.dir/Users/anarojas/.pico-sdk/sdk/2.3.1/src/rp2_common/pico_stdio_usb/stdio_usb.c.o
 .text.stdio_usb_in_chars
                0x10003a8c       0x88 CMakeFiles/SE1_P5_Eq3_1.dir/Users/anarojas/.pico-sdk/sdk/2.3.1/src/rp2_common/pico_stdio_usb/stdio_usb.c.o
                0x10003a8c                stdio_usb_in_chars
 .text.stdio_usb_out_flush
                0x10003b14       0x54 CMakeFiles/SE1_P5_Eq3_1.dir/Users/anarojas/.pico-sdk/sdk/2.3.1/src/rp2_common/pico_stdio_usb/stdio_usb.c.o
 .text.stdio_usb_out_chars
                0x10003b68       0xf4 CMakeFiles/SE1_P5_Eq3_1.dir/Users/anarojas/.pico-sdk/sdk/2.3.1/src/rp2_common/pico_stdio_usb/stdio_usb.c.o
 .text.low_priority_worker_irq
                0x10003c5c       0xd8 CMakeFiles/SE1_P5_Eq3_1.dir/Users/anarojas/.pico-sdk/sdk/2.3.1/src/rp2_common/pico_stdio_usb/stdio_usb.c.o
 .text.stdio_usb_init
                0x10003d34       0xe8 CMakeFiles/SE1_P5_Eq3_1.dir/Users/anarojas/.pico-sdk/sdk/2.3.1/src/rp2_common/pico_stdio_usb/stdio_usb.c.o
                0x10003d34                stdio_usb_init
 .text.tud_descriptor_device_cb
                0x10003e1c        0x8 CMakeFiles/SE1_P5_Eq3_1.dir/Users/anarojas/.pico-sdk/sdk/2.3.1/src/rp2_common/pico_stdio_usb/stdio_usb_descriptors.c.o
                0x10003e1c                tud_descriptor_device_cb
 .text.tud_descriptor_configuration_cb
                0x10003e24        0x8 CMakeFiles/SE1_P5_Eq3_1.dir/Users/anarojas/.pico-sdk/sdk/2.3.1/src/rp2_common/pico_stdio_usb/stdio_usb_descriptors.c.o
                0x10003e24                tud_descriptor_configuration_cb
 .text.tud_descriptor_string_cb
                0x10003e2c       0x70 CMakeFiles/SE1_P5_Eq3_1.dir/Users/anarojas/.pico-sdk/sdk/2.3.1/src/rp2_common/pico_stdio_usb/stdio_usb_descriptors.c.o
                0x10003e2c                tud_descriptor_string_cb
 .text.startup._retrieve_unique_id_on_boot
                0x10003e9c       0x30 CMakeFiles/SE1_P5_Eq3_1.dir/Users/anarojas/.pico-sdk/sdk/2.3.1/src/rp2_common/pico_unique_id/unique_id.c.o
 .text.pico_get_unique_board_id_string
                0x10003ecc      0x184 CMakeFiles/SE1_P5_Eq3_1.dir/Users/anarojas/.pico-sdk/sdk/2.3.1/src/rp2_common/pico_unique_id/unique_id.c.o
                0x10003ecc                pico_get_unique_board_id_string
 .text.usb_reset_interface_init
                0x10004050        0x4 CMakeFiles/SE1_P5_Eq3_1.dir/Users/anarojas/.pico-sdk/sdk/2.3.1/src/rp2_common/pico_usb_reset/usb_reset.c.o
                0x10004050                usb_reset_interface_init
 .text.usb_reset_interface_reset
                0x10004054        0xc CMakeFiles/SE1_P5_Eq3_1.dir/Users/anarojas/.pico-sdk/sdk/2.3.1/src/rp2_common/pico_usb_reset/usb_reset.c.o
                0x10004054                usb_reset_interface_reset
 .text.usb_reset_interface_open
                0x10004060       0x28 CMakeFiles/SE1_P5_Eq3_1.dir/Users/anarojas/.pico-sdk/sdk/2.3.1/src/rp2_common/pico_usb_reset/usb_reset.c.o
                0x10004060                usb_reset_interface_open
 .text.usb_reset_interface_xfer_cb
                0x10004088        0x4 CMakeFiles/SE1_P5_Eq3_1.dir/Users/anarojas/.pico-sdk/sdk/2.3.1/src/rp2_common/pico_usb_reset/usb_reset.c.o
                0x10004088                usb_reset_interface_xfer_cb
 .text.usb_reset_interface_control_xfer_cb
                0x1000408c       0x50 CMakeFiles/SE1_P5_Eq3_1.dir/Users/anarojas/.pico-sdk/sdk/2.3.1/src/rp2_common/pico_usb_reset/usb_reset.c.o
                0x1000408c                usb_reset_interface_control_xfer_cb
 .text.tud_descriptor_bos_cb
                0x100040dc        0x8 CMakeFiles/SE1_P5_Eq3_1.dir/Users/anarojas/.pico-sdk/sdk/2.3.1/src/rp2_common/pico_usb_reset/usb_reset.c.o
                0x100040dc                tud_descriptor_bos_cb
 .text.tud_vendor_control_xfer_cb
                0x100040e4       0x28 CMakeFiles/SE1_P5_Eq3_1.dir/Users/anarojas/.pico-sdk/sdk/2.3.1/src/rp2_common/pico_usb_reset/usb_reset.c.o
                0x100040e4                tud_vendor_control_xfer_cb
 .text.usbd_app_driver_get_cb
                0x1000410c       0x10 CMakeFiles/SE1_P5_Eq3_1.dir/Users/anarojas/.pico-sdk/sdk/2.3.1/src/rp2_common/pico_usb_reset/usb_reset.c.o
                0x1000410c                usbd_app_driver_get_cb
 .text.tud_cdc_line_coding_cb
                0x1000411c       0x18 CMakeFiles/SE1_P5_Eq3_1.dir/Users/anarojas/.pico-sdk/sdk/2.3.1/src/rp2_common/pico_usb_reset/usb_reset.c.o
                0x1000411c                tud_cdc_line_coding_cb
 .text.dcd_init
                0x10004134       0x90 CMakeFiles/SE1_P5_Eq3_1.dir/Users/anarojas/.pico-sdk/sdk/2.3.1/lib/tinyusb/src/portable/raspberrypi/rp2040/dcd_rp2040.c.o
                0x10004134                dcd_init
 .text.dcd_int_enable
                0x100041c4        0x8 CMakeFiles/SE1_P5_Eq3_1.dir/Users/anarojas/.pico-sdk/sdk/2.3.1/lib/tinyusb/src/portable/raspberrypi/rp2040/dcd_rp2040.c.o
                0x100041c4                dcd_int_enable
 .text.dcd_set_address
                0x100041cc       0x10 CMakeFiles/SE1_P5_Eq3_1.dir/Users/anarojas/.pico-sdk/sdk/2.3.1/lib/tinyusb/src/portable/raspberrypi/rp2040/dcd_rp2040.c.o
                0x100041cc                dcd_set_address
 .text.dcd_sof_enable
                0x100041dc       0x1c CMakeFiles/SE1_P5_Eq3_1.dir/Users/anarojas/.pico-sdk/sdk/2.3.1/lib/tinyusb/src/portable/raspberrypi/rp2040/dcd_rp2040.c.o
                0x100041dc                dcd_sof_enable
 .text.dcd_edpt0_status_complete
                0x100041f8       0x1c CMakeFiles/SE1_P5_Eq3_1.dir/Users/anarojas/.pico-sdk/sdk/2.3.1/lib/tinyusb/src/portable/raspberrypi/rp2040/dcd_rp2040.c.o
                0x100041f8                dcd_edpt0_status_complete
 .text.dcd_edpt_open
                0x10004214       0xfc CMakeFiles/SE1_P5_Eq3_1.dir/Users/anarojas/.pico-sdk/sdk/2.3.1/lib/tinyusb/src/portable/raspberrypi/rp2040/dcd_rp2040.c.o
                0x10004214                dcd_edpt_open
 .text.dcd_edpt_close_all
                0x10004310        0x4 CMakeFiles/SE1_P5_Eq3_1.dir/Users/anarojas/.pico-sdk/sdk/2.3.1/lib/tinyusb/src/portable/raspberrypi/rp2040/dcd_rp2040.c.o
                0x10004310                dcd_edpt_close_all
 .text.dcd_edpt_xfer
                0x10004314       0x28 CMakeFiles/SE1_P5_Eq3_1.dir/Users/anarojas/.pico-sdk/sdk/2.3.1/lib/tinyusb/src/portable/raspberrypi/rp2040/dcd_rp2040.c.o
                0x10004314                dcd_edpt_xfer
 .text.dcd_edpt_stall
                0x1000433c       0x2c CMakeFiles/SE1_P5_Eq3_1.dir/Users/anarojas/.pico-sdk/sdk/2.3.1/lib/tinyusb/src/portable/raspberrypi/rp2040/dcd_rp2040.c.o
                0x1000433c                dcd_edpt_stall
 .text.dcd_edpt_clear_stall
                0x10004368       0x2c CMakeFiles/SE1_P5_Eq3_1.dir/Users/anarojas/.pico-sdk/sdk/2.3.1/lib/tinyusb/src/portable/raspberrypi/rp2040/dcd_rp2040.c.o
                0x10004368                dcd_edpt_clear_stall
 .text.rp2040_usb_init
                0x10004394       0x40 CMakeFiles/SE1_P5_Eq3_1.dir/Users/anarojas/.pico-sdk/sdk/2.3.1/lib/tinyusb/src/portable/raspberrypi/rp2040/rp2040_usb.c.o
                0x10004394                rp2040_usb_init
 .text.hw_endpoint_xfer_start
                0x100043d4       0x40 CMakeFiles/SE1_P5_Eq3_1.dir/Users/anarojas/.pico-sdk/sdk/2.3.1/lib/tinyusb/src/portable/raspberrypi/rp2040/rp2040_usb.c.o
                0x100043d4                hw_endpoint_xfer_start
 .text.configuration_reset
                0x10004414       0x8c CMakeFiles/SE1_P5_Eq3_1.dir/Users/anarojas/.pico-sdk/sdk/2.3.1/lib/tinyusb/src/device/usbd.c.o
 .text.tud_event_hook_cb
                0x100044a0        0x4 CMakeFiles/SE1_P5_Eq3_1.dir/Users/anarojas/.pico-sdk/sdk/2.3.1/lib/tinyusb/src/device/usbd.c.o
                0x100044a0                tud_event_hook_cb
 .text.tud_sof_cb
                0x100044a4        0x4 CMakeFiles/SE1_P5_Eq3_1.dir/Users/anarojas/.pico-sdk/sdk/2.3.1/lib/tinyusb/src/device/usbd.c.o
                0x100044a4                tud_sof_cb
 .text.tud_descriptor_device_qualifier_cb
                0x100044a8        0x4 CMakeFiles/SE1_P5_Eq3_1.dir/Users/anarojas/.pico-sdk/sdk/2.3.1/lib/tinyusb/src/device/usbd.c.o
                0x100044a8                tud_descriptor_device_qualifier_cb
 .text.tud_descriptor_other_speed_configuration_cb
                0x100044ac        0x4 CMakeFiles/SE1_P5_Eq3_1.dir/Users/anarojas/.pico-sdk/sdk/2.3.1/lib/tinyusb/src/device/usbd.c.o
                0x100044ac                tud_descriptor_other_speed_configuration_cb
 .text.tud_mount_cb
                0x100044b0        0x4 CMakeFiles/SE1_P5_Eq3_1.dir/Users/anarojas/.pico-sdk/sdk/2.3.1/lib/tinyusb/src/device/usbd.c.o
                0x100044b0                tud_mount_cb
 .text.tud_umount_cb
                0x100044b4        0x4 CMakeFiles/SE1_P5_Eq3_1.dir/Users/anarojas/.pico-sdk/sdk/2.3.1/lib/tinyusb/src/device/usbd.c.o
                0x100044b4                tud_umount_cb
 .text.tud_suspend_cb
                0x100044b8        0x4 CMakeFiles/SE1_P5_Eq3_1.dir/Users/anarojas/.pico-sdk/sdk/2.3.1/lib/tinyusb/src/device/usbd.c.o
                0x100044b8                tud_suspend_cb
 .text.tud_resume_cb
                0x100044bc        0x4 CMakeFiles/SE1_P5_Eq3_1.dir/Users/anarojas/.pico-sdk/sdk/2.3.1/lib/tinyusb/src/device/usbd.c.o
                0x100044bc                tud_resume_cb
 .text.tud_mounted
                0x100044c0       0x10 CMakeFiles/SE1_P5_Eq3_1.dir/Users/anarojas/.pico-sdk/sdk/2.3.1/lib/tinyusb/src/device/usbd.c.o
                0x100044c0                tud_mounted
 .text.tud_suspended
                0x100044d0       0x10 CMakeFiles/SE1_P5_Eq3_1.dir/Users/anarojas/.pico-sdk/sdk/2.3.1/lib/tinyusb/src/device/usbd.c.o
                0x100044d0                tud_suspended
 .text.tud_rhport_init
                0x100044e0       0xf8 CMakeFiles/SE1_P5_Eq3_1.dir/Users/anarojas/.pico-sdk/sdk/2.3.1/lib/tinyusb/src/device/usbd.c.o
                0x100044e0                tud_rhport_init
 .text.tud_task_ext
                0x100045d8      0x760 CMakeFiles/SE1_P5_Eq3_1.dir/Users/anarojas/.pico-sdk/sdk/2.3.1/lib/tinyusb/src/device/usbd.c.o
                0x100045d8                tud_task_ext
 .text.usbd_open_edpt_pair
                0x10004d38       0x9c CMakeFiles/SE1_P5_Eq3_1.dir/Users/anarojas/.pico-sdk/sdk/2.3.1/lib/tinyusb/src/device/usbd.c.o
                0x10004d38                usbd_open_edpt_pair
 .text.usbd_edpt_open
                0x10004dd4       0x44 CMakeFiles/SE1_P5_Eq3_1.dir/Users/anarojas/.pico-sdk/sdk/2.3.1/lib/tinyusb/src/device/usbd.c.o
                0x10004dd4                usbd_edpt_open
 .text.usbd_edpt_claim
                0x10004e18       0x24 CMakeFiles/SE1_P5_Eq3_1.dir/Users/anarojas/.pico-sdk/sdk/2.3.1/lib/tinyusb/src/device/usbd.c.o
                0x10004e18                usbd_edpt_claim
 .text.usbd_edpt_release
                0x10004e3c       0x24 CMakeFiles/SE1_P5_Eq3_1.dir/Users/anarojas/.pico-sdk/sdk/2.3.1/lib/tinyusb/src/device/usbd.c.o
                0x10004e3c                usbd_edpt_release
 .text.usbd_edpt_xfer
                0x10004e60       0x70 CMakeFiles/SE1_P5_Eq3_1.dir/Users/anarojas/.pico-sdk/sdk/2.3.1/lib/tinyusb/src/device/usbd.c.o
                0x10004e60                usbd_edpt_xfer
 .text.tud_control_status
                0x10004ed0       0x34 CMakeFiles/SE1_P5_Eq3_1.dir/Users/anarojas/.pico-sdk/sdk/2.3.1/lib/tinyusb/src/device/usbd_control.c.o
                0x10004ed0                tud_control_status
 .text.tud_control_xfer
                0x10004f04       0xac CMakeFiles/SE1_P5_Eq3_1.dir/Users/anarojas/.pico-sdk/sdk/2.3.1/lib/tinyusb/src/device/usbd_control.c.o
                0x10004f04                tud_control_xfer
 .text.usbd_control_reset
                0x10004fb0       0x14 CMakeFiles/SE1_P5_Eq3_1.dir/Users/anarojas/.pico-sdk/sdk/2.3.1/lib/tinyusb/src/device/usbd_control.c.o
                0x10004fb0                usbd_control_reset
 .text.usbd_control_set_complete_callback
                0x10004fc4        0xc CMakeFiles/SE1_P5_Eq3_1.dir/Users/anarojas/.pico-sdk/sdk/2.3.1/lib/tinyusb/src/device/usbd_control.c.o
                0x10004fc4                usbd_control_set_complete_callback
 .text.usbd_control_set_request
                0x10004fd0       0x1c CMakeFiles/SE1_P5_Eq3_1.dir/Users/anarojas/.pico-sdk/sdk/2.3.1/lib/tinyusb/src/device/usbd_control.c.o
                0x10004fd0                usbd_control_set_request
 .text.usbd_control_xfer_cb
                0x10004fec       0xfc CMakeFiles/SE1_P5_Eq3_1.dir/Users/anarojas/.pico-sdk/sdk/2.3.1/lib/tinyusb/src/device/usbd_control.c.o
                0x10004fec                usbd_control_xfer_cb
 .text._prep_out_transaction.isra.0
                0x100050e8       0x74 CMakeFiles/SE1_P5_Eq3_1.dir/Users/anarojas/.pico-sdk/sdk/2.3.1/lib/tinyusb/src/class/cdc/cdc_device.c.o
 .text.tud_cdc_n_connected
                0x1000515c       0x2c CMakeFiles/SE1_P5_Eq3_1.dir/Users/anarojas/.pico-sdk/sdk/2.3.1/lib/tinyusb/src/class/cdc/cdc_device.c.o
                0x1000515c                tud_cdc_n_connected
 .text.tud_cdc_n_available
                0x10005188       0x18 CMakeFiles/SE1_P5_Eq3_1.dir/Users/anarojas/.pico-sdk/sdk/2.3.1/lib/tinyusb/src/class/cdc/cdc_device.c.o
                0x10005188                tud_cdc_n_available
 .text.tud_cdc_n_read
                0x100051a0       0x8c CMakeFiles/SE1_P5_Eq3_1.dir/Users/anarojas/.pico-sdk/sdk/2.3.1/lib/tinyusb/src/class/cdc/cdc_device.c.o
                0x100051a0                tud_cdc_n_read
 .text.tud_cdc_n_write_flush
                0x1000522c       0x8c CMakeFiles/SE1_P5_Eq3_1.dir/Users/anarojas/.pico-sdk/sdk/2.3.1/lib/tinyusb/src/class/cdc/cdc_device.c.o
                0x1000522c                tud_cdc_n_write_flush
 .text.tud_cdc_n_write
                0x100052b8       0x44 CMakeFiles/SE1_P5_Eq3_1.dir/Users/anarojas/.pico-sdk/sdk/2.3.1/lib/tinyusb/src/class/cdc/cdc_device.c.o
                0x100052b8                tud_cdc_n_write
 .text.tud_cdc_n_write_available
                0x100052fc       0x18 CMakeFiles/SE1_P5_Eq3_1.dir/Users/anarojas/.pico-sdk/sdk/2.3.1/lib/tinyusb/src/class/cdc/cdc_device.c.o
                0x100052fc                tud_cdc_n_write_available
 .text.cdcd_init
                0x10005314       0x70 CMakeFiles/SE1_P5_Eq3_1.dir/Users/anarojas/.pico-sdk/sdk/2.3.1/lib/tinyusb/src/class/cdc/cdc_device.c.o
                0x10005314                cdcd_init
 .text.cdcd_deinit
                0x10005384       0x2c CMakeFiles/SE1_P5_Eq3_1.dir/Users/anarojas/.pico-sdk/sdk/2.3.1/lib/tinyusb/src/class/cdc/cdc_device.c.o
                0x10005384                cdcd_deinit
 .text.cdcd_reset
                0x100053b0       0x4c CMakeFiles/SE1_P5_Eq3_1.dir/Users/anarojas/.pico-sdk/sdk/2.3.1/lib/tinyusb/src/class/cdc/cdc_device.c.o
                0x100053b0                cdcd_reset
 .text.cdcd_open
                0x100053fc       0xbc CMakeFiles/SE1_P5_Eq3_1.dir/Users/anarojas/.pico-sdk/sdk/2.3.1/lib/tinyusb/src/class/cdc/cdc_device.c.o
                0x100053fc                cdcd_open
 .text.cdcd_control_xfer_cb
                0x100054b8       0xc0 CMakeFiles/SE1_P5_Eq3_1.dir/Users/anarojas/.pico-sdk/sdk/2.3.1/lib/tinyusb/src/class/cdc/cdc_device.c.o
                0x100054b8                cdcd_control_xfer_cb
 .text.cdcd_xfer_cb
                0x10005578       0xfc CMakeFiles/SE1_P5_Eq3_1.dir/Users/anarojas/.pico-sdk/sdk/2.3.1/lib/tinyusb/src/class/cdc/cdc_device.c.o
                0x10005578                cdcd_xfer_cb
 .text.tusb_rhport_init
                0x10005674       0x60 CMakeFiles/SE1_P5_Eq3_1.dir/Users/anarojas/.pico-sdk/sdk/2.3.1/lib/tinyusb/src/tusb.c.o
                0x10005674                tusb_rhport_init
 .text.tu_edpt_claim
                0x100056d4       0x54 CMakeFiles/SE1_P5_Eq3_1.dir/Users/anarojas/.pico-sdk/sdk/2.3.1/lib/tinyusb/src/tusb.c.o
                0x100056d4                tu_edpt_claim
 .text.tu_edpt_release
                0x10005728       0x38 CMakeFiles/SE1_P5_Eq3_1.dir/Users/anarojas/.pico-sdk/sdk/2.3.1/lib/tinyusb/src/tusb.c.o
                0x10005728                tu_edpt_release
 .text.tu_edpt_validate
                0x10005760       0x64 CMakeFiles/SE1_P5_Eq3_1.dir/Users/anarojas/.pico-sdk/sdk/2.3.1/lib/tinyusb/src/tusb.c.o
                0x10005760                tu_edpt_validate
 .text.tu_edpt_bind_driver
                0x100057c4       0x58 CMakeFiles/SE1_P5_Eq3_1.dir/Users/anarojas/.pico-sdk/sdk/2.3.1/lib/tinyusb/src/tusb.c.o
                0x100057c4                tu_edpt_bind_driver
 .text.tu_fifo_config
                0x1000581c       0x60 CMakeFiles/SE1_P5_Eq3_1.dir/Users/anarojas/.pico-sdk/sdk/2.3.1/lib/tinyusb/src/common/tusb_fifo.c.o
                0x1000581c                tu_fifo_config
 .text.tu_fifo_count
                0x1000587c       0x20 CMakeFiles/SE1_P5_Eq3_1.dir/Users/anarojas/.pico-sdk/sdk/2.3.1/lib/tinyusb/src/common/tusb_fifo.c.o
                0x1000587c                tu_fifo_count
 .text.tu_fifo_empty
                0x1000589c       0x14 CMakeFiles/SE1_P5_Eq3_1.dir/Users/anarojas/.pico-sdk/sdk/2.3.1/lib/tinyusb/src/common/tusb_fifo.c.o
                0x1000589c                tu_fifo_empty
 .text.tu_fifo_remaining
                0x100058b0       0x24 CMakeFiles/SE1_P5_Eq3_1.dir/Users/anarojas/.pico-sdk/sdk/2.3.1/lib/tinyusb/src/common/tusb_fifo.c.o
                0x100058b0                tu_fifo_remaining
 .text.tu_fifo_read
                0x100058d4       0x94 CMakeFiles/SE1_P5_Eq3_1.dir/Users/anarojas/.pico-sdk/sdk/2.3.1/lib/tinyusb/src/common/tusb_fifo.c.o
                0x100058d4                tu_fifo_read
 .text.tu_fifo_read_n
                0x10005968       0xd8 CMakeFiles/SE1_P5_Eq3_1.dir/Users/anarojas/.pico-sdk/sdk/2.3.1/lib/tinyusb/src/common/tusb_fifo.c.o
                0x10005968                tu_fifo_read_n
 .text.tu_fifo_write
                0x10005a40       0xa0 CMakeFiles/SE1_P5_Eq3_1.dir/Users/anarojas/.pico-sdk/sdk/2.3.1/lib/tinyusb/src/common/tusb_fifo.c.o
                0x10005a40                tu_fifo_write
 .text.tu_fifo_write_n
                0x10005ae0      0x158 CMakeFiles/SE1_P5_Eq3_1.dir/Users/anarojas/.pico-sdk/sdk/2.3.1/lib/tinyusb/src/common/tusb_fifo.c.o
                0x10005ae0                tu_fifo_write_n
 .text.tu_fifo_clear
                0x10005c38       0x38 CMakeFiles/SE1_P5_Eq3_1.dir/Users/anarojas/.pico-sdk/sdk/2.3.1/lib/tinyusb/src/common/tusb_fifo.c.o
                0x10005c38                tu_fifo_clear
 .text.tu_fifo_set_overwritable
                0x10005c70       0x3c CMakeFiles/SE1_P5_Eq3_1.dir/Users/anarojas/.pico-sdk/sdk/2.3.1/lib/tinyusb/src/common/tusb_fifo.c.o
                0x10005c70                tu_fifo_set_overwritable
 .text.memset   0x10005cac       0xa4 /Users/anarojas/.pico-sdk/toolchain/13_2_Rel1/bin/../lib/gcc/arm-none-eabi/13.2.1/../../../../arm-none-eabi/lib/thumb/v8-m.main+fp/softfp/libg.a(libc_a-memset.o)
                0x10005cac                memset
 .text          0x10005d50       0xec /Users/anarojas/.pico-sdk/toolchain/13_2_Rel1/bin/../lib/gcc/arm-none-eabi/13.2.1/../../../../arm-none-eabi/lib/thumb/v8-m.main+fp/softfp/libg.a(libc_a-memcpy.o)
                0x10005d50                memcpy
 .text.strlen   0x10005e3c       0x5c /Users/anarojas/.pico-sdk/toolchain/13_2_Rel1/bin/../lib/gcc/arm-none-eabi/13.2.1/../../../../arm-none-eabi/lib/thumb/v8-m.main+fp/softfp/libg.a(libc_a-strlen-stub.o)
                0x10005e3c                strlen
 .text.strlen.__stub
                0x10005e98       0x58 linker stubs
 *(.fini)
 *crtbegin.o(.ctors)
 *crtbegin?.o(.ctors)
 *(EXCLUDE_FILE(*crtend.o *crtend?.o) .ctors)
 *(SORT_BY_NAME(.ctors.*))
 *(.ctors)
 *crtbegin.o(.dtors)
 *crtbegin?.o(.dtors)
 *(EXCLUDE_FILE(*crtend.o *crtend?.o) .dtors)
 *(SORT_BY_NAME(.dtors.*))
 *(.dtors)
                0x10005ef0                        . = ALIGN (0x4)
                [!provide]                        PROVIDE (__bothinit_array_start = .)
                0x10005ef0                        PROVIDE (__preinit_array_start = .)
 *(SORT_BY_NAME(.preinit_array.*))
 .preinit_array.00050
                0x10005ef0        0x4 CMakeFiles/SE1_P5_Eq3_1.dir/Users/anarojas/.pico-sdk/sdk/2.3.1/src/rp2_common/pico_runtime_init/runtime_init.c.o
                0x10005ef0                __pre_init_runtime_init_bootrom_reset
 .preinit_array.00100
                0x10005ef4        0x4 CMakeFiles/SE1_P5_Eq3_1.dir/Users/anarojas/.pico-sdk/sdk/2.3.1/src/rp2_common/pico_runtime_init/runtime_init.c.o
                0x10005ef4                __pre_init_runtime_init_early_resets
 .preinit_array.00101
                0x10005ef8        0x4 CMakeFiles/SE1_P5_Eq3_1.dir/Users/anarojas/.pico-sdk/sdk/2.3.1/src/rp2_common/pico_runtime_init/runtime_init.c.o
                0x10005ef8                __pre_init_runtime_init_usb_power_down
 .preinit_array.00500
                0x10005efc        0x4 CMakeFiles/SE1_P5_Eq3_1.dir/Users/anarojas/.pico-sdk/sdk/2.3.1/src/rp2_common/pico_runtime_init/runtime_init.c.o
                0x10005efc                __pre_init_runtime_init_clocks
 .preinit_array.00600
                0x10005f00        0x4 CMakeFiles/SE1_P5_Eq3_1.dir/Users/anarojas/.pico-sdk/sdk/2.3.1/src/rp2_common/pico_runtime_init/runtime_init.c.o
                0x10005f00                __pre_init_runtime_init_post_clock_resets
 .preinit_array.01000
                0x10005f04        0x4 CMakeFiles/SE1_P5_Eq3_1.dir/Users/anarojas/.pico-sdk/sdk/2.3.1/src/rp2_common/hardware_boot_lock/boot_lock.c.o
                0x10005f04                __pre_init_runtime_init_boot_locks_reset
 .preinit_array.01000
                0x10005f08        0x4 CMakeFiles/SE1_P5_Eq3_1.dir/Users/anarojas/.pico-sdk/sdk/2.3.1/src/rp2_common/pico_runtime_init/runtime_init.c.o
                0x10005f08                __pre_init_runtime_init_spin_locks_reset
 .preinit_array.01010
                0x10005f0c        0x4 CMakeFiles/SE1_P5_Eq3_1.dir/Users/anarojas/.pico-sdk/sdk/2.3.1/src/rp2_common/pico_bootrom/bootrom_lock.c.o
                0x10005f0c                __pre_init_runtime_init_bootrom_locking_enable
 .preinit_array.01100
                0x10005f10        0x4 CMakeFiles/SE1_P5_Eq3_1.dir/Users/anarojas/.pico-sdk/sdk/2.3.1/src/common/pico_sync/mutex.c.o
                0x10005f10                __pre_init_runtime_init_mutex
 .preinit_array.10080
                0x10005f14        0x4 CMakeFiles/SE1_P5_Eq3_1.dir/Users/anarojas/.pico-sdk/sdk/2.3.1/src/rp2_common/pico_runtime_init/runtime_init.c.o
                0x10005f14                __pre_init_runtime_init_install_ram_vector_table
 .preinit_array.11000
                0x10005f18        0x4 CMakeFiles/SE1_P5_Eq3_1.dir/Users/anarojas/.pico-sdk/sdk/2.3.1/src/common/pico_time/time.c.o
                0x10005f18                __pre_init_runtime_init_default_alarm_pool
 .preinit_array.YYYYY
                0x10005f1c        0x4 CMakeFiles/SE1_P5_Eq3_1.dir/Users/anarojas/.pico-sdk/sdk/2.3.1/src/rp2_common/pico_runtime/runtime.c.o
                0x10005f1c                __pre_init_first_per_core_initializer
 .preinit_array.ZZZZZ.00051
                0x10005f20        0x4 CMakeFiles/SE1_P5_Eq3_1.dir/Users/anarojas/.pico-sdk/sdk/2.3.1/src/rp2_common/pico_runtime_init/runtime_init.c.o
                0x10005f20                __pre_init_runtime_init_per_core_bootrom_reset
 .preinit_array.ZZZZZ.00200
                0x10005f24        0x4 CMakeFiles/SE1_P5_Eq3_1.dir/Users/anarojas/.pico-sdk/sdk/2.3.1/src/rp2_common/pico_runtime_init/runtime_init.c.o
                0x10005f24                __pre_init_runtime_init_per_core_enable_coprocessors
 .preinit_array.ZZZZZ.01000
                0x10005f28        0x4 CMakeFiles/SE1_P5_Eq3_1.dir/Users/anarojas/.pico-sdk/sdk/2.3.1/src/rp2_common/hardware_sync_spin_lock/sync_spin_lock.c.o
                0x10005f28                __pre_init_spinlock_set_extexclall
 .preinit_array.ZZZZZ.01200
                0x10005f2c        0x4 CMakeFiles/SE1_P5_Eq3_1.dir/Users/anarojas/.pico-sdk/sdk/2.3.1/src/rp2_common/hardware_irq/irq.c.o
                0x10005f2c                __pre_init_runtime_init_per_core_irq_priorities
 *(.preinit_array)
                0x10005f30                        PROVIDE (__preinit_array_end = .)
                0x10005f30                        . = ALIGN (0x4)
                0x10005f30                        PROVIDE (__init_array_start = .)
 *(SORT_BY_NAME(.init_array.*))
 .init_array.01000
                0x10005f30        0x4 CMakeFiles/SE1_P5_Eq3_1.dir/Users/anarojas/.pico-sdk/sdk/2.3.1/src/rp2_common/pico_unique_id/unique_id.c.o
 *(.init_array)
                0x10005f34                        PROVIDE (__init_array_end = .)
                [!provide]                        PROVIDE (__bothinit_array_end = .)
                0x10005f34                        . = ALIGN (0x4)
                [!provide]                        PROVIDE (__fini_array_start = .)
 *(SORT_BY_NAME(.fini_array.*))
 *(.fini_array)
                [!provide]                        PROVIDE (__fini_array_end = .)
                [!provide]                        PROVIDE (__dso_handle = 0x0)
 *(.eh_frame*)
                0x10005f34                        . = ALIGN (0x4)

.glue_7         0x10005f34        0x0
 .glue_7        0x10005f34        0x0 linker stubs

.glue_7t        0x10005f34        0x0
 .glue_7t       0x10005f34        0x0 linker stubs

.vfp11_veneer   0x10005f34        0x0
 .vfp11_veneer  0x10005f34        0x0 linker stubs

.v4_bx          0x10005f34        0x0
 .v4_bx         0x10005f34        0x0 linker stubs

.iplt           0x10005f34        0x0
 .iplt          0x10005f34        0x0 CMakeFiles/SE1_P5_Eq3_1.dir/SE1_P5_Eq3_1.c.o

.boot2          0x10005f34        0x0
                0x10005f34                        __boot2_start__ = .
 *(.boot2)
                0x10005f34                        __boot2_end__ = .
                0x00000001                        ASSERT (((__boot2_end__ - __boot2_start__) <= 0x100), ERROR: Pico second stage bootloader must be no more than 256 bytes in size)

.rodata         0x10005f38      0x404
 *(EXCLUDE_FILE(*libm.a: *libgcc.a:) .rodata*)
 .rodata.main.str1.4
                0x10005f38      0x1b4 CMakeFiles/SE1_P5_Eq3_1.dir/SE1_P5_Eq3_1.c.o
                                 0x3d (size before relaxing)
 .rodata.panic.str1.4
                0x100060ec       0x11 CMakeFiles/SE1_P5_Eq3_1.dir/Users/anarojas/.pico-sdk/sdk/2.3.1/src/rp2_common/pico_platform_panic/panic.c.o
 .rodata.spin_lock_claim_unused.str1.4
                0x100060ec       0x1b CMakeFiles/SE1_P5_Eq3_1.dir/Users/anarojas/.pico-sdk/sdk/2.3.1/src/rp2_common/hardware_sync/sync.c.o
 .rodata.user_irq_claim_unused.str1.4
                0x100060ec       0x1b CMakeFiles/SE1_P5_Eq3_1.dir/Users/anarojas/.pico-sdk/sdk/2.3.1/src/rp2_common/hardware_irq/irq.c.o
 .rodata.timer_hardware_alarm_claim.str1.4
                0x100060ec       0x22 CMakeFiles/SE1_P5_Eq3_1.dir/Users/anarojas/.pico-sdk/sdk/2.3.1/src/rp2_common/hardware_timer/timer.c.o
 .rodata.hard_assertion_failure.str1.4
                0x100060ec        0xc CMakeFiles/SE1_P5_Eq3_1.dir/Users/anarojas/.pico-sdk/sdk/2.3.1/src/rp2_common/pico_runtime/runtime.c.o
 .rodata.str1.4
                0x100060ec       0x48 CMakeFiles/SE1_P5_Eq3_1.dir/Users/anarojas/.pico-sdk/sdk/2.3.1/src/rp2_common/pico_standard_binary_info/standard_binary_info.c.o
 .rodata.__bi_84
                0x100060ec        0xc CMakeFiles/SE1_P5_Eq3_1.dir/Users/anarojas/.pico-sdk/sdk/2.3.1/src/rp2_common/pico_standard_binary_info/standard_binary_info.c.o
 .rodata.__bi_78
                0x100060f8        0xc CMakeFiles/SE1_P5_Eq3_1.dir/Users/anarojas/.pico-sdk/sdk/2.3.1/src/rp2_common/pico_standard_binary_info/standard_binary_info.c.o
 .rodata.__bi_60
                0x10006104        0xc CMakeFiles/SE1_P5_Eq3_1.dir/Users/anarojas/.pico-sdk/sdk/2.3.1/src/rp2_common/pico_standard_binary_info/standard_binary_info.c.o
 .rodata.__bi_54
                0x10006110        0xc CMakeFiles/SE1_P5_Eq3_1.dir/Users/anarojas/.pico-sdk/sdk/2.3.1/src/rp2_common/pico_standard_binary_info/standard_binary_info.c.o
 .rodata.__bi_48
                0x1000611c        0xc CMakeFiles/SE1_P5_Eq3_1.dir/Users/anarojas/.pico-sdk/sdk/2.3.1/src/rp2_common/pico_standard_binary_info/standard_binary_info.c.o
 .rodata.__bi_42
                0x10006128        0xc CMakeFiles/SE1_P5_Eq3_1.dir/Users/anarojas/.pico-sdk/sdk/2.3.1/src/rp2_common/pico_standard_binary_info/standard_binary_info.c.o
 .rodata.__bi_34
                0x10006134        0xc CMakeFiles/SE1_P5_Eq3_1.dir/Users/anarojas/.pico-sdk/sdk/2.3.1/src/rp2_common/pico_standard_binary_info/standard_binary_info.c.o
 .rodata.__bi_26
                0x10006140        0xc CMakeFiles/SE1_P5_Eq3_1.dir/Users/anarojas/.pico-sdk/sdk/2.3.1/src/rp2_common/pico_standard_binary_info/standard_binary_info.c.o
 .rodata._ftoa.str1.4
                0x1000614c       0x15 CMakeFiles/SE1_P5_Eq3_1.dir/Users/anarojas/.pico-sdk/sdk/2.3.1/src/rp2_common/pico_printf/printf.c.o
 *fill*         0x1000614c        0x4 
 .rodata.pow10.0
                0x10006150       0x50 CMakeFiles/SE1_P5_Eq3_1.dir/Users/anarojas/.pico-sdk/sdk/2.3.1/src/rp2_common/pico_printf/printf.c.o
 .rodata.crlf_str.0
                0x100061a0        0x2 CMakeFiles/SE1_P5_Eq3_1.dir/Users/anarojas/.pico-sdk/sdk/2.3.1/src/rp2_common/pico_stdio/stdio.c.o
 .rodata.str1.4
                0x100061a2       0x13 CMakeFiles/SE1_P5_Eq3_1.dir/Users/anarojas/.pico-sdk/sdk/2.3.1/src/rp2_common/pico_stdio_usb/stdio_usb.c.o
 *fill*         0x100061a2        0x2 
 .rodata.__bi_204.0
                0x100061a4        0xc CMakeFiles/SE1_P5_Eq3_1.dir/Users/anarojas/.pico-sdk/sdk/2.3.1/src/rp2_common/pico_stdio_usb/stdio_usb.c.o
 .rodata.str1.4
                0x100061b0       0x2a CMakeFiles/SE1_P5_Eq3_1.dir/Users/anarojas/.pico-sdk/sdk/2.3.1/src/rp2_common/pico_stdio_usb/stdio_usb_descriptors.c.o
 .rodata.usbd_desc_str
                0x100061b0       0x18 CMakeFiles/SE1_P5_Eq3_1.dir/Users/anarojas/.pico-sdk/sdk/2.3.1/src/rp2_common/pico_stdio_usb/stdio_usb_descriptors.c.o
 .rodata.usbd_desc_cfg
                0x100061c8       0x54 CMakeFiles/SE1_P5_Eq3_1.dir/Users/anarojas/.pico-sdk/sdk/2.3.1/src/rp2_common/pico_stdio_usb/stdio_usb_descriptors.c.o
 .rodata.usbd_desc_device
                0x1000621c       0x12 CMakeFiles/SE1_P5_Eq3_1.dir/Users/anarojas/.pico-sdk/sdk/2.3.1/src/rp2_common/pico_stdio_usb/stdio_usb_descriptors.c.o
 *fill*         0x1000622e        0x2 
 .rodata.desc_ms_os_20
                0x10006230       0xa6 CMakeFiles/SE1_P5_Eq3_1.dir/Users/anarojas/.pico-sdk/sdk/2.3.1/src/rp2_common/pico_usb_reset/usb_reset.c.o
 *fill*         0x100062d6        0x2 
 .rodata.desc_bos
                0x100062d8       0x21 CMakeFiles/SE1_P5_Eq3_1.dir/Users/anarojas/.pico-sdk/sdk/2.3.1/src/rp2_common/pico_usb_reset/usb_reset.c.o
                0x100062d8                desc_bos
 *fill*         0x100062f9        0x3 
 .rodata.usb_reset_interface_driver
                0x100062fc       0x20 CMakeFiles/SE1_P5_Eq3_1.dir/Users/anarojas/.pico-sdk/sdk/2.3.1/src/rp2_common/pico_usb_reset/usb_reset.c.o
 .rodata.str1.4
                0x1000631c       0x14 CMakeFiles/SE1_P5_Eq3_1.dir/Users/anarojas/.pico-sdk/sdk/2.3.1/lib/tinyusb/src/portable/raspberrypi/rp2040/dcd_rp2040.c.o
 .rodata.str1.4
                0x1000631c       0x48 CMakeFiles/SE1_P5_Eq3_1.dir/Users/anarojas/.pico-sdk/sdk/2.3.1/lib/tinyusb/src/portable/raspberrypi/rp2040/rp2040_usb.c.o
 .rodata._usbd_driver
                0x1000631c       0x20 CMakeFiles/SE1_P5_Eq3_1.dir/Users/anarojas/.pico-sdk/sdk/2.3.1/lib/tinyusb/src/device/usbd.c.o
 *(.srodata*)
                0x10006364                        . = ALIGN (0x4)
 *(SORT_BY_ALIGNMENT(SORT_BY_NAME(.flashdata*)))
                0x10006364                        . = ALIGN (0x4)

.ARM.extab
 *(.ARM.extab* .gnu.linkonce.armextab.*)
                0x1000633c                        __exidx_start = .

.ARM.exidx      0x1000633c        0x8
 *(.ARM.exidx* .gnu.linkonce.armexidx.*)
 .ARM.exidx     0x1000633c        0x8 /Users/anarojas/.pico-sdk/toolchain/13_2_Rel1/bin/../lib/gcc/arm-none-eabi/13.2.1/../../../../arm-none-eabi/lib/thumb/v8-m.main+fp/softfp/libg.a(libc_a-memcpy.o)
 .ARM.exidx.text.__udivmoddi4
                0x10006344        0x0 /Users/anarojas/.pico-sdk/toolchain/13_2_Rel1/bin/../lib/gcc/arm-none-eabi/13.2.1/thumb/v8-m.main+fp/softfp/libgcc.a(_udivmoddi4.o)
                                  0x8 (size before relaxing)
                0x10006344                        __exidx_end = .
                0x10006344                        . = ALIGN (0x4)
                0x10006344                        __binary_info_start = .

.binary_info    0x10006344       0x24
 *(.binary_info.keep.*)
 .binary_info.keep.__bi_ptr84
                0x10006344        0x4 CMakeFiles/SE1_P5_Eq3_1.dir/Users/anarojas/.pico-sdk/sdk/2.3.1/src/rp2_common/pico_standard_binary_info/standard_binary_info.c.o
 .binary_info.keep.__bi_ptr78
                0x10006348        0x4 CMakeFiles/SE1_P5_Eq3_1.dir/Users/anarojas/.pico-sdk/sdk/2.3.1/src/rp2_common/pico_standard_binary_info/standard_binary_info.c.o
 .binary_info.keep.__bi_ptr60
                0x1000634c        0x4 CMakeFiles/SE1_P5_Eq3_1.dir/Users/anarojas/.pico-sdk/sdk/2.3.1/src/rp2_common/pico_standard_binary_info/standard_binary_info.c.o
 .binary_info.keep.__bi_ptr54
                0x10006350        0x4 CMakeFiles/SE1_P5_Eq3_1.dir/Users/anarojas/.pico-sdk/sdk/2.3.1/src/rp2_common/pico_standard_binary_info/standard_binary_info.c.o
 .binary_info.keep.__bi_ptr48
                0x10006354        0x4 CMakeFiles/SE1_P5_Eq3_1.dir/Users/anarojas/.pico-sdk/sdk/2.3.1/src/rp2_common/pico_standard_binary_info/standard_binary_info.c.o
 .binary_info.keep.__bi_ptr42
                0x10006358        0x4 CMakeFiles/SE1_P5_Eq3_1.dir/Users/anarojas/.pico-sdk/sdk/2.3.1/src/rp2_common/pico_standard_binary_info/standard_binary_info.c.o
 .binary_info.keep.__bi_ptr34
                0x1000635c        0x4 CMakeFiles/SE1_P5_Eq3_1.dir/Users/anarojas/.pico-sdk/sdk/2.3.1/src/rp2_common/pico_standard_binary_info/standard_binary_info.c.o
 .binary_info.keep.__bi_ptr26
                0x10006360        0x4 CMakeFiles/SE1_P5_Eq3_1.dir/Users/anarojas/.pico-sdk/sdk/2.3.1/src/rp2_common/pico_standard_binary_info/standard_binary_info.c.o
 *(.binary_info.*)
 .binary_info.__bi_ptr204
                0x10006364        0x4 CMakeFiles/SE1_P5_Eq3_1.dir/Users/anarojas/.pico-sdk/sdk/2.3.1/src/rp2_common/pico_stdio_usb/stdio_usb.c.o
                0x10006368                        __binary_info_end = .
                0x10006368                        . = ALIGN (0x4)

.psram_load     0x11000000        0x0 load address 0x10006368
                0x11000000                        __psram_start__ = .
                0x11000000                        __psram_load_start__ = .
 *(SORT_BY_NAME(.psram_initialised.*))
                0x11000000                        . = ALIGN (0x4)
                0x11000000                        __psram_load_end__ = .
                0x10006368                        __psram_load_source__ = LOADADDR (.psram_load)

.psram_noload   0x11000000        0x0 load address 0x10006368
 *(SORT_BY_NAME(.psram_uninitialised.*))
                0x11000000                        . = ALIGN (0x4)
                0x11000000                        __psram_end__ = .

.xip_ram        0x13ffc000        0x0 load address 0x10006368
                0x13ffc000                        __xip_ram_start__ = .
                0x13ffc000                        . = ALIGN (0x4)
 *(.xip_ram*)
                0x13ffc000                        . = ALIGN (0x4)
                0x13ffc000                        __xip_ram_end__ = .
                0x10006368                        __xip_ram_source__ = LOADADDR (.xip_ram)

.ram_vector_table
                0x20000000      0x110
 *(.ram_vector_table)
 .ram_vector_table
                0x20000000      0x110 CMakeFiles/SE1_P5_Eq3_1.dir/Users/anarojas/.pico-sdk/sdk/2.3.1/src/rp2_common/pico_runtime_init/runtime_init.c.o
                0x20000000                ram_vector_table

.uninitialized_data
                0x20000110        0x0
                0x20000110                        . = ALIGN (0x4)
 *(.uninitialized_data*)

.data           0x20000110     0x1484 load address 0x10006368
                0x20000110                        __data_start__ = .
 *(vtable)
 *(.time_critical*)
 .time_critical.mutex_try_enter
                0x20000110       0x50 CMakeFiles/SE1_P5_Eq3_1.dir/Users/anarojas/.pico-sdk/sdk/2.3.1/src/common/pico_sync/mutex.c.o
                0x20000110                mutex_try_enter
 .time_critical.mutex_enter_block_until
                0x20000160       0x98 CMakeFiles/SE1_P5_Eq3_1.dir/Users/anarojas/.pico-sdk/sdk/2.3.1/src/common/pico_sync/mutex.c.o
                0x20000160                mutex_enter_block_until
 .time_critical.mutex_try_enter_block_until
                0x200001f8       0x6c CMakeFiles/SE1_P5_Eq3_1.dir/Users/anarojas/.pico-sdk/sdk/2.3.1/src/common/pico_sync/mutex.c.o
                0x200001f8                mutex_try_enter_block_until
 .time_critical.mutex_enter_timeout_ms
                0x20000264       0x38 CMakeFiles/SE1_P5_Eq3_1.dir/Users/anarojas/.pico-sdk/sdk/2.3.1/src/common/pico_sync/mutex.c.o
                0x20000264                mutex_enter_timeout_ms
 .time_critical.mutex_exit
                0x2000029c       0x48 CMakeFiles/SE1_P5_Eq3_1.dir/Users/anarojas/.pico-sdk/sdk/2.3.1/src/common/pico_sync/mutex.c.o
                0x2000029c                mutex_exit
 .time_critical.reset_non_control_endpoints
                0x200002e4       0x64 CMakeFiles/SE1_P5_Eq3_1.dir/Users/anarojas/.pico-sdk/sdk/2.3.1/lib/tinyusb/src/portable/raspberrypi/rp2040/dcd_rp2040.c.o
 .time_critical.hw_handle_buff_status
                0x20000348       0x94 CMakeFiles/SE1_P5_Eq3_1.dir/Users/anarojas/.pico-sdk/sdk/2.3.1/lib/tinyusb/src/portable/raspberrypi/rp2040/dcd_rp2040.c.o
 .time_critical.dcd_rp2040_irq
                0x200003dc      0x510 CMakeFiles/SE1_P5_Eq3_1.dir/Users/anarojas/.pico-sdk/sdk/2.3.1/lib/tinyusb/src/portable/raspberrypi/rp2040/dcd_rp2040.c.o
 .time_critical.prepare_ep_buffer
                0x200008ec       0xd0 CMakeFiles/SE1_P5_Eq3_1.dir/Users/anarojas/.pico-sdk/sdk/2.3.1/lib/tinyusb/src/portable/raspberrypi/rp2040/rp2040_usb.c.o
 .time_critical.sync_ep_buffer
                0x200009bc       0xb8 CMakeFiles/SE1_P5_Eq3_1.dir/Users/anarojas/.pico-sdk/sdk/2.3.1/lib/tinyusb/src/portable/raspberrypi/rp2040/rp2040_usb.c.o
 .time_critical._hw_endpoint_xfer_sync
                0x20000a74       0x2c CMakeFiles/SE1_P5_Eq3_1.dir/Users/anarojas/.pico-sdk/sdk/2.3.1/lib/tinyusb/src/portable/raspberrypi/rp2040/rp2040_usb.c.o
 .time_critical.e15_is_bulkin_ep
                0x20000aa0       0x28 CMakeFiles/SE1_P5_Eq3_1.dir/Users/anarojas/.pico-sdk/sdk/2.3.1/lib/tinyusb/src/portable/raspberrypi/rp2040/rp2040_usb.c.o
 .time_critical.e15_is_critical_frame_period
                0x20000ac8       0x28 CMakeFiles/SE1_P5_Eq3_1.dir/Users/anarojas/.pico-sdk/sdk/2.3.1/lib/tinyusb/src/portable/raspberrypi/rp2040/rp2040_usb.c.o
 .time_critical.hw_endpoint_reset_transfer
                0x20000af0        0xc CMakeFiles/SE1_P5_Eq3_1.dir/Users/anarojas/.pico-sdk/sdk/2.3.1/lib/tinyusb/src/portable/raspberrypi/rp2040/rp2040_usb.c.o
                0x20000af0                hw_endpoint_reset_transfer
 .time_critical._hw_endpoint_buffer_control_update32
                0x20000afc       0x44 CMakeFiles/SE1_P5_Eq3_1.dir/Users/anarojas/.pico-sdk/sdk/2.3.1/lib/tinyusb/src/portable/raspberrypi/rp2040/rp2040_usb.c.o
                0x20000afc                _hw_endpoint_buffer_control_update32
 .time_critical.hw_endpoint_start_next_buffer
                0x20000b40       0x64 CMakeFiles/SE1_P5_Eq3_1.dir/Users/anarojas/.pico-sdk/sdk/2.3.1/lib/tinyusb/src/portable/raspberrypi/rp2040/rp2040_usb.c.o
                0x20000b40                hw_endpoint_start_next_buffer
 .time_critical.hw_endpoint_xfer_continue
                0x20000ba4       0x3c CMakeFiles/SE1_P5_Eq3_1.dir/Users/anarojas/.pico-sdk/sdk/2.3.1/lib/tinyusb/src/portable/raspberrypi/rp2040/rp2040_usb.c.o
                0x20000ba4                hw_endpoint_xfer_continue
 .time_critical.tinyusb
                0x20000be0      0x218 CMakeFiles/SE1_P5_Eq3_1.dir/Users/anarojas/.pico-sdk/sdk/2.3.1/lib/tinyusb/src/device/usbd.c.o
                0x20000be0                dcd_event_handler
 *(.text*)
 .text          0x20000df8      0x378 /Users/anarojas/.pico-sdk/toolchain/13_2_Rel1/bin/../lib/gcc/arm-none-eabi/13.2.1/thumb/v8-m.main+fp/softfp/libgcc.a(_arm_addsubdf3.o)
                0x20000df8                __aeabi_drsub
                0x20000e00                __subdf3
                0x20000e00                __aeabi_dsub
                0x20000e04                __aeabi_dadd
                0x20000e04                __adddf3
                0x2000107c                __aeabi_ui2d
                0x2000107c                __floatunsidf
                0x2000109c                __floatsidf
                0x2000109c                __aeabi_i2d
                0x200010c0                __extendsfdf2
                0x200010c0                __aeabi_f2d
                0x20001104                __aeabi_ul2d
                0x20001104                __floatundidf
                0x20001114                __aeabi_l2d
                0x20001114                __floatdidf
 .text          0x20001170       0x30 /Users/anarojas/.pico-sdk/toolchain/13_2_Rel1/bin/../lib/gcc/arm-none-eabi/13.2.1/thumb/v8-m.main+fp/softfp/libgcc.a(_aeabi_uldivmod.o)
                0x20001170                __aeabi_uldivmod
 .text.__udivmoddi4
                0x200011a0      0x300 /Users/anarojas/.pico-sdk/toolchain/13_2_Rel1/bin/../lib/gcc/arm-none-eabi/13.2.1/thumb/v8-m.main+fp/softfp/libgcc.a(_udivmoddi4.o)
                0x200011a0                __udivmoddi4
 .text          0x200014a0        0x4 /Users/anarojas/.pico-sdk/toolchain/13_2_Rel1/bin/../lib/gcc/arm-none-eabi/13.2.1/thumb/v8-m.main+fp/softfp/libgcc.a(_dvmd_tls.o)
                0x200014a0                __aeabi_ldiv0
                0x200014a0                __aeabi_idiv0
 *fill*         0x200014a4        0x4 
 .text.__stub   0x200014a8       0x30 linker stubs
                0x200014d8                        . = ALIGN (0x4)
 *(.rodata*)
                0x200014d8                        . = ALIGN (0x4)
                0x200014d8                        PROVIDE (__emutls_array_start = .)
 *(.*.__emutls_v.*)
                0x200014d8                        PROVIDE (__emutls_array_end = .)
                0x200014d8                        . = ALIGN (0x4)
 *(.data*)
 .data.striped_spin_lock_num
                0x200014d8        0x1 CMakeFiles/SE1_P5_Eq3_1.dir/Users/anarojas/.pico-sdk/sdk/2.3.1/src/rp2_common/hardware_sync/sync.c.o
 *fill*         0x200014d9        0x3 
 .data          0x200014dc       0x60 CMakeFiles/SE1_P5_Eq3_1.dir/Users/anarojas/.pico-sdk/sdk/2.3.1/src/rp2_common/hardware_irq/irq_handler_chain.S.o
                0x200014dc                irq_handler_chain_slots
                0x20001524                irq_handler_chain_first_slot
                0x2000152e                irq_handler_chain_remove_tail
 .data.default_alarm_pool
                0x2000153c       0x18 CMakeFiles/SE1_P5_Eq3_1.dir/Users/anarojas/.pico-sdk/sdk/2.3.1/src/common/pico_time/time.c.o
 .data.stdio_usb
                0x20001554       0x18 CMakeFiles/SE1_P5_Eq3_1.dir/Users/anarojas/.pico-sdk/sdk/2.3.1/src/rp2_common/pico_stdio_usb/stdio_usb.c.o
                0x20001554                stdio_usb
 .data._usbd_qdef
                0x2000156c       0x1c CMakeFiles/SE1_P5_Eq3_1.dir/Users/anarojas/.pico-sdk/sdk/2.3.1/lib/tinyusb/src/device/usbd.c.o
                0x2000156c                _usbd_qdef
 .data._usbd_rhport
                0x20001588        0x1 CMakeFiles/SE1_P5_Eq3_1.dir/Users/anarojas/.pico-sdk/sdk/2.3.1/lib/tinyusb/src/device/usbd.c.o
 *(.sdata*)
 *(.got)
 *(.got.*)
                0x2000158c                        . = ALIGN (0x4)
 *fill*         0x20001589        0x3 
 *(.after_data.*)
                0x2000158c                        . = ALIGN (0x4)
                0x2000158c                        PROVIDE (__mutex_array_start = .)
 *(SORT_BY_NAME(.mutex_array.*))
 *(.mutex_array)
 .mutex_array   0x2000158c        0x8 CMakeFiles/SE1_P5_Eq3_1.dir/Users/anarojas/.pico-sdk/sdk/2.3.1/src/rp2_common/pico_stdio/stdio.c.o
                0x20001594                        PROVIDE (__mutex_array_end = .)
 *(.jcr)
                0x20001594                        . = ALIGN (0x4)

.igot.plt       0x20001594        0x0 load address 0x100077ec
 .igot.plt      0x20001594        0x0 CMakeFiles/SE1_P5_Eq3_1.dir/SE1_P5_Eq3_1.c.o

.tdata          0x20001594        0x0 load address 0x100077ec
                0x20001594                        . = ALIGN (0x4)
 *(.tdata .tdata.* .gnu.linkonce.td.*)
                0x20001594                        __tdata_end = .
                0x20001594                        PROVIDE (__data_end__ = .)
                0x10006368                        __etext = LOADADDR (.data)
                0x20001594                        . = ALIGN (0x4)

.tbss           0x20001594        0x0 load address 0x100077ec
                0x20001594                        __bss_start__ = .
                0x20001594                        __tls_base = .
 *(.tbss .tbss.* .gnu.linkonce.tb.*)
 *(.tcommon)
                0x20001594                        . = ALIGN (0x4)
                0x20001594                        __tls_end = .

.tbss_space     0x20001594        0x0 load address 0x100077ec
                0x20001594                        . = (__bss_start__ + SIZEOF (.tbss))

.bss            0x20001598      0x970 load address 0x100077ec
                0x20001598                        . = ALIGN (0x4)
                0x20001598                        __tbss_end = .
 *(SORT_BY_ALIGNMENT(SORT_BY_NAME(.bss*)))
 .bss.T_ticks   0x20001598        0x8 CMakeFiles/SE1_P5_Eq3_1.dir/SE1_P5_Eq3_1.c.o
                0x20001598                T_ticks
 .bss._cdcd_itf
                0x200015a0       0xc8 CMakeFiles/SE1_P5_Eq3_1.dir/Users/anarojas/.pico-sdk/sdk/2.3.1/lib/tinyusb/src/class/cdc/cdc_device.c.o
 .bss.alto_ticks
                0x20001668        0x8 CMakeFiles/SE1_P5_Eq3_1.dir/SE1_P5_Eq3_1.c.o
                0x20001668                alto_ticks
 .bss.default_alarm_pool_entries
                0x20001670      0x180 CMakeFiles/SE1_P5_Eq3_1.dir/Users/anarojas/.pico-sdk/sdk/2.3.1/src/common/pico_time/time.c.o
 .bss.last_avail_time.1
                0x200017f0        0x8 CMakeFiles/SE1_P5_Eq3_1.dir/Users/anarojas/.pico-sdk/sdk/2.3.1/src/rp2_common/pico_stdio_usb/stdio_usb.c.o
 .bss.t_bajada  0x200017f8        0x8 CMakeFiles/SE1_P5_Eq3_1.dir/SE1_P5_Eq3_1.c.o
                0x200017f8                t_bajada
 .bss.t_subida_prev
                0x20001800        0x8 CMakeFiles/SE1_P5_Eq3_1.dir/SE1_P5_Eq3_1.c.o
                0x20001800                t_subida_prev
 .bss._app_driver
                0x20001808        0x4 CMakeFiles/SE1_P5_Eq3_1.dir/Users/anarojas/.pico-sdk/sdk/2.3.1/lib/tinyusb/src/device/usbd.c.o
 .bss._cdcd_epbuf
                0x2000180c       0x80 CMakeFiles/SE1_P5_Eq3_1.dir/Users/anarojas/.pico-sdk/sdk/2.3.1/lib/tinyusb/src/class/cdc/cdc_device.c.o
 .bss._cdcd_fifo_cfg
                0x2000188c        0x1 CMakeFiles/SE1_P5_Eq3_1.dir/Users/anarojas/.pico-sdk/sdk/2.3.1/lib/tinyusb/src/class/cdc/cdc_device.c.o
 *fill*         0x2000188d        0x3 
 .bss._ctrl_epbuf
                0x20001890       0x40 CMakeFiles/SE1_P5_Eq3_1.dir/Users/anarojas/.pico-sdk/sdk/2.3.1/lib/tinyusb/src/device/usbd_control.c.o
 .bss._ctrl_xfer
                0x200018d0       0x14 CMakeFiles/SE1_P5_Eq3_1.dir/Users/anarojas/.pico-sdk/sdk/2.3.1/lib/tinyusb/src/device/usbd_control.c.o
 .bss._sw_spin_locks
                0x200018e4       0x20 CMakeFiles/SE1_P5_Eq3_1.dir/Users/anarojas/.pico-sdk/sdk/2.3.1/src/rp2_common/hardware_sync_spin_lock/sync_spin_lock.c.o
                0x200018e4                _sw_spin_locks
 .bss._tusb_rhport_role
                0x20001904        0x2 CMakeFiles/SE1_P5_Eq3_1.dir/Users/anarojas/.pico-sdk/sdk/2.3.1/lib/tinyusb/src/tusb.c.o
                0x20001904                _tusb_rhport_role
 *fill*         0x20001906        0x2 
 .bss._ubsd_mutexdef
                0x20001908        0x8 CMakeFiles/SE1_P5_Eq3_1.dir/Users/anarojas/.pico-sdk/sdk/2.3.1/lib/tinyusb/src/device/usbd.c.o
 .bss._usbd_dev
                0x20001910       0x54 CMakeFiles/SE1_P5_Eq3_1.dir/Users/anarojas/.pico-sdk/sdk/2.3.1/lib/tinyusb/src/device/usbd.c.o
 .bss._usbd_mutex
                0x20001964        0x4 CMakeFiles/SE1_P5_Eq3_1.dir/Users/anarojas/.pico-sdk/sdk/2.3.1/lib/tinyusb/src/device/usbd.c.o
 .bss._usbd_q   0x20001968        0x4 CMakeFiles/SE1_P5_Eq3_1.dir/Users/anarojas/.pico-sdk/sdk/2.3.1/lib/tinyusb/src/device/usbd.c.o
 .bss._usbd_qdef_buf
                0x2000196c       0xc0 CMakeFiles/SE1_P5_Eq3_1.dir/Users/anarojas/.pico-sdk/sdk/2.3.1/lib/tinyusb/src/device/usbd.c.o
                0x2000196c                _usbd_qdef_buf
 .bss.callbacks
                0x20001a2c        0x8 CMakeFiles/SE1_P5_Eq3_1.dir/Users/anarojas/.pico-sdk/sdk/2.3.1/src/rp2_common/hardware_gpio/gpio.c.o
 .bss.chars_available_callback
                0x20001a34        0x4 CMakeFiles/SE1_P5_Eq3_1.dir/Users/anarojas/.pico-sdk/sdk/2.3.1/src/rp2_common/pico_stdio_usb/stdio_usb.c.o
 .bss.chars_available_param
                0x20001a38        0x4 CMakeFiles/SE1_P5_Eq3_1.dir/Users/anarojas/.pico-sdk/sdk/2.3.1/src/rp2_common/pico_stdio_usb/stdio_usb.c.o
 .bss.claimed   0x20001a3c        0x4 CMakeFiles/SE1_P5_Eq3_1.dir/Users/anarojas/.pico-sdk/sdk/2.3.1/src/rp2_common/hardware_sync/sync.c.o
 .bss.claimed   0x20001a40        0x2 CMakeFiles/SE1_P5_Eq3_1.dir/Users/anarojas/.pico-sdk/sdk/2.3.1/src/rp2_common/hardware_timer/timer.c.o
 *fill*         0x20001a42        0x2 
 .bss.configured_freq
                0x20001a44       0x28 CMakeFiles/SE1_P5_Eq3_1.dir/Users/anarojas/.pico-sdk/sdk/2.3.1/src/rp2_common/hardware_clocks/clocks.c.o
 .bss.desc_str.0
                0x20001a6c       0x28 CMakeFiles/SE1_P5_Eq3_1.dir/Users/anarojas/.pico-sdk/sdk/2.3.1/src/rp2_common/pico_stdio_usb/stdio_usb_descriptors.c.o
 .bss.drivers   0x20001a94        0x4 CMakeFiles/SE1_P5_Eq3_1.dir/Users/anarojas/.pico-sdk/sdk/2.3.1/src/rp2_common/pico_stdio/stdio.c.o
 .bss.e15_last_sof
                0x20001a98        0x4 CMakeFiles/SE1_P5_Eq3_1.dir/Users/anarojas/.pico-sdk/sdk/2.3.1/lib/tinyusb/src/portable/raspberrypi/rp2040/rp2040_usb.c.o
                0x20001a98                e15_last_sof
 .bss.filter    0x20001a9c        0x4 CMakeFiles/SE1_P5_Eq3_1.dir/Users/anarojas/.pico-sdk/sdk/2.3.1/src/rp2_common/pico_stdio/stdio.c.o
 .bss.hw_endpoints
                0x20001aa0      0x400 CMakeFiles/SE1_P5_Eq3_1.dir/Users/anarojas/.pico-sdk/sdk/2.3.1/lib/tinyusb/src/portable/raspberrypi/rp2040/dcd_rp2040.c.o
 .bss.lazy_vsnprintf
                0x20001ea0        0x4 CMakeFiles/SE1_P5_Eq3_1.dir/Users/anarojas/.pico-sdk/sdk/2.3.1/src/rp2_common/pico_printf/printf.c.o
 .bss.load_value
                0x20001ea4        0x4 CMakeFiles/SE1_P5_Eq3_1.dir/Users/anarojas/.pico-sdk/sdk/2.3.1/src/rp2_common/hardware_watchdog/watchdog.c.o
 .bss.next_buffer_ptr
                0x20001ea8        0x4 CMakeFiles/SE1_P5_Eq3_1.dir/Users/anarojas/.pico-sdk/sdk/2.3.1/lib/tinyusb/src/portable/raspberrypi/rp2040/dcd_rp2040.c.o
 .bss.one_shot_timer_crit_sec
                0x20001eac        0x8 CMakeFiles/SE1_P5_Eq3_1.dir/Users/anarojas/.pico-sdk/sdk/2.3.1/src/rp2_common/pico_stdio_usb/stdio_usb.c.o
 .bss.pools     0x20001eb4       0x20 CMakeFiles/SE1_P5_Eq3_1.dir/Users/anarojas/.pico-sdk/sdk/2.3.1/src/common/pico_time/time.c.o
 .bss.raw_irq_mask
                0x20001ed4        0x8 CMakeFiles/SE1_P5_Eq3_1.dir/Users/anarojas/.pico-sdk/sdk/2.3.1/src/rp2_common/hardware_gpio/gpio.c.o
 .bss.retrieved_id
                0x20001edc        0x8 CMakeFiles/SE1_P5_Eq3_1.dir/Users/anarojas/.pico-sdk/sdk/2.3.1/src/rp2_common/pico_unique_id/unique_id.c.o
 .bss.stdio_usb_mutex
                0x20001ee4        0x8 CMakeFiles/SE1_P5_Eq3_1.dir/Users/anarojas/.pico-sdk/sdk/2.3.1/src/rp2_common/pico_stdio_usb/stdio_usb.c.o
 .bss.usbd_serial_str
                0x20001eec       0x11 CMakeFiles/SE1_P5_Eq3_1.dir/Users/anarojas/.pico-sdk/sdk/2.3.1/src/rp2_common/pico_stdio_usb/stdio_usb_descriptors.c.o
 .bss._app_driver_count
                0x20001efd        0x1 CMakeFiles/SE1_P5_Eq3_1.dir/Users/anarojas/.pico-sdk/sdk/2.3.1/lib/tinyusb/src/device/usbd.c.o
 .bss._sof_enable