Archive member included to satisfy reference by file (symbol)

/Users/anarojas/.pico-sdk/toolchain/13_2_Rel1/bin/../lib/gcc/arm-none-eabi/13.2.1/thumb/v8-m.main+fp/softfp/libgcc.a(_arm_addsubdf3.o)
                              CMakeFiles/SE1_P6_EQ3_DOS.dir/Users/anarojas/.pico-sdk/sdk/2.3.1/src/rp2_common/pico_float/float_math.c.o (__aeabi_f2d)
/Users/anarojas/.pico-sdk/toolchain/13_2_Rel1/bin/../lib/gcc/arm-none-eabi/13.2.1/thumb/v8-m.main+fp/softfp/libgcc.a(_aeabi_ldivmod.o)
                              CMakeFiles/SE1_P6_EQ3_DOS.dir/Users/anarojas/.pico-sdk/sdk/2.3.1/src/common/pico_time/time.c.o (__aeabi_ldivmod)
/Users/anarojas/.pico-sdk/toolchain/13_2_Rel1/bin/../lib/gcc/arm-none-eabi/13.2.1/thumb/v8-m.main+fp/softfp/libgcc.a(_aeabi_uldivmod.o)
                              CMakeFiles/SE1_P6_EQ3_DOS.dir/Users/anarojas/.pico-sdk/sdk/2.3.1/src/rp2_common/hardware_clocks/clocks.c.o (__aeabi_uldivmod)
/Users/anarojas/.pico-sdk/toolchain/13_2_Rel1/bin/../lib/gcc/arm-none-eabi/13.2.1/thumb/v8-m.main+fp/softfp/libgcc.a(_udivmoddi4.o)
                              /Users/anarojas/.pico-sdk/toolchain/13_2_Rel1/bin/../lib/gcc/arm-none-eabi/13.2.1/thumb/v8-m.main+fp/softfp/libgcc.a(_aeabi_ldivmod.o) (__udivmoddi4)
/Users/anarojas/.pico-sdk/toolchain/13_2_Rel1/bin/../lib/gcc/arm-none-eabi/13.2.1/thumb/v8-m.main+fp/softfp/libgcc.a(_dvmd_tls.o)
                              /Users/anarojas/.pico-sdk/toolchain/13_2_Rel1/bin/../lib/gcc/arm-none-eabi/13.2.1/thumb/v8-m.main+fp/softfp/libgcc.a(_aeabi_ldivmod.o) (__aeabi_ldiv0)
/Users/anarojas/.pico-sdk/toolchain/13_2_Rel1/bin/../lib/gcc/arm-none-eabi/13.2.1/../../../../arm-none-eabi/lib/thumb/v8-m.main+fp/softfp/libg.a(libc_a-calloc.o)
                              CMakeFiles/SE1_P6_EQ3_DOS.dir/Users/anarojas/.pico-sdk/sdk/2.3.1/src/rp2_common/pico_malloc/malloc.c.o (calloc)
/Users/anarojas/.pico-sdk/toolchain/13_2_Rel1/bin/../lib/gcc/arm-none-eabi/13.2.1/../../../../arm-none-eabi/lib/thumb/v8-m.main+fp/softfp/libg.a(libc_a-callocr.o)
                              /Users/anarojas/.pico-sdk/toolchain/13_2_Rel1/bin/../lib/gcc/arm-none-eabi/13.2.1/../../../../arm-none-eabi/lib/thumb/v8-m.main+fp/softfp/libg.a(libc_a-calloc.o) (_calloc_r)
/Users/anarojas/.pico-sdk/toolchain/13_2_Rel1/bin/../lib/gcc/arm-none-eabi/13.2.1/../../../../arm-none-eabi/lib/thumb/v8-m.main+fp/softfp/libg.a(libc_a-malloc.o)
                              CMakeFiles/SE1_P6_EQ3_DOS.dir/Users/anarojas/.pico-sdk/sdk/2.3.1/src/rp2_common/pico_malloc/malloc.c.o (malloc)
/Users/anarojas/.pico-sdk/toolchain/13_2_Rel1/bin/../lib/gcc/arm-none-eabi/13.2.1/../../../../arm-none-eabi/lib/thumb/v8-m.main+fp/softfp/libg.a(libc_a-mallocr.o)
                              /Users/anarojas/.pico-sdk/toolchain/13_2_Rel1/bin/../lib/gcc/arm-none-eabi/13.2.1/../../../../arm-none-eabi/lib/thumb/v8-m.main+fp/softfp/libg.a(libc_a-callocr.o) (_malloc_r)
/Users/anarojas/.pico-sdk/toolchain/13_2_Rel1/bin/../lib/gcc/arm-none-eabi/13.2.1/../../../../arm-none-eabi/lib/thumb/v8-m.main+fp/softfp/libg.a(libc_a-mlock.o)
                              /Users/anarojas/.pico-sdk/toolchain/13_2_Rel1/bin/../lib/gcc/arm-none-eabi/13.2.1/../../../../arm-none-eabi/lib/thumb/v8-m.main+fp/softfp/libg.a(libc_a-mallocr.o) (__malloc_lock)
/Users/anarojas/.pico-sdk/toolchain/13_2_Rel1/bin/../lib/gcc/arm-none-eabi/13.2.1/../../../../arm-none-eabi/lib/thumb/v8-m.main+fp/softfp/libg.a(libc_a-realloc.o)
                              CMakeFiles/SE1_P6_EQ3_DOS.dir/Users/anarojas/.pico-sdk/sdk/2.3.1/src/rp2_common/pico_malloc/malloc.c.o (realloc)
/Users/anarojas/.pico-sdk/toolchain/13_2_Rel1/bin/../lib/gcc/arm-none-eabi/13.2.1/../../../../arm-none-eabi/lib/thumb/v8-m.main+fp/softfp/libg.a(libc_a-reallocr.o)
                              /Users/anarojas/.pico-sdk/toolchain/13_2_Rel1/bin/../lib/gcc/arm-none-eabi/13.2.1/../../../../arm-none-eabi/lib/thumb/v8-m.main+fp/softfp/libg.a(libc_a-realloc.o) (_realloc_r)
/Users/anarojas/.pico-sdk/toolchain/13_2_Rel1/bin/../lib/gcc/arm-none-eabi/13.2.1/../../../../arm-none-eabi/lib/thumb/v8-m.main+fp/softfp/libg.a(libc_a-memcmp.o)
                              CMakeFiles/SE1_P6_EQ3_DOS.dir/Users/anarojas/.pico-sdk/sdk/2.3.1/src/rp2_common/pico_atomic/atomic.c.o (memcmp)
/Users/anarojas/.pico-sdk/toolchain/13_2_Rel1/bin/../lib/gcc/arm-none-eabi/13.2.1/../../../../arm-none-eabi/lib/thumb/v8-m.main+fp/softfp/libg.a(libc_a-memmove.o)
                              /Users/anarojas/.pico-sdk/toolchain/13_2_Rel1/bin/../lib/gcc/arm-none-eabi/13.2.1/../../../../arm-none-eabi/lib/thumb/v8-m.main+fp/softfp/libg.a(libc_a-reallocr.o) (memmove)
/Users/anarojas/.pico-sdk/toolchain/13_2_Rel1/bin/../lib/gcc/arm-none-eabi/13.2.1/../../../../arm-none-eabi/lib/thumb/v8-m.main+fp/softfp/libg.a(libc_a-memset.o)
                              CMakeFiles/SE1_P6_EQ3_DOS.dir/Users/anarojas/.pico-sdk/sdk/2.3.1/lib/tinyusb/src/portable/raspberrypi/rp2040/dcd_rp2040.c.o (memset)
[...]
Memory Configuration

Name             Origin             Length             Attributes
FLASH            0x10000000         0x00400000         xr
PSRAM            0x11000000         0x00000000         xrw
XIP_RAM          0x13ffc000         0x00004000         xrw
RAM              0x20000000         0x00080000         xrw
SCRATCH_X        0x20080000         0x00001000         xrw
SCRATCH_Y        0x20081000         0x00001000         xrw
*default*        0x00000000         0xffffffff

Linker script and memory map

                0x20000000                        RAM_ORIGIN_DEFAULT = 0x20000000
                0x00080000                        RAM_LENGTH_DEFAULT = 0x80000
                0x20080000                        SCRATCH_X_ORIGIN_DEFAULT = 0x20080000
                0x00001000                        SCRATCH_X_LENGTH_DEFAULT = 0x1000
                0x20081000                        SCRATCH_Y_ORIGIN_DEFAULT = 0x20081000
                0x00001000                        SCRATCH_Y_LENGTH_DEFAULT = 0x1000
                0x13ffc000                        XIP_RAM_ORIGIN_DEFAULT = 0x13ffc000
                0x00004000                        XIP_RAM_LENGTH_DEFAULT = 0x4000
LOAD CMakeFiles/SE1_P6_EQ3_DOS.dir/SE1_P6_EQ3_DOS.c.o
LOAD CMakeFiles/SE1_P6_EQ3_DOS.dir/Users/anarojas/.pico-sdk/sdk/2.3.1/src/rp2_common/pico_stdlib/stdlib.c.o
LOAD CMakeFiles/SE1_P6_EQ3_DOS.dir/Users/anarojas/.pico-sdk/sdk/2.3.1/src/rp2_common/hardware_gpio/gpio.c.o
LOAD CMakeFiles/SE1_P6_EQ3_DOS.dir/Users/anarojas/.pico-sdk/sdk/2.3.1/src/rp2350/pico_platform/platform.c.o
LOAD CMakeFiles/SE1_P6_EQ3_DOS.dir/Users/anarojas/.pico-sdk/sdk/2.3.1/src/rp2_common/pico_platform_common/common.c.o
LOAD CMakeFiles/SE1_P6_EQ3_DOS.dir/Users/anarojas/.pico-sdk/sdk/2.3.1/src/rp2_common/pico_platform_panic/panic.c.o
LOAD CMakeFiles/SE1_P6_EQ3_DOS.dir/Users/anarojas/.pico-sdk/sdk/2.3.1/src/rp2_common/pico_platform_panic/custom_panic_function.S.o
LOAD CMakeFiles/SE1_P6_EQ3_DOS.dir/Users/anarojas/.pico-sdk/sdk/2.3.1/src/common/hardware_claim/claim.c.o
LOAD CMakeFiles/SE1_P6_EQ3_DOS.dir/Users/anarojas/.pico-sdk/sdk/2.3.1/src/rp2_common/hardware_sync/sync.c.o
LOAD CMakeFiles/SE1_P6_EQ3_DOS.dir/Users/anarojas/.pico-sdk/sdk/2.3.1/src/rp2_common/hardware_sync_spin_lock/sync_spin_lock.c.o
LOAD CMakeFiles/SE1_P6_EQ3_DOS.dir/Users/anarojas/.pico-sdk/sdk/2.3.1/src/rp2_common/hardware_irq/irq.c.o
LOAD CMakeFiles/SE1_P6_EQ3_DOS.dir/Users/anarojas/.pico-sdk/sdk/2.3.1/src/rp2_common/hardware_irq/irq_handler_chain.S.o
LOAD CMakeFiles/SE1_P6_EQ3_DOS.dir/Users/anarojas/.pico-sdk/sdk/2.3.1/src/common/pico_sync/sem.c.o
LOAD CMakeFiles/SE1_P6_EQ3_DOS.dir/Users/anarojas/.pico-sdk/sdk/2.3.1/src/common/pico_sync/lock_core.c.o
LOAD CMakeFiles/SE1_P6_EQ3_DOS.dir/Users/anarojas/.pico-sdk/sdk/2.3.1/src/common/pico_sync/mutex.c.o
LOAD CMakeFiles/SE1_P6_EQ3_DOS.dir/Users/anarojas/.pico-sdk/sdk/2.3.1/src/common/pico_sync/critical_section.c.o
LOAD CMakeFiles/SE1_P6_EQ3_DOS.dir/Users/anarojas/.pico-sdk/sdk/2.3.1/src/common/pico_time/time.c.o
LOAD CMakeFiles/SE1_P6_EQ3_DOS.dir/Users/anarojas/.pico-sdk/sdk/2.3.1/src/common/pico_time/timeout_helper.c.o
LOAD CMakeFiles/SE1_P6_EQ3_DOS.dir/Users/anarojas/.pico-sdk/sdk/2.3.1/src/rp2_common/hardware_timer/timer.c.o
LOAD CMakeFiles/SE1_P6_EQ3_DOS.dir/Users/anarojas/.pico-sdk/sdk/2.3.1/src/common/pico_util/datetime.c.o
LOAD CMakeFiles/SE1_P6_EQ3_DOS.dir/Users/anarojas/.pico-sdk/sdk/2.3.1/src/common/pico_util/fixed_bitset.c.o
LOAD CMakeFiles/SE1_P6_EQ3_DOS.dir/Users/anarojas/.pico-sdk/sdk/2.3.1/src/common/pico_util/pheap.c.o
LOAD CMakeFiles/SE1_P6_EQ3_DOS.dir/Users/anarojas/.pico-sdk/sdk/2.3.1/src/common/pico_util/queue.c.o
LOAD CMakeFiles/SE1_P6_EQ3_DOS.dir/Users/anarojas/.pico-sdk/sdk/2.3.1/src/rp2_common/hardware_uart/uart.c.o
LOAD CMakeFiles/SE1_P6_EQ3_DOS.dir/Users/anarojas/.pico-sdk/sdk/2.3.1/src/rp2_common/hardware_clocks/clocks.c.o
LOAD CMakeFiles/SE1_P6_EQ3_DOS.dir/Users/anarojas/.pico-sdk/sdk/2.3.1/src/rp2_common/hardware_pll/pll.c.o
LOAD CMakeFiles/SE1_P6_EQ3_DOS.dir/Users/anarojas/.pico-sdk/sdk/2.3.1/src/rp2_common/hardware_vreg/vreg.c.o
LOAD CMakeFiles/SE1_P6_EQ3_DOS.dir/Users/anarojas/.pico-sdk/sdk/2.3.1/src/rp2_common/hardware_watchdog/watchdog.c.o
LOAD CMakeFiles/SE1_P6_EQ3_DOS.dir/Users/anarojas/.pico-sdk/sdk/2.3.1/src/rp2_common/hardware_ticks/ticks.c.o
LOAD CMakeFiles/SE1_P6_EQ3_DOS.dir/Users/anarojas/.pico-sdk/sdk/2.3.1/src/rp2_common/pico_bootrom/bootrom.c.o
LOAD CMakeFiles/SE1_P6_EQ3_DOS.dir/Users/anarojas/.pico-sdk/sdk/2.3.1/src/rp2_common/pico_bootrom/bootrom_lock.c.o
LOAD CMakeFiles/SE1_P6_EQ3_DOS.dir/Users/anarojas/.pico-sdk/sdk/2.3.1/src/rp2_common/hardware_boot_lock/boot_lock.c.o
LOAD CMakeFiles/SE1_P6_EQ3_DOS.dir/Users/anarojas/.pico-sdk/sdk/2.3.1/src/rp2_common/pico_flash/flash.c.o
LOAD CMakeFiles/SE1_P6_EQ3_DOS.dir/Users/anarojas/.pico-sdk/sdk/2.3.1/src/rp2_common/hardware_xosc/xosc.c.o
LOAD CMakeFiles/SE1_P6_EQ3_DOS.dir/Users/anarojas/.pico-sdk/sdk/2.3.1/src/rp2_common/hardware_divider/divider.c.o
LOAD CMakeFiles/SE1_P6_EQ3_DOS.dir/Users/anarojas/.pico-sdk/sdk/2.3.1/src/rp2_common/pico_runtime/runtime.c.o
LOAD CMakeFiles/SE1_P6_EQ3_DOS.dir/Users/anarojas/.pico-sdk/sdk/2.3.1/src/rp2_common/pico_runtime_init/runtime_init.c.o
LOAD CMakeFiles/SE1_P6_EQ3_DOS.dir/Users/anarojas/.pico-sdk/sdk/2.3.1/src/rp2_common/pico_runtime_init/runtime_init_clocks.c.o
LOAD CMakeFiles/SE1_P6_EQ3_DOS.dir/Users/anarojas/.pico-sdk/sdk/2.3.1/src/rp2_common/pico_runtime_init/runtime_init_stack_guard.c.o
LOAD CMakeFiles/SE1_P6_EQ3_DOS.dir/Users/anarojas/.pico-sdk/sdk/2.3.1/src/rp2_common/pico_bit_ops/bit_ops_aeabi.S.o
LOAD CMakeFiles/SE1_P6_EQ3_DOS.dir/Users/anarojas/.pico-sdk/sdk/2.3.1/src/rp2_common/pico_divider/divider_compiler.c.o
LOAD CMakeFiles/SE1_P6_EQ3_DOS.dir/Users/anarojas/.pico-sdk/sdk/2.3.1/src/rp2_common/pico_double/double_math.c.o
LOAD CMakeFiles/SE1_P6_EQ3_DOS.dir/Users/anarojas/.pico-sdk/sdk/2.3.1/src/rp2_common/pico_double/double_aeabi_dcp.S.o
LOAD CMakeFiles/SE1_P6_EQ3_DOS.dir/Users/anarojas/.pico-sdk/sdk/2.3.1/src/rp2_common/pico_double/double_fma_dcp.S.o
LOAD CMakeFiles/SE1_P6_EQ3_DOS.dir/Users/anarojas/.pico-sdk/sdk/2.3.1/src/rp2_common/pico_double/double_sci_m33.S.o
LOAD CMakeFiles/SE1_P6_EQ3_DOS.dir/Users/anarojas/.pico-sdk/sdk/2.3.1/src/rp2_common/pico_double/double_conv_m33.S.o
LOAD CMakeFiles/SE1_P6_EQ3_DOS.dir/Users/anarojas/.pico-sdk/sdk/2.3.1/src/rp2_common/pico_float/float_math.c.o
LOAD CMakeFiles/SE1_P6_EQ3_DOS.dir/Users/anarojas/.pico-sdk/sdk/2.3.1/src/rp2_common/pico_float/float_conv32_vfp.S.o
LOAD CMakeFiles/SE1_P6_EQ3_DOS.dir/Users/anarojas/.pico-sdk/sdk/2.3.1/src/rp2_common/pico_float/float_common_m33.S.o
LOAD CMakeFiles/SE1_P6_EQ3_DOS.dir/Users/anarojas/.pico-sdk/sdk/2.3.1/src/rp2_common/pico_float/float_sci_m33_vfp.S.o
LOAD CMakeFiles/SE1_P6_EQ3_DOS.dir/Users/anarojas/.pico-sdk/sdk/2.3.1/src/rp2_common/pico_malloc/malloc.c.o
LOAD CMakeFiles/SE1_P6_EQ3_DOS.dir/Users/anarojas/.pico-sdk/sdk/2.3.1/src/rp2_common/pico_atomic/atomic.c.o
LOAD CMakeFiles/SE1_P6_EQ3_DOS.dir/Users/anarojas/.pico-sdk/sdk/2.3.1/src/rp2_common/pico_cxx_options/new_delete.cpp.o
LOAD CMakeFiles/SE1_P6_EQ3_DOS.dir/Users/anarojas/.pico-sdk/sdk/2.3.1/src/rp2_common/pico_standard_binary_info/standard_binary_info.c.o
LOAD CMakeFiles/SE1_P6_EQ3_DOS.dir/Users/anarojas/.pico-sdk/sdk/2.3.1/src/rp2_common/pico_printf/printf.c.o
LOAD CMakeFiles/SE1_P6_EQ3_DOS.dir/Users/anarojas/.pico-sdk/sdk/2.3.1/src/rp2_common/pico_crt0/crt0.S.o
LOAD CMakeFiles/SE1_P6_EQ3_DOS.dir/Users/anarojas/.pico-sdk/sdk/2.3.1/src/rp2_common/pico_clib_interface/newlib_interface.c.o
LOAD CMakeFiles/SE1_P6_EQ3_DOS.dir/Users/anarojas/.pico-sdk/sdk/2.3.1/src/rp2_common/pico_clib_interface/cxa_guard.c.o
LOAD CMakeFiles/SE1_P6_EQ3_DOS.dir/Users/anarojas/.pico-sdk/sdk/2.3.1/src/rp2_common/pico_stdio/stdio.c.o
LOAD CMakeFiles/SE1_P6_EQ3_DOS.dir/Users/anarojas/.pico-sdk/sdk/2.3.1/src/rp2_common/pico_stdio_usb/stdio_usb.c.o
LOAD CMakeFiles/SE1_P6_EQ3_DOS.dir/Users/anarojas/.pico-sdk/sdk/2.3.1/src/rp2_common/pico_stdio_usb/stdio_usb_descriptors.c.o
LOAD CMakeFiles/SE1_P6_EQ3_DOS.dir/Users/anarojas/.pico-sdk/sdk/2.3.1/src/rp2_common/pico_unique_id/unique_id.c.o
LOAD CMakeFiles/SE1_P6_EQ3_DOS.dir/Users/anarojas/.pico-sdk/sdk/2.3.1/src/rp2_common/hardware_flash/flash.c.o
LOAD CMakeFiles/SE1_P6_EQ3_DOS.dir/Users/anarojas/.pico-sdk/sdk/2.3.1/src/rp2_common/hardware_xip_cache/xip_cache.c.o
LOAD CMakeFiles/SE1_P6_EQ3_DOS.dir/Users/anarojas/.pico-sdk/sdk/2.3.1/src/rp2_common/pico_usb_reset/usb_reset.c.o
LOAD CMakeFiles/SE1_P6_EQ3_DOS.dir/Users/anarojas/.pico-sdk/sdk/2.3.1/lib/tinyusb/src/portable/raspberrypi/rp2040/dcd_rp2040.c.o
LOAD CMakeFiles/SE1_P6_EQ3_DOS.dir/Users/anarojas/.pico-sdk/sdk/2.3.1/lib/tinyusb/src/portable/raspberrypi/rp2040/rp2040_usb.c.o
LOAD CMakeFiles/SE1_P6_EQ3_DOS.dir/Users/anarojas/.pico-sdk/sdk/2.3.1/lib/tinyusb/src/device/usbd.c.o
LOAD CMakeFiles/SE1_P6_EQ3_DOS.dir/Users/anarojas/.pico-sdk/sdk/2.3.1/lib/tinyusb/src/device/usbd_control.c.o
LOAD CMakeFiles/SE1_P6_EQ3_DOS.dir/Users/anarojas/.pico-sdk/sdk/2.3.1/lib/tinyusb/src/class/audio/audio_device.c.o
LOAD CMakeFiles/SE1_P6_EQ3_DOS.dir/Users/anarojas/.pico-sdk/sdk/2.3.1/lib/tinyusb/src/class/cdc/cdc_device.c.o
LOAD CMakeFiles/SE1_P6_EQ3_DOS.dir/Users/anarojas/.pico-sdk/sdk/2.3.1/lib/tinyusb/src/class/dfu/dfu_device.c.o
LOAD CMakeFiles/SE1_P6_EQ3_DOS.dir/Users/anarojas/.pico-sdk/sdk/2.3.1/lib/tinyusb/src/class/dfu/dfu_rt_device.c.o
LOAD CMakeFiles/SE1_P6_EQ3_DOS.dir/Users/anarojas/.pico-sdk/sdk/2.3.1/lib/tinyusb/src/class/hid/hid_device.c.o
LOAD CMakeFiles/SE1_P6_EQ3_DOS.dir/Users/anarojas/.pico-sdk/sdk/2.3.1/lib/tinyusb/src/class/midi/midi_device.c.o
LOAD CMakeFiles/SE1_P6_EQ3_DOS.dir/Users/anarojas/.pico-sdk/sdk/2.3.1/lib/tinyusb/src/class/msc/msc_device.c.o
LOAD CMakeFiles/SE1_P6_EQ3_DOS.dir/Users/anarojas/.pico-sdk/sdk/2.3.1/lib/tinyusb/src/class/net/ecm_rndis_device.c.o
LOAD CMakeFiles/SE1_P6_EQ3_DOS.dir/Users/anarojas/.pico-sdk/sdk/2.3.1/lib/tinyusb/src/class/net/ncm_device.c.o
LOAD CMakeFiles/SE1_P6_EQ3_DOS.dir/Users/anarojas/.pico-sdk/sdk/2.3.1/lib/tinyusb/src/class/usbtmc/usbtmc_device.c.o
LOAD CMakeFiles/SE1_P6_EQ3_DOS.dir/Users/anarojas/.pico-sdk/sdk/2.3.1/lib/tinyusb/src/class/vendor/vendor_device.c.o
LOAD CMakeFiles/SE1_P6_EQ3_DOS.dir/Users/anarojas/.pico-sdk/sdk/2.3.1/lib/tinyusb/src/class/video/video_device.c.o
LOAD CMakeFiles/SE1_P6_EQ3_DOS.dir/Users/anarojas/.pico-sdk/sdk/2.3.1/lib/tinyusb/src/tusb.c.o
LOAD CMakeFiles/SE1_P6_EQ3_DOS.dir/Users/anarojas/.pico-sdk/sdk/2.3.1/lib/tinyusb/src/common/tusb_fifo.c.o
LOAD CMakeFiles/SE1_P6_EQ3_DOS.dir/Users/anarojas/.pico-sdk/sdk/2.3.1/src/rp2_common/pico_fix/rp2040_usb_device_enumeration/rp2040_usb_device_enumeration.c.o
LOAD CMakeFiles/SE1_P6_EQ3_DOS.dir/Users/anarojas/.pico-sdk/sdk/2.3.1/src/rp2_common/pico_thread_local/thread_local.c.o
LOAD pico-sdk/src/rp2350/boot_stage2/CMakeFiles/bs2_default_library.dir/./bs2_default_padded.S.o
LOAD /Users/anarojas/.pico-sdk/toolchain/13_2_Rel1/bin/../lib/gcc/arm-none-eabi/13.2.1/../../../../arm-none-eabi/lib/thumb/v8-m.main+fp/softfp/libstdc++.a
LOAD /Users/anarojas/.pico-sdk/toolchain/13_2_Rel1/bin/../lib/gcc/arm-none-eabi/13.2.1/../../../../arm-none-eabi/lib/thumb/v8-m.main+fp/softfp/libm.a
START GROUP
LOAD /Users/anarojas/.pico-sdk/toolchain/13_2_Rel1/bin/../lib/gcc/arm-none-eabi/13.2.1/thumb/v8-m.main+fp/softfp/libgcc.a
LOAD /Users/anarojas/.pico-sdk/toolchain/13_2_Rel1/bin/../lib/gcc/arm-none-eabi/13.2.1/../../../../arm-none-eabi/lib/thumb/v8-m.main+fp/softfp/libg.a
LOAD /Users/anarojas/.pico-sdk/toolchain/13_2_Rel1/bin/../lib/gcc/arm-none-eabi/13.2.1/../../../../arm-none-eabi/lib/thumb/v8-m.main+fp/softfp/libc.a
END GROUP
                0x20000000                        PROVIDE (RAM_ORIGIN = RAM_ORIGIN_DEFAULT)
                0x00080000                        PROVIDE (RAM_LENGTH = RAM_LENGTH_DEFAULT)
                0x20080000                        PROVIDE (SCRATCH_X_ORIGIN = SCRATCH_X_ORIGIN_DEFAULT)
                0x00001000                        PROVIDE (SCRATCH_X_LENGTH = SCRATCH_X_LENGTH_DEFAULT)
                0x20081000                        PROVIDE (SCRATCH_Y_ORIGIN = SCRATCH_Y_ORIGIN_DEFAULT)
                0x00001000                        PROVIDE (SCRATCH_Y_LENGTH = SCRATCH_Y_LENGTH_DEFAULT)
                0x13ffc000                        PROVIDE (XIP_RAM_ORIGIN = XIP_RAM_ORIGIN_DEFAULT)
                0x00004000                        PROVIDE (XIP_RAM_LENGTH = XIP_RAM_LENGTH_DEFAULT)
                0x20000000                        RAM_ORIGIN = DEFINED (RAM_ORIGIN)?RAM_ORIGIN:RAM_ORIGIN_DEFAULT
                0x00080000                        RAM_LENGTH = DEFINED (RAM_LENGTH)?RAM_LENGTH:RAM_LENGTH_DEFAULT
                0x20080000                        SCRATCH_X_ORIGIN = DEFINED (SCRATCH_X_ORIGIN)?SCRATCH_X_ORIGIN:SCRATCH_X_ORIGIN_DEFAULT
                0x00001000                        SCRATCH_X_LENGTH = DEFINED (SCRATCH_X_LENGTH)?SCRATCH_X_LENGTH:SCRATCH_X_LENGTH_DEFAULT
                0x20081000                        SCRATCH_Y_ORIGIN = DEFINED (SCRATCH_Y_ORIGIN)?SCRATCH_Y_ORIGIN:SCRATCH_Y_ORIGIN_DEFAULT
                0x00001000                        SCRATCH_Y_LENGTH = DEFINED (SCRATCH_Y_LENGTH)?SCRATCH_Y_LENGTH:SCRATCH_Y_LENGTH_DEFAULT
                0x13ffc000                        XIP_RAM_ORIGIN = DEFINED (XIP_RAM_ORIGIN)?XIP_RAM_ORIGIN:XIP_RAM_ORIGIN_DEFAULT
                0x00004000                        XIP_RAM_LENGTH = DEFINED (XIP_RAM_LENGTH)?XIP_RAM_LENGTH:XIP_RAM_LENGTH_DEFAULT

.flash_begin    0x10000000        0x0
                0x10000000                        __flash_binary_start = .

.text           0x10000000     0x4014
                0x10000000                        __logical_binary_start = .
 *(.vectors)
 .vectors       0x10000000      0x124 CMakeFiles/SE1_P6_EQ3_DOS.dir/Users/anarojas/.pico-sdk/sdk/2.3.1/src/rp2_common/pico_crt0/crt0.S.o
                0x10000000                __VECTOR_TABLE
                0x10000000                __vectors
                0x10000110                __unhandled_user_irq
                0x10000110                isr_irq49
                0x10000110                isr_irq13
                0x10000110                isr_irq43
                0x10000110                isr_irq45
                0x10000110                isr_irq27
                0x10000110                isr_irq32
                0x10000110                isr_irq31
                0x10000110                isr_irq5
                0x10000110                isr_irq11
                0x10000110                isr_irq23
                0x10000110                isr_usagefault
                0x10000110                isr_irq48
                0x10000110                isr_irq35
                0x10000110                isr_irq18
                0x10000110                isr_irq50
                0x10000110                isr_irq9
                0x10000110                isr_irq30
                0x10000110                isr_irq16
                0x10000110                isr_irq44
                0x10000110                isr_irq29
                0x10000110                isr_irq26
                0x10000110                isr_irq33
                0x10000110                isr_irq3
                0x10000110                isr_irq12
                0x10000110                isr_securefault
                0x10000110                isr_irq40
                0x10000110                isr_irq28
                0x10000110                isr_irq19
                0x10000110                isr_irq36
                0x10000110                isr_irq41
                0x10000110                isr_irq0
                0x10000110                isr_irq6
                0x10000110                isr_memmanage
                0x10000110                isr_irq37
                0x10000110                isr_irq42
                0x10000110                isr_irq22
                0x10000110                isr_irq17
                0x10000110                isr_irq38
                0x10000110                isr_irq14
                0x10000110                __vectors_end
                0x10000110                __default_isrs_start
                0x10000110                isr_irq2
                0x10000110                isr_irq10
                0x10000110                isr_irq8
                0x10000110                isr_debugmonitor
                0x10000110                isr_irq24
                0x10000110                isr_irq46
                0x10000110                isr_irq1
                0x10000110                isr_irq47
                0x10000110                isr_irq51
                0x10000110                isr_irq7
                0x10000110                isr_irq21
                0x10000110                isr_irq39
                0x10000110                isr_irq20
                0x10000110                isr_irq15
                0x10000110                isr_irq25
                0x10000110                isr_irq34
                0x10000110                isr_irq4
                0x10000110                isr_busfault
                0x10000116                unhandled_user_irq_num_in_r0
                0x10000118                isr_invalid
                0x1000011a                isr_nmi
                0x1000011c                isr_hardfault
                0x1000011e                isr_svcall
                0x10000120                isr_pendsv
                0x10000122                isr_systick
                0x10000124                __default_isrs_end
 *(.binary_info_header)
 .binary_info_header
                0x10000124       0x14 CMakeFiles/SE1_P6_EQ3_DOS.dir/Users/anarojas/.pico-sdk/sdk/2.3.1/src/rp2_common/pico_crt0/crt0.S.o
                0x10000138                        __binary_info_header_end = .
 *(.embedded_block)
 .embedded_block
                0x10000138       0x14 CMakeFiles/SE1_P6_EQ3_DOS.dir/Users/anarojas/.pico-sdk/sdk/2.3.1/src/rp2_common/pico_crt0/crt0.S.o
                0x1000014c                        __embedded_block_end = .
 *(.reset)
 .reset         0x1000014c       0x94 CMakeFiles/SE1_P6_EQ3_DOS.dir/Users/anarojas/.pico-sdk/sdk/2.3.1/src/rp2_common/pico_crt0/crt0.S.o
                0x1000014c                _entry_point
 *(.init)
 *libgcc.a:cmse_nonsecure_call.o()
 *(EXCLUDE_FILE(*libm.a: *libgcc.a:) .text*)
 .text.startup.main
                0x100001e0       0x74 CMakeFiles/SE1_P6_EQ3_DOS.dir/SE1_P6_EQ3_DOS.c.o
                0x100001e0                main
 .text.gpio_set_function
                0x10000254       0x3c CMakeFiles/SE1_P6_EQ3_DOS.dir/Users/anarojas/.pico-sdk/sdk/2.3.1/src/rp2_common/hardware_gpio/gpio.c.o
                0x10000254                gpio_set_function
 .text.panic    0x10000290       0x30 CMakeFiles/SE1_P6_EQ3_DOS.dir/Users/anarojas/.pico-sdk/sdk/2.3.1/src/rp2_common/pico_platform_panic/panic.c.o
                0x10000290                panic
 .text.hw_claim_or_assert
                0x100002c0       0x58 CMakeFiles/SE1_P6_EQ3_DOS.dir/Users/anarojas/.pico-sdk/sdk/2.3.1/src/common/hardware_claim/claim.c.o
                0x100002c0                hw_claim_or_assert
 .text.hw_claim_unused_from_range
                0x10000318       0x9c CMakeFiles/SE1_P6_EQ3_DOS.dir/Users/anarojas/.pico-sdk/sdk/2.3.1/src/common/hardware_claim/claim.c.o
                0x10000318                hw_claim_unused_from_range
 .text.next_striped_spin_lock_num
                0x100003b4       0x18 CMakeFiles/SE1_P6_EQ3_DOS.dir/Users/anarojas/.pico-sdk/sdk/2.3.1/src/rp2_common/hardware_sync/sync.c.o
                0x100003b4                next_striped_spin_lock_num
 .text.spin_lock_claim_unused
                0x100003cc       0x20 CMakeFiles/SE1_P6_EQ3_DOS.dir/Users/anarojas/.pico-sdk/sdk/2.3.1/src/rp2_common/hardware_sync/sync.c.o
                0x100003cc                spin_lock_claim_unused
 .text.spinlock_set_extexclall
                0x100003ec       0x10 CMakeFiles/SE1_P6_EQ3_DOS.dir/Users/anarojas/.pico-sdk/sdk/2.3.1/src/rp2_common/hardware_sync_spin_lock/sync_spin_lock.c.o
 .text.spin_locks_reset
                0x100003fc       0x18 CMakeFiles/SE1_P6_EQ3_DOS.dir/Users/anarojas/.pico-sdk/sdk/2.3.1/src/rp2_common/hardware_sync_spin_lock/sync_spin_lock.c.o
                0x100003fc                spin_locks_reset
 .text.runtime_init_per_core_irq_priorities
                0x10000414       0x40 CMakeFiles/SE1_P6_EQ3_DOS.dir/Users/anarojas/.pico-sdk/sdk/2.3.1/src/rp2_common/hardware_irq/irq.c.o
                0x10000414                runtime_init_per_core_irq_priorities
 .text.irq_set_enabled
                0x10000454       0x2c CMakeFiles/SE1_P6_EQ3_DOS.dir/Users/anarojas/.pico-sdk/sdk/2.3.1/src/rp2_common/hardware_irq/irq.c.o
                0x10000454                irq_set_enabled
 .text.irq_is_enabled
                0x10000480       0x20 CMakeFiles/SE1_P6_EQ3_DOS.dir/Users/anarojas/.pico-sdk/sdk/2.3.1/src/rp2_common/hardware_irq/irq.c.o
                0x10000480                irq_is_enabled
 .text.irq_set_pending
                0x100004a0       0x18 CMakeFiles/SE1_P6_EQ3_DOS.dir/Users/anarojas/.pico-sdk/sdk/2.3.1/src/rp2_common/hardware_irq/irq.c.o
                0x100004a0                irq_set_pending
 .text.irq_has_shared_handler
                0x100004b8       0x20 CMakeFiles/SE1_P6_EQ3_DOS.dir/Users/anarojas/.pico-sdk/sdk/2.3.1/src/rp2_common/hardware_irq/irq.c.o
                0x100004b8                irq_has_shared_handler
 .text.irq_set_exclusive_handler
                0x100004d8       0x5c CMakeFiles/SE1_P6_EQ3_DOS.dir/Users/anarojas/.pico-sdk/sdk/2.3.1/src/rp2_common/hardware_irq/irq.c.o
                0x100004d8                irq_set_exclusive_handler
 .text.irq_add_shared_handler
                0x10000534      0x1c0 CMakeFiles/SE1_P6_EQ3_DOS.dir/Users/anarojas/.pico-sdk/sdk/2.3.1/src/rp2_common/hardware_irq/irq.c.o
                0x10000534                irq_add_shared_handler
 .text.irq_add_tail_to_free_list
                0x100006f4       0xd4 CMakeFiles/SE1_P6_EQ3_DOS.dir/Users/anarojas/.pico-sdk/sdk/2.3.1/src/rp2_common/hardware_irq/irq.c.o
                0x100006f4                irq_add_tail_to_free_list
 .text.user_irq_claim_unused
                0x100007c8       0x28 CMakeFiles/SE1_P6_EQ3_DOS.dir/Users/anarojas/.pico-sdk/sdk/2.3.1/src/rp2_common/hardware_irq/irq.c.o
                0x100007c8                user_irq_claim_unused
 .text.lock_init
                0x100007f0        0xc CMakeFiles/SE1_P6_EQ3_DOS.dir/Users/anarojas/.pico-sdk/sdk/2.3.1/src/common/pico_sync/lock_core.c.o
                0x100007f0                lock_init
 .text.runtime_init_mutex
                0x100007fc       0x4c CMakeFiles/SE1_P6_EQ3_DOS.dir/Users/anarojas/.pico-sdk/sdk/2.3.1/src/common/pico_sync/mutex.c.o
                0x100007fc                runtime_init_mutex
 .text.mutex_init
                0x10000848       0x1c CMakeFiles/SE1_P6_EQ3_DOS.dir/Users/anarojas/.pico-sdk/sdk/2.3.1/src/common/pico_sync/mutex.c.o
                0x10000848                mutex_init
 .text.critical_section_init
                0x10000864       0x1c CMakeFiles/SE1_P6_EQ3_DOS.dir/Users/anarojas/.pico-sdk/sdk/2.3.1/src/common/pico_sync/critical_section.c.o
                0x10000864                critical_section_init
 .text.critical_section_init_with_lock_num
                0x10000880       0x10 CMakeFiles/SE1_P6_EQ3_DOS.dir/Users/anarojas/.pico-sdk/sdk/2.3.1/src/common/pico_sync/critical_section.c.o
                0x10000880                critical_section_init_with_lock_num
 .text.sleep_until_callback
                0x10000890        0x8 CMakeFiles/SE1_P6_EQ3_DOS.dir/Users/anarojas/.pico-sdk/sdk/2.3.1/src/common/pico_time/time.c.o
 .text.alarm_pool_irq_handler
                0x10000898      0x348 CMakeFiles/SE1_P6_EQ3_DOS.dir/Users/anarojas/.pico-sdk/sdk/2.3.1/src/common/pico_time/time.c.o
 .text.runtime_init_default_alarm_pool
                0x10000be0       0xec CMakeFiles/SE1_P6_EQ3_DOS.dir/Users/anarojas/.pico-sdk/sdk/2.3.1/src/common/pico_time/time.c.o
                0x10000be0                runtime_init_default_alarm_pool
 .text.alarm_pool_get_default
                0x10000ccc        0x8 CMakeFiles/SE1_P6_EQ3_DOS.dir/Users/anarojas/.pico-sdk/sdk/2.3.1/src/common/pico_time/time.c.o
                0x10000ccc                alarm_pool_get_default
 .text.alarm_pool_add_alarm_at
                0x10000cd4       0xdc CMakeFiles/SE1_P6_EQ3_DOS.dir/Users/anarojas/.pico-sdk/sdk/2.3.1/src/common/pico_time/time.c.o
                0x10000cd4                alarm_pool_add_alarm_at
 .text.alarm_pool_add_alarm_at_force_in_context
                0x10000db0       0xc8 CMakeFiles/SE1_P6_EQ3_DOS.dir/Users/anarojas/.pico-sdk/sdk/2.3.1/src/common/pico_time/time.c.o
                0x10000db0                alarm_pool_add_alarm_at_force_in_context
 .text.alarm_pool_cancel_alarm
                0x10000e78       0x80 CMakeFiles/SE1_P6_EQ3_DOS.dir/Users/anarojas/.pico-sdk/sdk/2.3.1/src/common/pico_time/time.c.o
                0x10000e78                alarm_pool_cancel_alarm
 .text.alarm_pool_core_num
                0x10000ef8        0x4 CMakeFiles/SE1_P6_EQ3_DOS.dir/Users/anarojas/.pico-sdk/sdk/2.3.1/src/common/pico_time/time.c.o
                0x10000ef8                alarm_pool_core_num
 .text.best_effort_wfe_or_timeout
                0x10000efc       0xcc CMakeFiles/SE1_P6_EQ3_DOS.dir/Users/anarojas/.pico-sdk/sdk/2.3.1/src/common/pico_time/time.c.o
                0x10000efc                best_effort_wfe_or_timeout
 .text.timer_hardware_alarm_claim
                0x10000fc8       0x24 CMakeFiles/SE1_P6_EQ3_DOS.dir/Users/anarojas/.pico-sdk/sdk/2.3.1/src/rp2_common/hardware_timer/timer.c.o
                0x10000fc8                timer_hardware_alarm_claim
 .text.timer_time_us_64
                0x10000fec       0x10 CMakeFiles/SE1_P6_EQ3_DOS.dir/Users/anarojas/.pico-sdk/sdk/2.3.1/src/rp2_common/hardware_timer/timer.c.o
                0x10000fec                timer_time_us_64
 .text.time_us_64
                0x10000ffc       0x14 CMakeFiles/SE1_P6_EQ3_DOS.dir/Users/anarojas/.pico-sdk/sdk/2.3.1/src/rp2_common/hardware_timer/timer.c.o
                0x10000ffc                time_us_64
 .text.busy_wait_us
                0x10001010       0x64 CMakeFiles/SE1_P6_EQ3_DOS.dir/Users/anarojas/.pico-sdk/sdk/2.3.1/src/rp2_common/hardware_timer/timer.c.o
                0x10001010                busy_wait_us
 .text.uart_init
                0x10001074      0x104 CMakeFiles/SE1_P6_EQ3_DOS.dir/Users/anarojas/.pico-sdk/sdk/2.3.1/src/rp2_common/hardware_uart/uart.c.o
                0x10001074                uart_init
 .text.uart_set_format
                0x10001178       0x70 CMakeFiles/SE1_P6_EQ3_DOS.dir/Users/anarojas/.pico-sdk/sdk/2.3.1/src/rp2_common/hardware_uart/uart.c.o
                0x10001178                uart_set_format
 .text.uart_set_fifo_enabled
                0x100011e8       0x58 CMakeFiles/SE1_P6_EQ3_DOS.dir/Users/anarojas/.pico-sdk/sdk/2.3.1/src/rp2_common/hardware_uart/uart.c.o
                0x100011e8                uart_set_fifo_enabled
 .text.clock_configure_undivided
                0x10001240       0xd0 CMakeFiles/SE1_P6_EQ3_DOS.dir/Users/anarojas/.pico-sdk/sdk/2.3.1/src/rp2_common/hardware_clocks/clocks.c.o
                0x10001240                clock_configure_undivided
 .text.clock_get_hz
                0x10001310        0xc CMakeFiles/SE1_P6_EQ3_DOS.dir/Users/anarojas/.pico-sdk/sdk/2.3.1/src/rp2_common/hardware_clocks/clocks.c.o
                0x10001310                clock_get_hz
 .text.pll_init
                0x1000131c       0x8c CMakeFiles/SE1_P6_EQ3_DOS.dir/Users/anarojas/.pico-sdk/sdk/2.3.1/src/rp2_common/hardware_pll/pll.c.o
                0x1000131c                pll_init
 .text.watchdog_reboot
                0x100013a8       0x98 CMakeFiles/SE1_P6_EQ3_DOS.dir/Users/anarojas/.pico-sdk/sdk/2.3.1/src/rp2_common/hardware_watchdog/watchdog.c.o
                0x100013a8                watchdog_reboot
 .text.tick_start
                0x10001440       0x18 CMakeFiles/SE1_P6_EQ3_DOS.dir/Users/anarojas/.pico-sdk/sdk/2.3.1/src/rp2_common/hardware_ticks/ticks.c.o
                0x10001440                tick_start
 .text.rom_reboot.constprop.0.isra.0
                0x10001458       0x34 CMakeFiles/SE1_P6_EQ3_DOS.dir/Users/anarojas/.pico-sdk/sdk/2.3.1/src/rp2_common/pico_bootrom/bootrom.c.o
 .text.rom_func_lookup
                0x1000148c       0x18 CMakeFiles/SE1_P6_EQ3_DOS.dir/Users/anarojas/.pico-sdk/sdk/2.3.1/src/rp2_common/pico_bootrom/bootrom.c.o
                0x1000148c                rom_func_lookup
 .text.rom_reset_usb_boot_extra
                0x100014a4       0x30 CMakeFiles/SE1_P6_EQ3_DOS.dir/Users/anarojas/.pico-sdk/sdk/2.3.1/src/rp2_common/pico_bootrom/bootrom.c.o
                0x100014a4                rom_reset_usb_boot_extra
 .text.runtime_init_bootrom_locking_enable
                0x100014d4       0x14 CMakeFiles/SE1_P6_EQ3_DOS.dir/Users/anarojas/.pico-sdk/sdk/2.3.1/src/rp2_common/pico_bootrom/bootrom_lock.c.o
                0x100014d4                runtime_init_bootrom_locking_enable
 .text.runtime_init_boot_locks_reset
                0x100014e8       0x1c CMakeFiles/SE1_P6_EQ3_DOS.dir/Users/anarojas/.pico-sdk/sdk/2.3.1/src/rp2_common/hardware_boot_lock/boot_lock.c.o
                0x100014e8                runtime_init_boot_locks_reset
 .text.xosc_init
                0x10001504       0x30 CMakeFiles/SE1_P6_EQ3_DOS.dir/Users/anarojas/.pico-sdk/sdk/2.3.1/src/rp2_common/hardware_xosc/xosc.c.o
                0x10001504                xosc_init
 .text.first_per_core_initializer
                0x10001534        0x4 CMakeFiles/SE1_P6_EQ3_DOS.dir/Users/anarojas/.pico-sdk/sdk/2.3.1/src/rp2_common/pico_runtime/runtime.c.o
 .text.hard_assertion_failure
                0x10001538        0xc CMakeFiles/SE1_P6_EQ3_DOS.dir/Users/anarojas/.pico-sdk/sdk/2.3.1/src/rp2_common/pico_runtime/runtime.c.o
                0x10001538                hard_assertion_failure
 .text.runtime_run_initializers
                0x10001544       0x20 CMakeFiles/SE1_P6_EQ3_DOS.dir/Users/anarojas/.pico-sdk/sdk/2.3.1/src/rp2_common/pico_runtime/runtime.c.o
                0x10001544                runtime_run_initializers
 .text.runtime_init_early_resets
                0x10001564       0x34 CMakeFiles/SE1_P6_EQ3_DOS.dir/Users/anarojas/.pico-sdk/sdk/2.3.1/src/rp2_common/pico_runtime_init/runtime_init.c.o
                0x10001564                runtime_init_early_resets
 .text.runtime_init_usb_power_down
                0x10001598       0x1c CMakeFiles/SE1_P6_EQ3_DOS.dir/Users/anarojas/.pico-sdk/sdk/2.3.1/src/rp2_common/pico_runtime_init/runtime_init.c.o
                0x10001598                runtime_init_usb_power_down
 .text.runtime_init_per_core_enable_coprocessors
                0x100015b4       0x1c CMakeFiles/SE1_P6_EQ3_DOS.dir/Users/anarojas/.pico-sdk/sdk/2.3.1/src/rp2_common/pico_runtime_init/runtime_init.c.o
                0x100015b4                runtime_init_per_core_enable_coprocessors
 .text.runtime_init_post_clock_resets
                0x100015d0       0x20 CMakeFiles/SE1_P6_EQ3_DOS.dir/Users/anarojas/.pico-sdk/sdk/2.3.1/src/rp2_common/pico_runtime_init/runtime_init.c.o
                0x100015d0                runtime_init_post_clock_resets
 .text.runtime_init_bootrom_reset
                0x100015f0       0x14 CMakeFiles/SE1_P6_EQ3_DOS.dir/Users/anarojas/.pico-sdk/sdk/2.3.1/src/rp2_common/pico_runtime_init/runtime_init.c.o
                0x100015f0                runtime_init_bootrom_reset
 .text.runtime_init_per_core_bootrom_reset
                0x10001604       0x14 CMakeFiles/SE1_P6_EQ3_DOS.dir/Users/anarojas/.pico-sdk/sdk/2.3.1/src/rp2_common/pico_runtime_init/runtime_init.c.o
                0x10001604                runtime_init_per_core_bootrom_reset
 .text.runtime_init_spin_locks_reset
                0x10001618        0x4 CMakeFiles/SE1_P6_EQ3_DOS.dir/Users/anarojas/.pico-sdk/sdk/2.3.1/src/rp2_common/pico_runtime_init/runtime_init.c.o
                0x10001618                runtime_init_spin_locks_reset
 .text.runtime_init_install_ram_vector_table
                0x1000161c       0x64 CMakeFiles/SE1_P6_EQ3_DOS.dir/Users/anarojas/.pico-sdk/sdk/2.3.1/src/rp2_common/pico_runtime_init/runtime_init.c.o
                0x1000161c                runtime_init_install_ram_vector_table
 .text.runtime_init_clocks
                0x10001680       0xdc CMakeFiles/SE1_P6_EQ3_DOS.dir/Users/anarojas/.pico-sdk/sdk/2.3.1/src/rp2_common/pico_runtime_init/runtime_init_clocks.c.o
                0x10001680                runtime_init_clocks
 .text._out_char
                0x1000175c        0x8 CMakeFiles/SE1_P6_EQ3_DOS.dir/Users/anarojas/.pico-sdk/sdk/2.3.1/src/rp2_common/pico_printf/printf.c.o
 .text.weak_raw_vprintf
                0x10001764       0x30 CMakeFiles/SE1_P6_EQ3_DOS.dir/Users/anarojas/.pico-sdk/sdk/2.3.1/src/rp2_common/pico_printf/printf.c.o
                0x10001764                weak_raw_vprintf
 .text._exit    0x10001794        0x4 CMakeFiles/SE1_P6_EQ3_DOS.dir/Users/anarojas/.pico-sdk/sdk/2.3.1/src/rp2_common/pico_clib_interface/newlib_interface.c.o
                0x10001794                _exit
 .text._fini    0x10001798        0x4 CMakeFiles/SE1_P6_EQ3_DOS.dir/Users/anarojas/.pico-sdk/sdk/2.3.1/src/rp2_common/pico_clib_interface/newlib_interface.c.o
                0x10001798                _fini
 .text.exit     0x1000179c        0x8 CMakeFiles/SE1_P6_EQ3_DOS.dir/Users/anarojas/.pico-sdk/sdk/2.3.1/src/rp2_common/pico_clib_interface/newlib_interface.c.o
                0x1000179c                exit
 .text.runtime_init
                0x100017a4       0x24 CMakeFiles/SE1_P6_EQ3_DOS.dir/Users/anarojas/.pico-sdk/sdk/2.3.1/src/rp2_common/pico_clib_interface/newlib_interface.c.o
                0x100017a4                runtime_init
 .text.stdio_out_chars_no_crlf
                0x100017c8        0x8 CMakeFiles/SE1_P6_EQ3_DOS.dir/Users/anarojas/.pico-sdk/sdk/2.3.1/src/rp2_common/pico_stdio/stdio.c.o
 .text.stdio_out_chars_crlf
                0x100017d0       0xac CMakeFiles/SE1_P6_EQ3_DOS.dir/Users/anarojas/.pico-sdk/sdk/2.3.1/src/rp2_common/pico_stdio/stdio.c.o
 .text.stdio_put_string
                0x1000187c       0xf0 CMakeFiles/SE1_P6_EQ3_DOS.dir/Users/anarojas/.pico-sdk/sdk/2.3.1/src/rp2_common/pico_stdio/stdio.c.o
                0x1000187c                stdio_put_string
 .text.stdio_set_driver_enabled
                0x1000196c       0x30 CMakeFiles/SE1_P6_EQ3_DOS.dir/Users/anarojas/.pico-sdk/sdk/2.3.1/src/rp2_common/pico_stdio/stdio.c.o
                0x1000196c                stdio_set_driver_enabled
 .text.stdio_init_all
                0x1000199c        0x4 CMakeFiles/SE1_P6_EQ3_DOS.dir/Users/anarojas/.pico-sdk/sdk/2.3.1/src/rp2_common/pico_stdio/stdio.c.o
                0x1000199c                stdio_init_all
 .text.stdio_getchar_timeout_us
                0x100019a0       0x8c CMakeFiles/SE1_P6_EQ3_DOS.dir/Users/anarojas/.pico-sdk/sdk/2.3.1/src/rp2_common/pico_stdio/stdio.c.o
                0x100019a0                stdio_getchar_timeout_us
 .text.__wrap_putchar
                0x10001a2c       0x84 CMakeFiles/SE1_P6_EQ3_DOS.dir/Users/anarojas/.pico-sdk/sdk/2.3.1/src/rp2_common/pico_stdio/stdio.c.o
                0x10001a2c                stdio_putchar
                0x10001a2c                __wrap_putchar
 .text.__wrap_puts
                0x10001ab0       0x3c CMakeFiles/SE1_P6_EQ3_DOS.dir/Users/anarojas/.pico-sdk/sdk/2.3.1/src/rp2_common/pico_stdio/stdio.c.o
                0x10001ab0                __wrap_puts
                0x10001ab0                stdio_puts
 .text.stdio_usb_set_chars_available_callback
                0x10001aec       0x14 CMakeFiles/SE1_P6_EQ3_DOS.dir/Users/anarojas/.pico-sdk/sdk/2.3.1/src/rp2_common/pico_stdio_usb/stdio_usb.c.o
                0x10001aec                stdio_usb_set_chars_available_callback
 .text.timer_task
                0x10001b00       0x70 CMakeFiles/SE1_P6_EQ3_DOS.dir/Users/anarojas/.pico-sdk/sdk/2.3.1/src/rp2_common/pico_stdio_usb/stdio_usb.c.o
 .text.usb_irq  0x10001b70        0xc CMakeFiles/SE1_P6_EQ3_DOS.dir/Users/anarojas/.pico-sdk/sdk/2.3.1/src/rp2_common/pico_stdio_usb/stdio_usb.c.o
 .text.stdio_usb_in_chars
                0x10001b7c       0x88 CMakeFiles/SE1_P6_EQ3_DOS.dir/Users/anarojas/.pico-sdk/sdk/2.3.1/src/rp2_common/pico_stdio_usb/stdio_usb.c.o
                0x10001b7c                stdio_usb_in_chars
 .text.stdio_usb_out_flush
                0x10001c04       0x54 CMakeFiles/SE1_P6_EQ3_DOS.dir/Users/anarojas/.pico-sdk/sdk/2.3.1/src/rp2_common/pico_stdio_usb/stdio_usb.c.o
 .text.stdio_usb_out_chars
                0x10001c58       0xf4 CMakeFiles/SE1_P6_EQ3_DOS.dir/Users/anarojas/.pico-sdk/sdk/2.3.1/src/rp2_common/pico_stdio_usb/stdio_usb.c.o
 .text.low_priority_worker_irq
                0x10001d4c       0xd8 CMakeFiles/SE1_P6_EQ3_DOS.dir/Users/anarojas/.pico-sdk/sdk/2.3.1/src/rp2_common/pico_stdio_usb/stdio_usb.c.o
 .text.stdio_usb_init
                0x10001e24       0xe8 CMakeFiles/SE1_P6_EQ3_DOS.dir/Users/anarojas/.pico-sdk/sdk/2.3.1/src/rp2_common/pico_stdio_usb/stdio_usb.c.o
                0x10001e24                stdio_usb_init
 .text.tud_descriptor_device_cb
                0x10001f0c        0x8 CMakeFiles/SE1_P6_EQ3_DOS.dir/Users/anarojas/.pico-sdk/sdk/2.3.1/src/rp2_common/pico_stdio_usb/stdio_usb_descriptors.c.o
                0x10001f0c                tud_descriptor_device_cb
 .text.tud_descriptor_configuration_cb
                0x10001f14        0x8 CMakeFiles/SE1_P6_EQ3_DOS.dir/Users/anarojas/.pico-sdk/sdk/2.3.1/src/rp2_common/pico_stdio_usb/stdio_usb_descriptors.c.o
                0x10001f14                tud_descriptor_configuration_cb
 .text.tud_descriptor_string_cb
                0x10001f1c       0x70 CMakeFiles/SE1_P6_EQ3_DOS.dir/Users/anarojas/.pico-sdk/sdk/2.3.1/src/rp2_common/pico_stdio_usb/stdio_usb_descriptors.c.o
                0x10001f1c                tud_descriptor_string_cb
 .text.startup._retrieve_unique_id_on_boot
                0x10001f8c       0x30 CMakeFiles/SE1_P6_EQ3_DOS.dir/Users/anarojas/.pico-sdk/sdk/2.3.1/src/rp2_common/pico_unique_id/unique_id.c.o
 .text.pico_get_unique_board_id_string
                0x10001fbc      0x184 CMakeFiles/SE1_P6_EQ3_DOS.dir/Users/anarojas/.pico-sdk/sdk/2.3.1/src/rp2_common/pico_unique_id/unique_id.c.o
                0x10001fbc                pico_get_unique_board_id_string
 .text.usb_reset_interface_init
                0x10002140        0x4 CMakeFiles/SE1_P6_EQ3_DOS.dir/Users/anarojas/.pico-sdk/sdk/2.3.1/src/rp2_common/pico_usb_reset/usb_reset.c.o
                0x10002140                usb_reset_interface_init
 .text.usb_reset_interface_reset
                0x10002144        0xc CMakeFiles/SE1_P6_EQ3_DOS.dir/Users/anarojas/.pico-sdk/sdk/2.3.1/src/rp2_common/pico_usb_reset/usb_reset.c.o
                0x10002144                usb_reset_interface_reset
 .text.usb_reset_interface_open
                0x10002150       0x28 CMakeFiles/SE1_P6_EQ3_DOS.dir/Users/anarojas/.pico-sdk/sdk/2.3.1/src/rp2_common/pico_usb_reset/usb_reset.c.o
                0x10002150                usb_reset_interface_open
 .text.usb_reset_interface_xfer_cb
                0x10002178        0x4 CMakeFiles/SE1_P6_EQ3_DOS.dir/Users/anarojas/.pico-sdk/sdk/2.3.1/src/rp2_common/pico_usb_reset/usb_reset.c.o
                0x10002178                usb_reset_interface_xfer_cb
 .text.usb_reset_interface_control_xfer_cb
                0x1000217c       0x50 CMakeFiles/SE1_P6_EQ3_DOS.dir/Users/anarojas/.pico-sdk/sdk/2.3.1/src/rp2_common/pico_usb_reset/usb_reset.c.o
                0x1000217c                usb_reset_interface_control_xfer_cb
 .text.tud_descriptor_bos_cb
                0x100021cc        0x8 CMakeFiles/SE1_P6_EQ3_DOS.dir/Users/anarojas/.pico-sdk/sdk/2.3.1/src/rp2_common/pico_usb_reset/usb_reset.c.o
                0x100021cc                tud_descriptor_bos_cb
 .text.tud_vendor_control_xfer_cb
                0x100021d4       0x28 CMakeFiles/SE1_P6_EQ3_DOS.dir/Users/anarojas/.pico-sdk/sdk/2.3.1/src/rp2_common/pico_usb_reset/usb_reset.c.o
                0x100021d4                tud_vendor_control_xfer_cb
 .text.usbd_app_driver_get_cb
                0x100021fc       0x10 CMakeFiles/SE1_P6_EQ3_DOS.dir/Users/anarojas/.pico-sdk/sdk/2.3.1/src/rp2_common/pico_usb_reset/usb_reset.c.o
                0x100021fc                usbd_app_driver_get_cb
 .text.tud_cdc_line_coding_cb
                0x1000220c       0x18 CMakeFiles/SE1_P6_EQ3_DOS.dir/Users/anarojas/.pico-sdk/sdk/2.3.1/src/rp2_common/pico_usb_reset/usb_reset.c.o
                0x1000220c                tud_cdc_line_coding_cb
 .text.dcd_init
                0x10002224       0x90 CMakeFiles/SE1_P6_EQ3_DOS.dir/Users/anarojas/.pico-sdk/sdk/2.3.1/lib/tinyusb/src/portable/raspberrypi/rp2040/dcd_rp2040.c.o
                0x10002224                dcd_init
 .text.dcd_int_enable
                0x100022b4        0x8 CMakeFiles/SE1_P6_EQ3_DOS.dir/Users/anarojas/.pico-sdk/sdk/2.3.1/lib/tinyusb/src/portable/raspberrypi/rp2040/dcd_rp2040.c.o
                0x100022b4                dcd_int_enable
 .text.dcd_set_address
                0x100022bc       0x10 CMakeFiles/SE1_P6_EQ3_DOS.dir/Users/anarojas/.pico-sdk/sdk/2.3.1/lib/tinyusb/src/portable/raspberrypi/rp2040/dcd_rp2040.c.o
                0x100022bc                dcd_set_address
 .text.dcd_sof_enable
                0x100022cc       0x1c CMakeFiles/SE1_P6_EQ3_DOS.dir/Users/anarojas/.pico-sdk/sdk/2.3.1/lib/tinyusb/src/portable/raspberrypi/rp2040/dcd_rp2040.c.o
                0x100022cc                dcd_sof_enable
 .text.dcd_edpt0_status_complete
                0x100022e8       0x1c CMakeFiles/SE1_P6_EQ3_DOS.dir/Users/anarojas/.pico-sdk/sdk/2.3.1/lib/tinyusb/src/portable/raspberrypi/rp2040/dcd_rp2040.c.o
                0x100022e8                dcd_edpt0_status_complete
 .text.dcd_edpt_open
                0x10002304       0xfc CMakeFiles/SE1_P6_EQ3_DOS.dir/Users/anarojas/.pico-sdk/sdk/2.3.1/lib/tinyusb/src/portable/raspberrypi/rp2040/dcd_rp2040.c.o
                0x10002304                dcd_edpt_open
 .text.dcd_edpt_close_all
                0x10002400        0x4 CMakeFiles/SE1_P6_EQ3_DOS.dir/Users/anarojas/.pico-sdk/sdk/2.3.1/lib/tinyusb/src/portable/raspberrypi/rp2040/dcd_rp2040.c.o
                0x10002400                dcd_edpt_close_all
 .text.dcd_edpt_xfer
                0x10002404       0x28 CMakeFiles/SE1_P6_EQ3_DOS.dir/Users/anarojas/.pico-sdk/sdk/2.3.1/lib/tinyusb/src/portable/raspberrypi/rp2040/dcd_rp2040.c.o
                0x10002404                dcd_edpt_xfer
 .text.dcd_edpt_stall
                0x1000242c       0x2c CMakeFiles/SE1_P6_EQ3_DOS.dir/Users/anarojas/.pico-sdk/sdk/2.3.1/lib/tinyusb/src/portable/raspberrypi/rp2040/dcd_rp2040.c.o
                0x1000242c                dcd_edpt_stall
 .text.dcd_edpt_clear_stall
                0x10002458       0x2c CMakeFiles/SE1_P6_EQ3_DOS.dir/Users/anarojas/.pico-sdk/sdk/2.3.1/lib/tinyusb/src/portable/raspberrypi/rp2040/dcd_rp2040.c.o
                0x10002458                dcd_edpt_clear_stall
 .text.rp2040_usb_init
                0x10002484       0x40 CMakeFiles/SE1_P6_EQ3_DOS.dir/Users/anarojas/.pico-sdk/sdk/2.3.1/lib/tinyusb/src/portable/raspberrypi/rp2040/rp2040_usb.c.o
                0x10002484                rp2040_usb_init
 .text.hw_endpoint_xfer_start
                0x100024c4       0x40 CMakeFiles/SE1_P6_EQ3_DOS.dir/Users/anarojas/.pico-sdk/sdk/2.3.1/lib/tinyusb/src/portable/raspberrypi/rp2040/rp2040_usb.c.o
                0x100024c4                hw_endpoint_xfer_start
 .text.configuration_reset
                0x10002504       0x8c CMakeFiles/SE1_P6_EQ3_DOS.dir/Users/anarojas/.pico-sdk/sdk/2.3.1/lib/tinyusb/src/device/usbd.c.o
 .text.tud_event_hook_cb
                0x10002590        0x4 CMakeFiles/SE1_P6_EQ3_DOS.dir/Users/anarojas/.pico-sdk/sdk/2.3.1/lib/tinyusb/src/device/usbd.c.o
                0x10002590                tud_event_hook_cb
 .text.tud_sof_cb
                0x10002594        0x4 CMakeFiles/SE1_P6_EQ3_DOS.dir/Users/anarojas/.pico-sdk/sdk/2.3.1/lib/tinyusb/src/device/usbd.c.o
                0x10002594                tud_sof_cb
 .text.tud_descriptor_device_qualifier_cb
                0x10002598        0x4 CMakeFiles/SE1_P6_EQ3_DOS.dir/Users/anarojas/.pico-sdk/sdk/2.3.1/lib/tinyusb/src/device/usbd.c.o
                0x10002598                tud_descriptor_device_qualifier_cb
 .text.tud_descriptor_other_speed_configuration_cb
                0x1000259c        0x4 CMakeFiles/SE1_P6_EQ3_DOS.dir/Users/anarojas/.pico-sdk/sdk/2.3.1/lib/tinyusb/src/device/usbd.c.o
                0x1000259c                tud_descriptor_other_speed_configuration_cb
 .text.tud_mount_cb
                0x100025a0        0x4 CMakeFiles/SE1_P6_EQ3_DOS.dir/Users/anarojas/.pico-sdk/sdk/2.3.1/lib/tinyusb/src/device/usbd.c.o
                0x100025a0                tud_mount_cb
 .text.tud_umount_cb
                0x100025a4        0x4 CMakeFiles/SE1_P6_EQ3_DOS.dir/Users/anarojas/.pico-sdk/sdk/2.3.1/lib/tinyusb/src/device/usbd.c.o
                0x100025a4                tud_umount_cb
 .text.tud_suspend_cb
                0x100025a8        0x4 CMakeFiles/SE1_P6_EQ3_DOS.dir/Users/anarojas/.pico-sdk/sdk/2.3.1/lib/tinyusb/src/device/usbd.c.o
                0x100025a8                tud_suspend_cb
 .text.tud_resume_cb
                0x100025ac        0x4 CMakeFiles/SE1_P6_EQ3_DOS.dir/Users/anarojas/.pico-sdk/sdk/2.3.1/lib/tinyusb/src/device/usbd.c.o
                0x100025ac                tud_resume_cb
 .text.tud_mounted
                0x100025b0       0x10 CMakeFiles/SE1_P6_EQ3_DOS.dir/Users/anarojas/.pico-sdk/sdk/2.3.1/lib/tinyusb/src/device/usbd.c.o
                0x100025b0                tud_mounted
 .text.tud_suspended
                0x100025c0       0x10 CMakeFiles/SE1_P6_EQ3_DOS.dir/Users/anarojas/.pico-sdk/sdk/2.3.1/lib/tinyusb/src/device/usbd.c.o
                0x100025c0                tud_suspended
 .text.tud_rhport_init
                0x100025d0       0xf8 CMakeFiles/SE1_P6_EQ3_DOS.dir/Users/anarojas/.pico-sdk/sdk/2.3.1/lib/tinyusb/src/device/usbd.c.o
                0x100025d0                tud_rhport_init
 .text.tud_task_ext
                0x100026c8      0x760 CMakeFiles/SE1_P6_EQ3_DOS.dir/Users/anarojas/.pico-sdk/sdk/2.3.1/lib/tinyusb/src/device/usbd.c.o
                0x100026c8                tud_task_ext
 .text.usbd_open_edpt_pair
                0x10002e28       0x9c CMakeFiles/SE1_P6_EQ3_DOS.dir/Users/anarojas/.pico-sdk/sdk/2.3.1/lib/tinyusb/src/device/usbd.c.o
                0x10002e28                usbd_open_edpt_pair
 .text.usbd_edpt_open
                0x10002ec4       0x44 CMakeFiles/SE1_P6_EQ3_DOS.dir/Users/anarojas/.pico-sdk/sdk/2.3.1/lib/tinyusb/src/device/usbd.c.o
                0x10002ec4                usbd_edpt_open
 .text.usbd_edpt_claim
                0x10002f08       0x24 CMakeFiles/SE1_P6_EQ3_DOS.dir/Users/anarojas/.pico-sdk/sdk/2.3.1/lib/tinyusb/src/device/usbd.c.o
                0x10002f08                usbd_edpt_claim
 .text.usbd_edpt_release
                0x10002f2c       0x24 CMakeFiles/SE1_P6_EQ3_DOS.dir/Users/anarojas/.pico-sdk/sdk/2.3.1/lib/tinyusb/src/device/usbd.c.o
                0x10002f2c                usbd_edpt_release
 .text.usbd_edpt_xfer
                0x10002f50       0x70 CMakeFiles/SE1_P6_EQ3_DOS.dir/Users/anarojas/.pico-sdk/sdk/2.3.1/lib/tinyusb/src/device/usbd.c.o
                0x10002f50                usbd_edpt_xfer
 .text.tud_control_status
                0x10002fc0       0x34 CMakeFiles/SE1_P6_EQ3_DOS.dir/Users/anarojas/.pico-sdk/sdk/2.3.1/lib/tinyusb/src/device/usbd_control.c.o
                0x10002fc0                tud_control_status
 .text.tud_control_xfer
                0x10002ff4       0xac CMakeFiles/SE1_P6_EQ3_DOS.dir/Users/anarojas/.pico-sdk/sdk/2.3.1/lib/tinyusb/src/device/usbd_control.c.o
                0x10002ff4                tud_control_xfer
 .text.usbd_control_reset
                0x100030a0       0x14 CMakeFiles/SE1_P6_EQ3_DOS.dir/Users/anarojas/.pico-sdk/sdk/2.3.1/lib/tinyusb/src/device/usbd_control.c.o
                0x100030a0                usbd_control_reset
 .text.usbd_control_set_complete_callback
                0x100030b4        0xc CMakeFiles/SE1_P6_EQ3_DOS.dir/Users/anarojas/.pico-sdk/sdk/2.3.1/lib/tinyusb/src/device/usbd_control.c.o
                0x100030b4                usbd_control_set_complete_callback
 .text.usbd_control_set_request
                0x100030c0       0x1c CMakeFiles/SE1_P6_EQ3_DOS.dir/Users/anarojas/.pico-sdk/sdk/2.3.1/lib/tinyusb/src/device/usbd_control.c.o
                0x100030c0                usbd_control_set_request
 .text.usbd_control_xfer_cb
                0x100030dc       0xfc CMakeFiles/SE1_P6_EQ3_DOS.dir/Users/anarojas/.pico-sdk/sdk/2.3.1/lib/tinyusb/src/device/usbd_control.c.o
                0x100030dc                usbd_control_xfer_cb
 .text._prep_out_transaction.isra.0
                0x100031d8       0x74 CMakeFiles/SE1_P6_EQ3_DOS.dir/Users/anarojas/.pico-sdk/sdk/2.3.1/lib/tinyusb/src/class/cdc/cdc_device.c.o
 .text.tud_cdc_n_connected
                0x1000324c       0x2c CMakeFiles/SE1_P6_EQ3_DOS.dir/Users/anarojas/.pico-sdk/sdk/2.3.1/lib/tinyusb/src/class/cdc/cdc_device.c.o
                0x1000324c                tud_cdc_n_connected
 .text.tud_cdc_n_available
                0x10003278       0x18 CMakeFiles/SE1_P6_EQ3_DOS.dir/Users/anarojas/.pico-sdk/sdk/2.3.1/lib/tinyusb/src/class/cdc/cdc_device.c.o
                0x10003278                tud_cdc_n_available
 .text.tud_cdc_n_read
                0x10003290       0x8c CMakeFiles/SE1_P6_EQ3_DOS.dir/Users/anarojas/.pico-sdk/sdk/2.3.1/lib/tinyusb/src/class/cdc/cdc_device.c.o
                0x10003290                tud_cdc_n_read
 .text.tud_cdc_n_write_flush
                0x1000331c       0x8c CMakeFiles/SE1_P6_EQ3_DOS.dir/Users/anarojas/.pico-sdk/sdk/2.3.1/lib/tinyusb/src/class/cdc/cdc_device.c.o
                0x1000331c                tud_cdc_n_write_flush
 .text.tud_cdc_n_write
                0x100033a8       0x44 CMakeFiles/SE1_P6_EQ3_DOS.dir/Users/anarojas/.pico-sdk/sdk/2.3.1/lib/tinyusb/src/class/cdc/cdc_device.c.o
                0x100033a8                tud_cdc_n_write
 .text.tud_cdc_n_write_available
                0x100033ec       0x18 CMakeFiles/SE1_P6_EQ3_DOS.dir/Users/anarojas/.pico-sdk/sdk/2.3.1/lib/tinyusb/src/class/cdc/cdc_device.c.o
                0x100033ec                tud_cdc_n_write_available
 .text.cdcd_init
                0x10003404       0x70 CMakeFiles/SE1_P6_EQ3_DOS.dir/Users/anarojas/.pico-sdk/sdk/2.3.1/lib/tinyusb/src/class/cdc/cdc_device.c.o
                0x10003404                cdcd_init
 .text.cdcd_deinit
                0x10003474       0x2c CMakeFiles/SE1_P6_EQ3_DOS.dir/Users/anarojas/.pico-sdk/sdk/2.3.1/lib/tinyusb/src/class/cdc/cdc_device.c.o
                0x10003474                cdcd_deinit
 .text.cdcd_reset
                0x100034a0       0x4c CMakeFiles/SE1_P6_EQ3_DOS.dir/Users/anarojas/.pico-sdk/sdk/2.3.1/lib/tinyusb/src/class/cdc/cdc_device.c.o
                0x100034a0                cdcd_reset
 .text.cdcd_open
                0x100034ec       0xbc CMakeFiles/SE1_P6_EQ3_DOS.dir/Users/anarojas/.pico-sdk/sdk/2.3.1/lib/tinyusb/src/class/cdc/cdc_device.c.o
                0x100034ec                cdcd_open
 .text.cdcd_control_xfer_cb
                0x100035a8       0xc0 CMakeFiles/SE1_P6_EQ3_DOS.dir/Users/anarojas/.pico-sdk/sdk/2.3.1/lib/tinyusb/src/class/cdc/cdc_device.c.o
                0x100035a8                cdcd_control_xfer_cb
 .text.cdcd_xfer_cb
                0x10003668       0xfc CMakeFiles/SE1_P6_EQ3_DOS.dir/Users/anarojas/.pico-sdk/sdk/2.3.1/lib/tinyusb/src/class/cdc/cdc_device.c.o
                0x10003668                cdcd_xfer_cb
 .text.tusb_rhport_init
                0x10003764       0x60 CMakeFiles/SE1_P6_EQ3_DOS.dir/Users/anarojas/.pico-sdk/sdk/2.3.1/lib/tinyusb/src/tusb.c.o
                0x10003764                tusb_rhport_init
 .text.tu_edpt_claim
                0x100037c4       0x54 CMakeFiles/SE1_P6_EQ3_DOS.dir/Users/anarojas/.pico-sdk/sdk/2.3.1/lib/tinyusb/src/tusb.c.o
                0x100037c4                tu_edpt_claim
 .text.tu_edpt_release
                0x10003818       0x38 CMakeFiles/SE1_P6_EQ3_DOS.dir/Users/anarojas/.pico-sdk/sdk/2.3.1/lib/tinyusb/src/tusb.c.o
                0x10003818                tu_edpt_release
 .text.tu_edpt_validate
                0x10003850       0x64 CMakeFiles/SE1_P6_EQ3_DOS.dir/Users/anarojas/.pico-sdk/sdk/2.3.1/lib/tinyusb/src/tusb.c.o
                0x10003850                tu_edpt_validate
 .text.tu_edpt_bind_driver
                0x100038b4       0x58 CMakeFiles/SE1_P6_EQ3_DOS.dir/Users/anarojas/.pico-sdk/sdk/2.3.1/lib/tinyusb/src/tusb.c.o
                0x100038b4                tu_edpt_bind_driver
 .text.tu_fifo_config
                0x1000390c       0x60 CMakeFiles/SE1_P6_EQ3_DOS.dir/Users/anarojas/.pico-sdk/sdk/2.3.1/lib/tinyusb/src/common/tusb_fifo.c.o
                0x1000390c                tu_fifo_config
 .text.tu_fifo_count
                0x1000396c       0x20 CMakeFiles/SE1_P6_EQ3_DOS.dir/Users/anarojas/.pico-sdk/sdk/2.3.1/lib/tinyusb/src/common/tusb_fifo.c.o
                0x1000396c                tu_fifo_count
 .text.tu_fifo_empty
                0x1000398c       0x14 CMakeFiles/SE1_P6_EQ3_DOS.dir/Users/anarojas/.pico-sdk/sdk/2.3.1/lib/tinyusb/src/common/tusb_fifo.c.o
                0x1000398c                tu_fifo_empty
 .text.tu_fifo_remaining
                0x100039a0       0x24 CMakeFiles/SE1_P6_EQ3_DOS.dir/Users/anarojas/.pico-sdk/sdk/2.3.1/lib/tinyusb/src/common/tusb_fifo.c.o
                0x100039a0                tu_fifo_remaining
 .text.tu_fifo_read
                0x100039c4       0x94 CMakeFiles/SE1_P6_EQ3_DOS.dir/Users/anarojas/.pico-sdk/sdk/2.3.1/lib/tinyusb/src/common/tusb_fifo.c.o
                0x100039c4                tu_fifo_read
 .text.tu_fifo_read_n
                0x10003a58       0xd8 CMakeFiles/SE1_P6_EQ3_DOS.dir/Users/anarojas/.pico-sdk/sdk/2.3.1/lib/tinyusb/src/common/tusb_fifo.c.o
                0x10003a58                tu_fifo_read_n
 .text.tu_fifo_write
                0x10003b30       0xa0 CMakeFiles/SE1_P6_EQ3_DOS.dir/Users/anarojas/.pico-sdk/sdk/2.3.1/lib/tinyusb/src/common/tusb_fifo.c.o
                0x10003b30                tu_fifo_write
 .text.tu_fifo_write_n
                0x10003bd0      0x158 CMakeFiles/SE1_P6_EQ3_DOS.dir/Users/anarojas/.pico-sdk/sdk/2.3.1/lib/tinyusb/src/common/tusb_fifo.c.o
                0x10003bd0                tu_fifo_write_n
 .text.tu_fifo_clear
                0x10003d28       0x38 CMakeFiles/SE1_P6_EQ3_DOS.dir/Users/anarojas/.pico-sdk/sdk/2.3.1/lib/tinyusb/src/common/tusb_fifo.c.o
                0x10003d28                tu_fifo_clear
 .text.tu_fifo_set_overwritable
                0x10003d60       0x3c CMakeFiles/SE1_P6_EQ3_DOS.dir/Users/anarojas/.pico-sdk/sdk/2.3.1/lib/tinyusb/src/common/tusb_fifo.c.o
                0x10003d60                tu_fifo_set_overwritable
 .text.memset   0x10003d9c       0xa4 /Users/anarojas/.pico-sdk/toolchain/13_2_Rel1/bin/../lib/gcc/arm-none-eabi/13.2.1/../../../../arm-none-eabi/lib/thumb/v8-m.main+fp/softfp/libg.a(libc_a-memset.o)
                0x10003d9c                memset
 .text          0x10003e40       0xec /Users/anarojas/.pico-sdk/toolchain/13_2_Rel1/bin/../lib/gcc/arm-none-eabi/13.2.1/../../../../arm-none-eabi/lib/thumb/v8-m.main+fp/softfp/libg.a(libc_a-memcpy.o)
                0x10003e40                memcpy
 .text.strlen   0x10003f2c       0x5c /Users/anarojas/.pico-sdk/toolchain/13_2_Rel1/bin/../lib/gcc/arm-none-eabi/13.2.1/../../../../arm-none-eabi/lib/thumb/v8-m.main+fp/softfp/libg.a(libc_a-strlen-stub.o)
                0x10003f2c                strlen
 .text.strlen.__stub
                0x10003f88       0x48 linker stubs
 *(.fini)
 *crtbegin.o(.ctors)
 *crtbegin?.o(.ctors)
 *(EXCLUDE_FILE(*crtend.o *crtend?.o) .ctors)
 *(SORT_BY_NAME(.ctors.*))
 *(.ctors)
 *crtbegin.o(.dtors)
 *crtbegin?.o(.dtors)
 *(EXCLUDE_FILE(*crtend.o *crtend?.o) .dtors)
 *(SORT_BY_NAME(.dtors.*))
 *(.dtors)
                0x10003fd0                        . = ALIGN (0x4)
                [!provide]                        PROVIDE (__bothinit_array_start = .)
                0x10003fd0                        PROVIDE (__preinit_array_start = .)
 *(SORT_BY_NAME(.preinit_array.*))
 .preinit_array.00050
                0x10003fd0        0x4 CMakeFiles/SE1_P6_EQ3_DOS.dir/Users/anarojas/.pico-sdk/sdk/2.3.1/src/rp2_common/pico_runtime_init/runtime_init.c.o
                0x10003fd0                __pre_init_runtime_init_bootrom_reset
 .preinit_array.00100
                0x10003fd4        0x4 CMakeFiles/SE1_P6_EQ3_DOS.dir/Users/anarojas/.pico-sdk/sdk/2.3.1/src/rp2_common/pico_runtime_init/runtime_init.c.o
                0x10003fd4                __pre_init_runtime_init_early_resets
 .preinit_array.00101
                0x10003fd8        0x4 CMakeFiles/SE1_P6_EQ3_DOS.dir/Users/anarojas/.pico-sdk/sdk/2.3.1/src/rp2_common/pico_runtime_init/runtime_init.c.o
                0x10003fd8                __pre_init_runtime_init_usb_power_down
 .preinit_array.00500
                0x10003fdc        0x4 CMakeFiles/SE1_P6_EQ3_DOS.dir/Users/anarojas/.pico-sdk/sdk/2.3.1/src/rp2_common/pico_runtime_init/runtime_init.c.o
                0x10003fdc                __pre_init_runtime_init_clocks
 .preinit_array.00600
                0x10003fe0        0x4 CMakeFiles/SE1_P6_EQ3_DOS.dir/Users/anarojas/.pico-sdk/sdk/2.3.1/src/rp2_common/pico_runtime_init/runtime_init.c.o
                0x10003fe0                __pre_init_runtime_init_post_clock_resets
 .preinit_array.01000
                0x10003fe4        0x4 CMakeFiles/SE1_P6_EQ3_DOS.dir/Users/anarojas/.pico-sdk/sdk/2.3.1/src/rp2_common/hardware_boot_lock/boot_lock.c.o
                0x10003fe4                __pre_init_runtime_init_boot_locks_reset
 .preinit_array.01000
                0x10003fe8        0x4 CMakeFiles/SE1_P6_EQ3_DOS.dir/Users/anarojas/.pico-sdk/sdk/2.3.1/src/rp2_common/pico_runtime_init/runtime_init.c.o
                0x10003fe8                __pre_init_runtime_init_spin_locks_reset
 .preinit_array.01010
                0x10003fec        0x4 CMakeFiles/SE1_P6_EQ3_DOS.dir/Users/anarojas/.pico-sdk/sdk/2.3.1/src/rp2_common/pico_bootrom/bootrom_lock.c.o
                0x10003fec                __pre_init_runtime_init_bootrom_locking_enable
 .preinit_array.01100
                0x10003ff0        0x4 CMakeFiles/SE1_P6_EQ3_DOS.dir/Users/anarojas/.pico-sdk/sdk/2.3.1/src/common/pico_sync/mutex.c.o
                0x10003ff0                __pre_init_runtime_init_mutex
 .preinit_array.10080
                0x10003ff4        0x4 CMakeFiles/SE1_P6_EQ3_DOS.dir/Users/anarojas/.pico-sdk/sdk/2.3.1/src/rp2_common/pico_runtime_init/runtime_init.c.o
                0x10003ff4                __pre_init_runtime_init_install_ram_vector_table
 .preinit_array.11000
                0x10003ff8        0x4 CMakeFiles/SE1_P6_EQ3_DOS.dir/Users/anarojas/.pico-sdk/sdk/2.3.1/src/common/pico_time/time.c.o
                0x10003ff8                __pre_init_runtime_init_default_alarm_pool
 .preinit_array.YYYYY
                0x10003ffc        0x4 CMakeFiles/SE1_P6_EQ3_DOS.dir/Users/anarojas/.pico-sdk/sdk/2.3.1/src/rp2_common/pico_runtime/runtime.c.o
                0x10003ffc                __pre_init_first_per_core_initializer
 .preinit_array.ZZZZZ.00051
                0x10004000        0x4 CMakeFiles/SE1_P6_EQ3_DOS.dir/Users/anarojas/.pico-sdk/sdk/2.3.1/src/rp2_common/pico_runtime_init/runtime_init.c.o
                0x10004000                __pre_init_runtime_init_per_core_bootrom_reset
 .preinit_array.ZZZZZ.00200
                0x10004004        0x4 CMakeFiles/SE1_P6_EQ3_DOS.dir/Users/anarojas/.pico-sdk/sdk/2.3.1/src/rp2_common/pico_runtime_init/runtime_init.c.o
                0x10004004                __pre_init_runtime_init_per_core_enable_coprocessors
 .preinit_array.ZZZZZ.01000
                0x10004008        0x4 CMakeFiles/SE1_P6_EQ3_DOS.dir/Users/anarojas/.pico-sdk/sdk/2.3.1/src/rp2_common/hardware_sync_spin_lock/sync_spin_lock.c.o
                0x10004008                __pre_init_spinlock_set_extexclall
 .preinit_array.ZZZZZ.01200
                0x1000400c        0x4 CMakeFiles/SE1_P6_EQ3_DOS.dir/Users/anarojas/.pico-sdk/sdk/2.3.1/src/rp2_common/hardware_irq/irq.c.o
                0x1000400c                __pre_init_runtime_init_per_core_irq_priorities
 *(.preinit_array)
                0x10004010                        PROVIDE (__preinit_array_end = .)
                0x10004010                        . = ALIGN (0x4)
                0x10004010                        PROVIDE (__init_array_start = .)
 *(SORT_BY_NAME(.init_array.*))
 .init_array.01000
                0x10004010        0x4 CMakeFiles/SE1_P6_EQ3_DOS.dir/Users/anarojas/.pico-sdk/sdk/2.3.1/src/rp2_common/pico_unique_id/unique_id.c.o
 *(.init_array)
                0x10004014                        PROVIDE (__init_array_end = .)
                [!provide]                        PROVIDE (__bothinit_array_end = .)
                0x10004014                        . = ALIGN (0x4)
                [!provide]                        PROVIDE (__fini_array_start = .)
 *(SORT_BY_NAME(.fini_array.*))
 *(.fini_array)
                [!provide]                        PROVIDE (__fini_array_end = .)
                [!provide]                        PROVIDE (__dso_handle = 0x0)
 *(.eh_frame*)
                0x10004014                        . = ALIGN (0x4)

.glue_7         0x10004014        0x0
 .glue_7        0x10004014        0x0 linker stubs

.glue_7t        0x10004014        0x0
 .glue_7t       0x10004014        0x0 linker stubs

.vfp11_veneer   0x10004014        0x0
 .vfp11_veneer  0x10004014        0x0 linker stubs

.v4_bx          0x10004014        0x0
 .v4_bx         0x10004014        0x0 linker stubs

.iplt           0x10004014        0x0
 .iplt          0x10004014        0x0 CMakeFiles/SE1_P6_EQ3_DOS.dir/SE1_P6_EQ3_DOS.c.o

.boot2          0x10004014        0x0
                0x10004014                        __boot2_start__ = .
 *(.boot2)
                0x10004014                        __boot2_end__ = .
                0x00000001                        ASSERT (((__boot2_end__ - __boot2_start__) <= 0x100), ERROR: Pico second stage bootloader must be no more than 256 bytes in size)

.rodata         0x10004014      0x358
 *(EXCLUDE_FILE(*libm.a: *libgcc.a:) .rodata*)
 .rodata.panic.str1.4
                0x10004014      0x15c CMakeFiles/SE1_P6_EQ3_DOS.dir/Users/anarojas/.pico-sdk/sdk/2.3.1/src/rp2_common/pico_platform_panic/panic.c.o
                                 0x11 (size before relaxing)
 .rodata.spin_lock_claim_unused.str1.4
                0x10004170       0x1b CMakeFiles/SE1_P6_EQ3_DOS.dir/Users/anarojas/.pico-sdk/sdk/2.3.1/src/rp2_common/hardware_sync/sync.c.o
 .rodata.user_irq_claim_unused.str1.4
                0x10004170       0x1b CMakeFiles/SE1_P6_EQ3_DOS.dir/Users/anarojas/.pico-sdk/sdk/2.3.1/src/rp2_common/hardware_irq/irq.c.o
 .rodata.timer_hardware_alarm_claim.str1.4
                0x10004170       0x22 CMakeFiles/SE1_P6_EQ3_DOS.dir/Users/anarojas/.pico-sdk/sdk/2.3.1/src/rp2_common/hardware_timer/timer.c.o
 .rodata.hard_assertion_failure.str1.4
                0x10004170        0xc CMakeFiles/SE1_P6_EQ3_DOS.dir/Users/anarojas/.pico-sdk/sdk/2.3.1/src/rp2_common/pico_runtime/runtime.c.o
 .rodata.str1.4
                0x10004170       0x48 CMakeFiles/SE1_P6_EQ3_DOS.dir/Users/anarojas/.pico-sdk/sdk/2.3.1/src/rp2_common/pico_standard_binary_info/standard_binary_info.c.o
 .rodata.__bi_84
                0x10004170        0xc CMakeFiles/SE1_P6_EQ3_DOS.dir/Users/anarojas/.pico-sdk/sdk/2.3.1/src/rp2_common/pico_standard_binary_info/standard_binary_info.c.o
 .rodata.__bi_78
                0x1000417c        0xc CMakeFiles/SE1_P6_EQ3_DOS.dir/Users/anarojas/.pico-sdk/sdk/2.3.1/src/rp2_common/pico_standard_binary_info/standard_binary_info.c.o
 .rodata.__bi_60
                0x10004188        0xc CMakeFiles/SE1_P6_EQ3_DOS.dir/Users/anarojas/.pico-sdk/sdk/2.3.1/src/rp2_common/pico_standard_binary_info/standard_binary_info.c.o
 .rodata.__bi_54
                0x10004194        0xc CMakeFiles/SE1_P6_EQ3_DOS.dir/Users/anarojas/.pico-sdk/sdk/2.3.1/src/rp2_common/pico_standard_binary_info/standard_binary_info.c.o
 .rodata.__bi_48
                0x100041a0        0xc CMakeFiles/SE1_P6_EQ3_DOS.dir/Users/anarojas/.pico-sdk/sdk/2.3.1/src/rp2_common/pico_standard_binary_info/standard_binary_info.c.o
 .rodata.__bi_42
                0x100041ac        0xc CMakeFiles/SE1_P6_EQ3_DOS.dir/Users/anarojas/.pico-sdk/sdk/2.3.1/src/rp2_common/pico_standard_binary_info/standard_binary_info.c.o
 .rodata.__bi_34
                0x100041b8        0xc CMakeFiles/SE1_P6_EQ3_DOS.dir/Users/anarojas/.pico-sdk/sdk/2.3.1/src/rp2_common/pico_standard_binary_info/standard_binary_info.c.o
 .rodata.__bi_26
                0x100041c4        0xc CMakeFiles/SE1_P6_EQ3_DOS.dir/Users/anarojas/.pico-sdk/sdk/2.3.1/src/rp2_common/pico_standard_binary_info/standard_binary_info.c.o
 .rodata.crlf_str.0
                0x100041d0        0x2 CMakeFiles/SE1_P6_EQ3_DOS.dir/Users/anarojas/.pico-sdk/sdk/2.3.1/src/rp2_common/pico_stdio/stdio.c.o
 .rodata.str1.4
                0x100041d2       0x13 CMakeFiles/SE1_P6_EQ3_DOS.dir/Users/anarojas/.pico-sdk/sdk/2.3.1/src/rp2_common/pico_stdio_usb/stdio_usb.c.o
 *fill*         0x100041d2        0x2 
 .rodata.__bi_204.0
                0x100041d4        0xc CMakeFiles/SE1_P6_EQ3_DOS.dir/Users/anarojas/.pico-sdk/sdk/2.3.1/src/rp2_common/pico_stdio_usb/stdio_usb.c.o
 .rodata.str1.4
                0x100041e0       0x2a CMakeFiles/SE1_P6_EQ3_DOS.dir/Users/anarojas/.pico-sdk/sdk/2.3.1/src/rp2_common/pico_stdio_usb/stdio_usb_descriptors.c.o
 .rodata.usbd_desc_str
                0x100041e0       0x18 CMakeFiles/SE1_P6_EQ3_DOS.dir/Users/anarojas/.pico-sdk/sdk/2.3.1/src/rp2_common/pico_stdio_usb/stdio_usb_descriptors.c.o
 .rodata.usbd_desc_cfg
                0x100041f8       0x54 CMakeFiles/SE1_P6_EQ3_DOS.dir/Users/anarojas/.pico-sdk/sdk/2.3.1/src/rp2_common/pico_stdio_usb/stdio_usb_descriptors.c.o
 .rodata.usbd_desc_device
                0x1000424c       0x12 CMakeFiles/SE1_P6_EQ3_DOS.dir/Users/anarojas/.pico-sdk/sdk/2.3.1/src/rp2_common/pico_stdio_usb/stdio_usb_descriptors.c.o
 *fill*         0x1000425e        0x2 
 .rodata.desc_ms_os_20
                0x10004260       0xa6 CMakeFiles/SE1_P6_EQ3_DOS.dir/Users/anarojas/.pico-sdk/sdk/2.3.1/src/rp2_common/pico_usb_reset/usb_reset.c.o
 *fill*         0x10004306        0x2 
 .rodata.desc_bos
                0x10004308       0x21 CMakeFiles/SE1_P6_EQ3_DOS.dir/Users/anarojas/.pico-sdk/sdk/2.3.1/src/rp2_common/pico_usb_reset/usb_reset.c.o
                0x10004308                desc_bos
 *fill*         0x10004329        0x3 
 .rodata.usb_reset_interface_driver
                0x1000432c       0x20 CMakeFiles/SE1_P6_EQ3_DOS.dir/Users/anarojas/.pico-sdk/sdk/2.3.1/src/rp2_common/pico_usb_reset/usb_reset.c.o
 .rodata.str1.4
                0x1000434c       0x14 CMakeFiles/SE1_P6_EQ3_DOS.dir/Users/anarojas/.pico-sdk/sdk/2.3.1/lib/tinyusb/src/portable/raspberrypi/rp2040/dcd_rp2040.c.o
 .rodata.str1.4
                0x1000434c       0x48 CMakeFiles/SE1_P6_EQ3_DOS.dir/Users/anarojas/.pico-sdk/sdk/2.3.1/lib/tinyusb/src/portable/raspberrypi/rp2040/rp2040_usb.c.o
 .rodata._usbd_driver
                0x1000434c       0x20 CMakeFiles/SE1_P6_EQ3_DOS.dir/Users/anarojas/.pico-sdk/sdk/2.3.1/lib/tinyusb/src/device/usbd.c.o
 *(.srodata*)
                0x10004394                        . = ALIGN (0x4)
 *(SORT_BY_ALIGNMENT(SORT_BY_NAME(.flashdata*)))
                0x10004394                        . = ALIGN (0x4)

.ARM.extab
 *(.ARM.extab* .gnu.linkonce.armextab.*)
                0x1000436c                        __exidx_start = .

.ARM.exidx      0x1000436c        0x8
 *(.ARM.exidx* .gnu.linkonce.armexidx.*)
 .ARM.exidx     0x1000436c        0x8 /Users/anarojas/.pico-sdk/toolchain/13_2_Rel1/bin/../lib/gcc/arm-none-eabi/13.2.1/../../../../arm-none-eabi/lib/thumb/v8-m.main+fp/softfp/libg.a(libc_a-memcpy.o)
                0x10004374                        __exidx_end = .
                0x10004374                        . = ALIGN (0x4)
                0x10004374                        __binary_info_start = .

.binary_info    0x10004374       0x24
 *(.binary_info.keep.*)
 .binary_info.keep.__bi_ptr84
                0x10004374        0x4 CMakeFiles/SE1_P6_EQ3_DOS.dir/Users/anarojas/.pico-sdk/sdk/2.3.1/src/rp2_common/pico_standard_binary_info/standard_binary_info.c.o
 .binary_info.keep.__bi_ptr78
                0x10004378        0x4 CMakeFiles/SE1_P6_EQ3_DOS.dir/Users/anarojas/.pico-sdk/sdk/2.3.1/src/rp2_common/pico_standard_binary_info/standard_binary_info.c.o
 .binary_info.keep.__bi_ptr60
                0x1000437c        0x4 CMakeFiles/SE1_P6_EQ3_DOS.dir/Users/anarojas/.pico-sdk/sdk/2.3.1/src/rp2_common/pico_standard_binary_info/standard_binary_info.c.o
 .binary_info.keep.__bi_ptr54
                0x10004380        0x4 CMakeFiles/SE1_P6_EQ3_DOS.dir/Users/anarojas/.pico-sdk/sdk/2.3.1/src/rp2_common/pico_standard_binary_info/standard_binary_info.c.o
 .binary_info.keep.__bi_ptr48
                0x10004384        0x4 CMakeFiles/SE1_P6_EQ3_DOS.dir/Users/anarojas/.pico-sdk/sdk/2.3.1/src/rp2_common/pico_standard_binary_info/standard_binary_info.c.o
 .binary_info.keep.__bi_ptr42
                0x10004388        0x4 CMakeFiles/SE1_P6_EQ3_DOS.dir/Users/anarojas/.pico-sdk/sdk/2.3.1/src/rp2_common/pico_standard_binary_info/standard_binary_info.c.o
 .binary_info.keep.__bi_ptr34
                0x1000438c        0x4 CMakeFiles/SE1_P6_EQ3_DOS.dir/Users/anarojas/.pico-sdk/sdk/2.3.1/src/rp2_common/pico_standard_binary_info/standard_binary_info.c.o
 .binary_info.keep.__bi_ptr26
                0x10004390        0x4 CMakeFiles/SE1_P6_EQ3_DOS.dir/Users/anarojas/.pico-sdk/sdk/2.3.1/src/rp2_common/pico_standard_binary_info/standard_binary_info.c.o
 *(.binary_info.*)
 .binary_info.__bi_ptr204
                0x10004394        0x4 CMakeFiles/SE1_P6_EQ3_DOS.dir/Users/anarojas/.pico-sdk/sdk/2.3.1/src/rp2_common/pico_stdio_usb/stdio_usb.c.o
                0x10004398                        __binary_info_end = .
                0x10004398                        . = ALIGN (0x4)

.psram_load     0x11000000        0x0 load address 0x10004398
                0x11000000                        __psram_start__ = .
                0x11000000                        __psram_load_start__ = .
 *(SORT_BY_NAME(.psram_initialised.*))
                0x11000000                        . = ALIGN (0x4)
                0x11000000                        __psram_load_end__ = .
                0x10004398                        __psram_load_source__ = LOADADDR (.psram_load)

.psram_noload   0x11000000        0x0 load address 0x10004398
 *(SORT_BY_NAME(.psram_uninitialised.*))
                0x11000000                        . = ALIGN (0x4)
                0x11000000                        __psram_end__ = .

.xip_ram        0x13ffc000        0x0 load address 0x10004398
                0x13ffc000                        __xip_ram_start__ = .
                0x13ffc000                        . = ALIGN (0x4)
 *(.xip_ram*)
                0x13ffc000                        . = ALIGN (0x4)
                0x13ffc000                        __xip_ram_end__ = .
                0x10004398                        __xip_ram_source__ = LOADADDR (.xip_ram)

.ram_vector_table
                0x20000000      0x110
 *(.ram_vector_table)
 .ram_vector_table
                0x20000000      0x110 CMakeFiles/SE1_P6_EQ3_DOS.dir/Users/anarojas/.pico-sdk/sdk/2.3.1/src/rp2_common/pico_runtime_init/runtime_init.c.o
                0x20000000                ram_vector_table

.uninitialized_data
                0x20000110        0x0
                0x20000110                        . = ALIGN (0x4)
 *(.uninitialized_data*)

.data           0x20000110      0xdd4 load address 0x10004398
                0x20000110                        __data_start__ = .
 *(vtable)
 *(.time_critical*)
 .time_critical.mutex_try_enter
                0x20000110       0x50 CMakeFiles/SE1_P6_EQ3_DOS.dir/Users/anarojas/.pico-sdk/sdk/2.3.1/src/common/pico_sync/mutex.c.o
                0x20000110                mutex_try_enter
 .time_critical.mutex_enter_block_until
                0x20000160       0x98 CMakeFiles/SE1_P6_EQ3_DOS.dir/Users/anarojas/.pico-sdk/sdk/2.3.1/src/common/pico_sync/mutex.c.o
                0x20000160                mutex_enter_block_until
 .time_critical.mutex_try_enter_block_until
                0x200001f8       0x6c CMakeFiles/SE1_P6_EQ3_DOS.dir/Users/anarojas/.pico-sdk/sdk/2.3.1/src/common/pico_sync/mutex.c.o
                0x200001f8                mutex_try_enter_block_until
 .time_critical.mutex_enter_timeout_ms
                0x20000264       0x38 CMakeFiles/SE1_P6_EQ3_DOS.dir/Users/anarojas/.pico-sdk/sdk/2.3.1/src/common/pico_sync/mutex.c.o
                0x20000264                mutex_enter_timeout_ms
 .time_critical.mutex_exit
                0x2000029c       0x48 CMakeFiles/SE1_P6_EQ3_DOS.dir/Users/anarojas/.pico-sdk/sdk/2.3.1/src/common/pico_sync/mutex.c.o
                0x2000029c                mutex_exit
 .time_critical.reset_non_control_endpoints
                0x200002e4       0x64 CMakeFiles/SE1_P6_EQ3_DOS.dir/Users/anarojas/.pico-sdk/sdk/2.3.1/lib/tinyusb/src/portable/raspberrypi/rp2040/dcd_rp2040.c.o
 .time_critical.hw_handle_buff_status
                0x20000348       0x94 CMakeFiles/SE1_P6_EQ3_DOS.dir/Users/anarojas/.pico-sdk/sdk/2.3.1/lib/tinyusb/src/portable/raspberrypi/rp2040/dcd_rp2040.c.o
 .time_critical.dcd_rp2040_irq
                0x200003dc      0x510 CMakeFiles/SE1_P6_EQ3_DOS.dir/Users/anarojas/.pico-sdk/sdk/2.3.1/lib/tinyusb/src/portable/raspberrypi/rp2040/dcd_rp2040.c.o
 .time_critical.prepare_ep_buffer
                0x200008ec       0xd0 CMakeFiles/SE1_P6_EQ3_DOS.dir/Users/anarojas/.pico-sdk/sdk/2.3.1/lib/tinyusb/src/portable/raspberrypi/rp2040/rp2040_usb.c.o
 .time_critical.sync_ep_buffer
                0x200009bc       0xb8 CMakeFiles/SE1_P6_EQ3_DOS.dir/Users/anarojas/.pico-sdk/sdk/2.3.1/lib/tinyusb/src/portable/raspberrypi/rp2040/rp2040_usb.c.o
 .time_critical._hw_endpoint_xfer_sync
                0x20000a74       0x2c CMakeFiles/SE1_P6_EQ3_DOS.dir/Users/anarojas/.pico-sdk/sdk/2.3.1/lib/tinyusb/src/portable/raspberrypi/rp2040/rp2040_usb.c.o
 .time_critical.e15_is_bulkin_ep
                0x20000aa0       0x28 CMakeFiles/SE1_P6_EQ3_DOS.dir/Users/anarojas/.pico-sdk/sdk/2.3.1/lib/tinyusb/src/portable/raspberrypi/rp2040/rp2040_usb.c.o
 .time_critical.e15_is_critical_frame_period
                0x20000ac8       0x28 CMakeFiles/SE1_P6_EQ3_DOS.dir/Users/anarojas/.pico-sdk/sdk/2.3.1/lib/tinyusb/src/portable/raspberrypi/rp2040/rp2040_usb.c.o
 .time_critical.hw_endpoint_reset_transfer
                0x20000af0        0xc CMakeFiles/SE1_P6_EQ3_DOS.dir/Users/anarojas/.pico-sdk/sdk/2.3.1/lib/tinyusb/src/portable/raspberrypi/rp2040/rp2040_usb.c.o
                0x20000af0                hw_endpoint_reset_transfer
 .time_critical._hw_endpoint_buffer_control_update32
                0x20000afc       0x44 CMakeFiles/SE1_P6_EQ3_DOS.dir/Users/anarojas/.pico-sdk/sdk/2.3.1/lib/tinyusb/src/portable/raspberrypi/rp2040/rp2040_usb.c.o
                0x20000afc                _hw_endpoint_buffer_control_update32
 .time_critical.hw_endpoint_start_next_buffer
                0x20000b40       0x64 CMakeFiles/SE1_P6_EQ3_DOS.dir/Users/anarojas/.pico-sdk/sdk/2.3.1/lib/tinyusb/src/portable/raspberrypi/rp2040/rp2040_usb.c.o
                0x20000b40                hw_endpoint_start_next_buffer
 .time_critical.hw_endpoint_xfer_continue
                0x20000ba4       0x3c CMakeFiles/SE1_P6_EQ3_DOS.dir/Users/anarojas/.pico-sdk/sdk/2.3.1/lib/tinyusb/src/portable/raspberrypi/rp2040/rp2040_usb.c.o
                0x20000ba4                hw_endpoint_xfer_continue
 .time_critical.tinyusb
                0x20000be0      0x218 CMakeFiles/SE1_P6_EQ3_DOS.dir/Users/anarojas/.pico-sdk/sdk/2.3.1/lib/tinyusb/src/device/usbd.c.o
                0x20000be0                dcd_event_handler
 .time_critical.tinyusb.__stub
                0x20000df8       0x30 linker stubs
 *(.text*)
                0x20000e28                        . = ALIGN (0x4)
 *(.rodata*)
                0x20000e28                        . = ALIGN (0x4)
                0x20000e28                        PROVIDE (__emutls_array_start = .)
 *(.*.__emutls_v.*)
                0x20000e28                        PROVIDE (__emutls_array_end = .)
                0x20000e28                        . = ALIGN (0x4)
 *(.data*)
 .data.striped_spin_lock_num
                0x20000e28        0x1 CMakeFiles/SE1_P6_EQ3_DOS.dir/Users/anarojas/.pico-sdk/sdk/2.3.1/src/rp2_common/hardware_sync/sync.c.o
 *fill*         0x20000e29        0x3 
 .data          0x20000e2c       0x60 CMakeFiles/SE1_P6_EQ3_DOS.dir/Users/anarojas/.pico-sdk/sdk/2.3.1/src/rp2_common/hardware_irq/irq_handler_chain.S.o
                0x20000e2c                irq_handler_chain_slots
                0x20000e74                irq_handler_chain_first_slot
                0x20000e7e                irq_handler_chain_remove_tail
 .data.default_alarm_pool
                0x20000e8c       0x18 CMakeFiles/SE1_P6_EQ3_DOS.dir/Users/anarojas/.pico-sdk/sdk/2.3.1/src/common/pico_time/time.c.o
 .data.stdio_usb
                0x20000ea4       0x18 CMakeFiles/SE1_P6_EQ3_DOS.dir/Users/anarojas/.pico-sdk/sdk/2.3.1/src/rp2_common/pico_stdio_usb/stdio_usb.c.o
                0x20000ea4                stdio_usb
 .data._usbd_qdef
                0x20000ebc       0x1c CMakeFiles/SE1_P6_EQ3_DOS.dir/Users/anarojas/.pico-sdk/sdk/2.3.1/lib/tinyusb/src/device/usbd.c.o
                0x20000ebc                _usbd_qdef
 .data._usbd_rhport
                0x20000ed8        0x1 CMakeFiles/SE1_P6_EQ3_DOS.dir/Users/anarojas/.pico-sdk/sdk/2.3.1/lib/tinyusb/src/device/usbd.c.o
 *(.sdata*)
 *(.got)
 *(.got.*)
                0x20000edc                        . = ALIGN (0x4)
 *fill*         0x20000ed9        0x3 
 *(.after_data.*)
                0x20000edc                        . = ALIGN (0x4)
                0x20000edc                        PROVIDE (__mutex_array_start = .)
 *(SORT_BY_NAME(.mutex_array.*))
 *(.mutex_array)
 .mutex_array   0x20000edc        0x8 CMakeFiles/SE1_P6_EQ3_DOS.dir/Users/anarojas/.pico-sdk/sdk/2.3.1/src/rp2_common/pico_stdio/stdio.c.o
                0x20000ee4                        PROVIDE (__mutex_array_end = .)
 *(.jcr)
                0x20000ee4                        . = ALIGN (0x4)

.igot.plt       0x20000ee4        0x0 load address 0x1000516c
 .igot.plt      0x20000ee4        0x0 CMakeFiles/SE1_P6_EQ3_DOS.dir/SE1_P6_EQ3_DOS.c.o

.tdata          0x20000ee4        0x0 load address 0x1000516c
                0x20000ee4                        . = ALIGN (0x4)
 *(.tdata .tdata.* .gnu.linkonce.td.*)
                0x20000ee4                        __tdata_end = .
                0x20000ee4                        PROVIDE (__data_end__ = .)
                0x10004398                        __etext = LOADADDR (.data)
                0x20000ee4                        . = ALIGN (0x4)

.tbss           0x20000ee4        0x0 load address 0x1000516c
                0x20000ee4                        __bss_start__ = .
                0x20000ee4                        __tls_base = .
 *(.tbss .tbss.* .gnu.linkonce.tb.*)
 *(.tcommon)
                0x20000ee4                        . = ALIGN (0x4)
                0x20000ee4                        __tls_end = .

.tbss_space     0x20000ee4        0x0 load address 0x1000516c
                0x20000ee4                        . = (__bss_start__ + SIZEOF (.tbss))

.bss            0x20000ee8      0x944 load address 0x1000516c
                0x20000ee8                        . = ALIGN (0x4)
                0x20000ee8                        __tbss_end = .
 *(SORT_BY_ALIGNMENT(SORT_BY_NAME(.bss*)))
 .bss._cdcd_itf
                0x20000ee8       0xc8 CMakeFiles/SE1_P6_EQ3_DOS.dir/Users/anarojas/.pico-sdk/sdk/2.3.1/lib/tinyusb/src/class/cdc/cdc_device.c.o
 .bss.default_alarm_pool_entries
                0x20000fb0      0x180 CMakeFiles/SE1_P6_EQ3_DOS.dir/Users/anarojas/.pico-sdk/sdk/2.3.1/src/common/pico_time/time.c.o
 .bss.last_avail_time.1
                0x20001130        0x8 CMakeFiles/SE1_P6_EQ3_DOS.dir/Users/anarojas/.pico-sdk/sdk/2.3.1/src/rp2_common/pico_stdio_usb/stdio_usb.c.o
 .bss._app_driver
                0x20001138        0x4 CMakeFiles/SE1_P6_EQ3_DOS.dir/Users/anarojas/.pico-sdk/sdk/2.3.1/lib/tinyusb/src/device/usbd.c.o
 .bss._cdcd_epbuf
                0x2000113c       0x80 CMakeFiles/SE1_P6_EQ3_DOS.dir/Users/anarojas/.pico-sdk/sdk/2.3.1/lib/tinyusb/src/class/cdc/cdc_device.c.o
 .bss._cdcd_fifo_cfg
                0x200011bc        0x1 CMakeFiles/SE1_P6_EQ3_DOS.dir/Users/anarojas/.pico-sdk/sdk/2.3.1/lib/tinyusb/src/class/cdc/cdc_device.c.o
 *fill*         0x200011bd        0x3 
 .bss._ctrl_epbuf
                0x200011c0       0x40 CMakeFiles/SE1_P6_EQ3_DOS.dir/Users/anarojas/.pico-sdk/sdk/2.3.1/lib/tinyusb/src/device/usbd_control.c.o
 .bss._ctrl_xfer
                0x20001200       0x14 CMakeFiles/SE1_P6_EQ3_DOS.dir/Users/anarojas/.pico-sdk/sdk/2.3.1/lib/tinyusb/src/device/usbd_control.c.o
 .bss._sw_spin_locks
                0x20001214       0x20 CMakeFiles/SE1_P6_EQ3_DOS.dir/Users/anarojas/.pico-sdk/sdk/2.3.1/src/rp2_common/hardware_sync_spin_lock/sync_spin_lock.c.o
                0x20001214                _sw_spin_locks
 .bss._tusb_rhport_role
                0x20001234        0x2 CMakeFiles/SE1_P6_EQ3_DOS.dir/Users/anarojas/.pico-sdk/sdk/2.3.1/lib/tinyusb/src/tusb.c.o
                0x20001234                _tusb_rhport_role
 *fill*         0x20001236        0x2 
 .bss._ubsd_mutexdef
                0x20001238        0x8 CMakeFiles/SE1_P6_EQ3_DOS.dir/Users/anarojas/.pico-sdk/sdk/2.3.1/lib/tinyusb/src/device/usbd.c.o
 .bss._usbd_dev
                0x20001240       0x54 CMakeFiles/SE1_P6_EQ3_DOS.dir/Users/anarojas/.pico-sdk/sdk/2.3.1/lib/tinyusb/src/device/usbd.c.o
 .bss._usbd_mutex
                0x20001294        0x4 CMakeFiles/SE1_P6_EQ3_DOS.dir/Users/anarojas/.pico-sdk/sdk/2.3.1/lib/tinyusb/src/device/usbd.c.o
 .bss._usbd_q   0x20001298        0x4 CMakeFiles/SE1_P6_EQ3_DOS.dir/Users/anarojas/.pico-sdk/sdk/2.3.1/lib/tinyusb/src/device/usbd.c.o
 .bss._usbd_qdef_buf
                0x2000129c       0xc0 CMakeFiles/SE1_P6_EQ3_DOS.dir/Users/anarojas/.pico-sdk/sdk/2.3.1/lib/tinyusb/src/device/usbd.c.o
                0x2000129c                _usbd_qdef_buf
 .bss.chars_available_callback
                0x2000135c        0x4 CMakeFiles/SE1_P6_EQ3_DOS.dir/Users/anarojas/.pico-sdk/sdk/2.3.1/src/rp2_common/pico_stdio_usb/stdio_usb.c.o
 .bss.chars_available_param
                0x20001360        0x4 CMakeFiles/SE1_P6_EQ3_DOS.dir/Users/anarojas/.pico-sdk/sdk/2.3.1/src/rp2_common/pico_stdio_usb/stdio_usb.c.o
 .bss.claimed   0x20001364        0x4 CMakeFiles/SE1_P6_EQ3_DOS.dir/Users/anarojas/.pico-sdk/sdk/2.3.1/src/rp2_common/hardware_sync/sync.c.o
 .bss.claimed   0x20001368        0x2 CMakeFiles/SE1_P6_EQ3_DOS.dir/Users/anarojas/.pico-sdk/sdk/2.3.1/src/rp2_common/hardware_timer/timer.c.o
 *fill*         0x2000136a        0x2 
 .bss.configured_freq
                0x2000136c       0x28 CMakeFiles/SE1_P6_EQ3_DOS.dir/Users/anarojas/.pico-sdk/sdk/2.3.1/src/rp2_common/hardware_clocks/clocks.c.o
 .bss.desc_str.0
                0x20001394       0x28 CMakeFiles/SE1_P6_EQ3_DOS.dir/Users/anarojas/.pico-sdk/sdk/2.3.1/src/rp2_common/pico_stdio_usb/stdio_usb_descriptors.c.o
 .bss.drivers   0x200013bc        0x4 CMakeFiles/SE1_P6_EQ3_DOS.dir/Users/anarojas/.pico-sdk/sdk/2.3.1/src/rp2_common/pico_stdio/stdio.c.o
 .bss.e15_last_sof
                0x200013c0        0x4 CMakeFiles/SE1_P6_EQ3_DOS.dir/Users/anarojas/.pico-sdk/sdk/2.3.1/lib/tinyusb/src/portable/raspberrypi/rp2040/rp2040_usb.c.o
                0x200013c0                e15_last_sof
 .bss.filter    0x200013c4        0x4 CMakeFiles/SE1_P6_EQ3_DOS.dir/Users/anarojas/.pico-sdk/sdk/2.3.1/src/rp2_common/pico_stdio/stdio.c.o
 .bss.hw_endpoints
                0x200013c8      0x400 CMakeFiles/SE1_P6_EQ3_DOS.dir/Users/anarojas/.pico-sdk/sdk/2.3.1/lib/tinyusb/src/portable/raspberrypi/rp2040/dcd_rp2040.c.o
 .bss.lazy_vsnprintf
                0x200017c8        0x4 CMakeFiles/SE1_P6_EQ3_DOS.dir/Users/anarojas/.pico-sdk/sdk/2.3.1/src/rp2_common/pico_printf/printf.c.o
 .bss.load_value
                0x200017cc        0x4 CMakeFiles/SE1_P6_EQ3_DOS.dir/Users/anarojas/.pico-sdk/sdk/2.3.1/src/rp2_common/hardware_watchdog/watchdog.c.o
 .bss.next_buffer_ptr
                0x200017d0        0x4 CMakeFiles/SE1_P6_EQ3_DOS.dir/Users/anarojas/.pico-sdk/sdk/2.3.1/lib/tinyusb/src/portable/raspberrypi/rp2040/dcd_rp2040.c.o
 .bss.one_shot_timer_crit_sec
                0x200017d4        0x8 CMakeFiles/SE1_P6_EQ3_DOS.dir/Users/anarojas/.pico-sdk/sdk/2.3.1/src/rp2_common/pico_stdio_usb/stdio_usb.c.o
 .bss.pools     0x200017dc       0x20 CMakeFiles/SE1_P6_EQ3_DOS.dir/Users/anarojas/.pico-sdk/sdk/2.3.1/src/common/pico_time/time.c.o
 .bss.retrieved_id
                0x200017fc        0x8 CMakeFiles/SE1_P6_EQ3_DOS.dir/Users/anarojas/.pico-sdk/sdk/2.3.1/src/rp2_common/pico_unique_id/unique_id.c.o
 .bss.stdio_usb_mutex
                0x20001804        0x8 CMakeFiles/SE1_P6_EQ3_DOS.dir/Users/anarojas/.pico-sdk/sdk/2.3.1/src/rp2_common/pico_stdio_usb/stdio_usb.c.o
 .bss.uart_char_to_line_feed
                0x2000180c        0x4 CMakeFiles/SE1_P6_EQ3_DOS.dir/Users/anarojas/.pico-sdk/sdk/2.3.1/src/rp2_common/hardware_uart/uart.c.o
                0x2000180c                uart_char_to_line_feed
 .bss.usbd_serial_str
                0x20001810       0x11 CMakeFiles/SE1_P6_EQ3_DOS.dir/Users/anarojas/.pico-sdk/sdk/2.3.1/src/rp2_common/pico_stdio_usb/stdio_usb_descriptors.c.o
 .bss._app_driver_count
                0x20001821        0x1 CMakeFiles/SE1_P6_EQ3_DOS.dir/Users/anarojas/.pico-sdk/sdk/2.3.1/lib/tinyusb/src/device/usbd.c.o
 .bss._sof_enable
                0x20001822        0x1 CMakeFiles/SE1_P6_EQ3_DOS.dir/Users/anarojas/.pico-sdk/sdk/2.3.1/lib/tinyusb/src/portable/raspberrypi/rp2040/dcd_rp2040.c.o
 .bss._usbd_queued_setup
                0x20001823        0x1 CMakeFiles/SE1_P6_EQ3_DOS.dir/Users/anarojas/.pico-sdk/sdk/2.3.1/lib/tinyusb/src/device/usbd.c.o
 .bss.irq_handler_chain_free_slot_head
                0x20001824        0x1 CMakeFiles/SE1_P6_EQ3_DOS.dir/Users/anarojas/.pico-sdk/sdk/2.3.1/src/rp2_common/hardware_irq/irq.c.o
 .bss.itf_num   0x20001825        0x1 CMakeFiles/SE1_P6_EQ3_DOS.dir/Users/anarojas/.pico-sdk/sdk/2.3.1/src/rp2_common/pico_usb_reset/usb_reset.c.o
 .bss.lock_internal_notify_count
                0x20001826        0x1 CMakeFiles/SE1_P6_EQ3_DOS.dir/Users/anarojas/.pico-sdk/sdk/2.3.1/src/common/pico_sync/lock_core.c.o
                0x20001826                lock_internal_notify_count
 .bss.low_priority_irq_num
                0x20001827        0x1 CMakeFiles/SE1_P6_EQ3_DOS.dir/Users/anarojas/.pico-sdk/sdk/2.3.1/src/rp2_common/pico_stdio_usb/stdio_usb.c.o
 .bss.one_shot_timer_pending
                0x20001828        0x1 CMakeFiles/SE1_P6_EQ3_DOS.dir/Users/anarojas/.pico-sdk/sdk/2.3.1/src/rp2_common/pico_stdio_usb/stdio_usb.c.o
 .bss.user_irq_claimed
                0x20001829        0x1 CMakeFiles/SE1_P6_EQ3_DOS.dir/Users/anarojas/.pico-sdk/sdk/2.3.1/src/rp2_common/hardware_irq/irq.c.o
 *(COMMON)
                [!provide]                        PROVIDE (__global_pointer$ = (. + 0x800))
 *(.sbss*)
                0x2000182c                        . = ALIGN (0x4)
 *fill*         0x2000182a        0x2 
                0x2000182c                        __bss_end__ = .
                [!provide]                        PROVIDE (__tls_start = SIZEOF (.tdata)?ADDR (.tdata):ADDR (.tbss))
                [!provide]                        PROVIDE (__tls_size = (__tls_end - __tls_start))
                [!provide]                        PROVIDE (__tls_align = MAX (ALIGNOF (.tdata), ALIGNOF (.tbss)))
                [!provide]                        PROVIDE (__tls_size_align = ALIGN (__tls_size, __tls_align))
                [!provide]                        PROVIDE (__arm32_tls_tcb_offset = MAX (0x8, __tls_align))
                [!provide]                        PROVIDE (__tdata_size = SIZEOF (.tdata))
                [!provide]                        PROVIDE (__tdata_source = LOADADDR (.tdata))
                [!provide]                        PROVIDE (__tbss_size = SIZEOF (.tbss))
                [!provide]                        PROVIDE (__tbss_offset = (ADDR (.tbss) - __tls_start))

.tlsX_not_needed_marker
 *(.tlsX_not_needed_marker)
                [!provide]                        PROVIDE (__tlsX_align = (SIZEOF (.tlsX_not_needed_marker) > 0x0)?0x4:__tls_align)
                [!provide]                        PROVIDE (__tlsX_size_align = (SIZEOF (.tlsX_not_needed_marker) > 0x0)?0x0:__tls_size_align)
                0x20000ee4                        __tls_start = DEFINED (__tls_start)?__tls_start:SIZEOF (.tdata)?ADDR (.tdata):ADDR (.tbss)
                0x00000000                        __tls_size = DEFINED (__tls_size)?__tls_size:(__tls_end - __tls_start)
                0x00000001                        __tls_align = DEFINED (__tls_align)?__tls_align:MAX (ALIGNOF (.tdata), ALIGNOF (.tbss))
                0x00000000                        __tls_size_align = DEFINED (__tls_size_align)?__tls_size_align:ALIGN (__tls_size, __tls_align)
                0x00000008                        __arm32_tls_tcb_offset = DEFINED (__arm32_tls_tcb_offset)?__arm32_tls_tcb_offset:MAX (0x8, __tls_align)
                0x00000000                        __tdata_size = DEFINED (__tdata_size)?__tdata_size:SIZEOF (.tdata)
                0x1000516c                        __tdata_source = DEFINED (__tdata_source)?__tdata_source:LOADADDR (.tdata)
                0x00000000                        __tbss_size = DEFINED (__tbss_size)?__tbss_size:SIZEOF (.tbss)
                0x00000000                        __tbss_offset = DEFINED (__tbss_offset)?__tbss_offset:(ADDR (.tbss) - __tls_start)
                0x00000001                        __tlsX_align = DEFINED (__tlsX_align)?__tlsX_align:(SIZEOF (.tlsX_not_needed_marker) > 0x0)?0x4:__tls_align
                0x00000000                        __tlsX_size_align = DEFINED (__tlsX_size_align)?__tlsX_size_align:(SIZEOF (.tlsX_not_needed_marker) > 0x0)?0x0:__tls_size_align

.tls0           0x2000182c        0x0 load address 0x1000516c
                0x2000182c                        . = ALIGN (__tlsX_align)
                [!provide]                        PROVIDE (__tls0_base = .)
                0x2000182c                        . = (. + __tlsX_size_align)

.tls1           0x2000182c        0x0 load address 0x1000516c
                0x2000182c                        . = ALIGN (__tlsX_align)
                [!provide]                        PROVIDE (__tls1_base = .)
                0x2000182c                        . = (. + __tlsX_size_align)

.persistent_data
                0x2000182c        0x0 load address 0x1000516c
                0x2000182c                        __persistent_data_start__ = .
 *(.persistent_data*)
                0x2000182c                        . = ALIGN (0x4)
                [!provide]                        PROVIDE (__persistent_data_end__ = .)

.dummy_pre_heap
                0x2000182c        0x0 load address 0x1000516c
                0x2000182c                        . = .

.heap           0x2000182c      0x800
                0x2000182c                        __end__ = .
                0x2000182c                        end = __end__
 *(.heap*)
 .heap          0x2000182c      0x800 CMakeFiles/SE1_P6_EQ3_DOS.dir/Users/anarojas/.pico-sdk/sdk/2.3.1/src/rp2_common/pico_crt0/crt0.S.o
                0x20080000                        __HeapLimit = DEFINED (HEAP_LIMIT)?HEAP_LIMIT:(ORIGIN (RAM) + LENGTH (RAM))

.scratch_x      0x20080000        0x0 load address 0x1000516c
                0x20080000                        __scratch_x_start__ = .
 *(.scratch_x.*)
                0x20080000                        . = ALIGN (0x4)
                0x20080000                        __scratch_x_end__ = .
                0x1000516c                        __scratch_x_source__ = LOADADDR (.scratch_x)

.scratch_y      0x20081000        0x0 load address 0x1000516c
                0x20081000                        __scratch_y_start__ = .
 *(.scratch_y.*)
                0x20081000                        . = ALIGN (0x4)
                0x20081000                        __scratch_y_end__ = .
                0x1000516c                        __scratch_y_source__ = LOADADDR (.scratch_y)

.stack1_dummy
 *(.stack1*)

.stack_dummy    0x20081000      0x800
 *(.stack*)
 .stack         0x20081000      0x800 CMakeFiles/SE1_P6_EQ3_DOS.dir/Users/anarojas/.pico-sdk/sdk/2.3.1/src/rp2_common/pico_crt0/crt0.S.o

.flash_end      0x1000516c       0x14
 *(.embedded_end_block*)
 .embedded_end_block
                0x1000516c       0x14 CMakeFiles/SE1_P6_EQ3_DOS.dir/Users/anarojas/.pico-sdk/sdk/2.3.1/src/rp2_common/pico_crt0/crt0.S.o
                0x10005180                        PROVIDE (__flash_binary_end = .)
                0x20080000                        __StackLimit = (ORIGIN (RAM) + LENGTH (RAM))
                0x20081000                        __StackOneTop = (ORIGIN (SCRATCH_X) + LENGTH (SCRATCH_X))
                0x20082000                        __StackTop = (ORIGIN (SCRATCH_Y) + LENGTH (SCRATCH_Y))
                0x20081000                        __StackOneBottom = (__StackOneTop - SIZEOF (.stack1_dummy))
                0x20081800                        __StackBottom = (__StackTop - SIZEOF (.stack_dummy))
                [!provide]                        PROVIDE (__stack = __StackTop)
                [!provide]                        PROVIDE (__heap_start = __end__)
                [!provide]                        PROVIDE (__heap_end = __HeapLimit)
                [!provide]                        PROVIDE (__tls_align = MAX (ALIGNOF (.tdata), ALIGNOF (.tbss)))
                [!provide]                        PROVIDE (__tls_size_align = (((__tls_size + __tls_align) - 0x1) & ~ ((__tls_align - 0x1))))
                [!provide]                        PROVIDE (__arm32_tls_tcb_offset = MAX (0x8, __tls_align))
                [!provide]                        PROVIDE (_end = __end__)
                [!provide]                        PROVIDE (__llvm_libc_heap_limit = __HeapLimit)
                0x00000001                        ASSERT ((__StackLimit >= __HeapLimit), region RAM overflowed)