Archive member included to satisfy reference by file (symbol)

/Users/anarojas/.pico-sdk/toolchain/13_2_Rel1/bin/../lib/gcc/arm-none-eabi/13.2.1/thumb/v8-m.main+fp/softfp/libgcc.a(_arm_addsubdf3.o)
                              CMakeFiles/SE1_P4_EQ3.dir/Users/anarojas/.pico-sdk/sdk/2.3.0/src/rp2_common/pico_float/float_math.c.o (__aeabi_f2d)
/Users/anarojas/.pico-sdk/toolchain/13_2_Rel1/bin/../lib/gcc/arm-none-eabi/13.2.1/thumb/v8-m.main+fp/softfp/libgcc.a(_aeabi_ldivmod.o)
                              CMakeFiles/SE1_P4_EQ3.dir/Users/anarojas/.pico-sdk/sdk/2.3.0/src/common/pico_time/time.c.o (__aeabi_ldivmod)
/Users/anarojas/.pico-sdk/toolchain/13_2_Rel1/bin/../lib/gcc/arm-none-eabi/13.2.1/thumb/v8-m.main+fp/softfp/libgcc.a(_aeabi_uldivmod.o)
                              CMakeFiles/SE1_P4_EQ3.dir/Users/anarojas/.pico-sdk/sdk/2.3.0/src/rp2_common/hardware_clocks/clocks.c.o (__aeabi_uldivmod)
/Users/anarojas/.pico-sdk/toolchain/13_2_Rel1/bin/../lib/gcc/arm-none-eabi/13.2.1/thumb/v8-m.main+fp/softfp/libgcc.a(_udivmoddi4.o)
                              /Users/anarojas/.pico-sdk/toolchain/13_2_Rel1/bin/../lib/gcc/arm-none-eabi/13.2.1/thumb/v8-m.main+fp/softfp/libgcc.a(_aeabi_ldivmod.o) (__udivmoddi4)
/Users/anarojas/.pico-sdk/toolchain/13_2_Rel1/bin/../lib/gcc/arm-none-eabi/13.2.1/thumb/v8-m.main+fp/softfp/libgcc.a(_dvmd_tls.o)
                              /Users/anarojas/.pico-sdk/toolchain/13_2_Rel1/bin/../lib/gcc/arm-none-eabi/13.2.1/thumb/v8-m.main+fp/softfp/libgcc.a(_aeabi_ldivmod.o) (__aeabi_ldiv0)
/Users/anarojas/.pico-sdk/toolchain/13_2_Rel1/bin/../lib/gcc/arm-none-eabi/13.2.1/../../../../arm-none-eabi/lib/thumb/v8-m.main+fp/softfp/libg.a(libc_a-calloc.o)
                              CMakeFiles/SE1_P4_EQ3.dir/Users/anarojas/.pico-sdk/sdk/2.3.0/src/rp2_common/pico_malloc/malloc.c.o (calloc)
/Users/anarojas/.pico-sdk/toolchain/13_2_Rel1/bin/../lib/gcc/arm-none-eabi/13.2.1/../../../../arm-none-eabi/lib/thumb/v8-m.main+fp/softfp/libg.a(libc_a-callocr.o)
                              /Users/anarojas/.pico-sdk/toolchain/13_2_Rel1/bin/../lib/gcc/arm-none-eabi/13.2.1/../../../../arm-none-eabi/lib/thumb/v8-m.main+fp/softfp/libg.a(libc_a-calloc.o) (_calloc_r)
/Users/anarojas/.pico-sdk/toolchain/13_2_Rel1/bin/../lib/gcc/arm-none-eabi/13.2.1/../../../../arm-none-eabi/lib/thumb/v8-m.main+fp/softfp/libg.a(libc_a-malloc.o)
                              CMakeFiles/SE1_P4_EQ3.dir/Users/anarojas/.pico-sdk/sdk/2.3.0/src/rp2_common/pico_malloc/malloc.c.o (malloc)
/Users/anarojas/.pico-sdk/toolchain/13_2_Rel1/bin/../lib/gcc/arm-none-eabi/13.2.1/../../../../arm-none-eabi/lib/thumb/v8-m.main+fp/softfp/libg.a(libc_a-mallocr.o)
                              /Users/anarojas/.pico-sdk/toolchain/13_2_Rel1/bin/../lib/gcc/arm-none-eabi/13.2.1/../../../../arm-none-eabi/lib/thumb/v8-m.main+fp/softfp/libg.a(libc_a-callocr.o) (_malloc_r)
/Users/anarojas/.pico-sdk/toolchain/13_2_Rel1/bin/../lib/gcc/arm-none-eabi/13.2.1/../../../../arm-none-eabi/lib/thumb/v8-m.main+fp/softfp/libg.a(libc_a-mlock.o)
                              /Users/anarojas/.pico-sdk/toolchain/13_2_Rel1/bin/../lib/gcc/arm-none-eabi/13.2.1/../../../../arm-none-eabi/lib/thumb/v8-m.main+fp/softfp/libg.a(libc_a-mallocr.o) (__malloc_lock)
/Users/anarojas/.pico-sdk/toolchain/13_2_Rel1/bin/../lib/gcc/arm-none-eabi/13.2.1/../../../../arm-none-eabi/lib/thumb/v8-m.main+fp/softfp/libg.a(libc_a-realloc.o)
                              CMakeFiles/SE1_P4_EQ3.dir/Users/anarojas/.pico-sdk/sdk/2.3.0/src/rp2_common/pico_malloc/malloc.c.o (realloc)
/Users/anarojas/.pico-sdk/toolchain/13_2_Rel1/bin/../lib/gcc/arm-none-eabi/13.2.1/../../../../arm-none-eabi/lib/thumb/v8-m.main+fp/softfp/libg.a(libc_a-reallocr.o)
                              /Users/anarojas/.pico-sdk/toolchain/13_2_Rel1/bin/../lib/gcc/arm-none-eabi/13.2.1/../../../../arm-none-eabi/lib/thumb/v8-m.main+fp/softfp/libg.a(libc_a-realloc.o) (_realloc_r)
/Users/anarojas/.pico-sdk/toolchain/13_2_Rel1/bin/../lib/gcc/arm-none-eabi/13.2.1/../../../../arm-none-eabi/lib/thumb/v8-m.main+fp/softfp/libg.a(libc_a-memcmp.o)
                              CMakeFiles/SE1_P4_EQ3.dir/Users/anarojas/.pico-sdk/sdk/2.3.0/src/rp2_common/pico_atomic/atomic.c.o (memcmp)
/Users/anarojas/.pico-sdk/toolchain/13_2_Rel1/bin/../lib/gcc/arm-none-eabi/13.2.1/../../../../arm-none-eabi/lib/thumb/v8-m.main+fp/softfp/libg.a(libc_a-memmove.o)
                              /Users/anarojas/.pico-sdk/toolchain/13_2_Rel1/bin/../lib/gcc/arm-none-eabi/13.2.1/../../../../arm-none-eabi/lib/thumb/v8-m.main+fp/softfp/libg.a(libc_a-reallocr.o) (memmove)
/Users/anarojas/.pico-sdk/toolchain/13_2_Rel1/bin/../lib/gcc/arm-none-eabi/13.2.1/../../../../arm-none-eabi/lib/thumb/v8-m.main+fp/softfp/libg.a(libc_a-memset.o)
                              CMakeFiles/SE1_P4_EQ3.dir/Users/anarojas/.pico-sdk/sdk/2.3.0/src/rp2_common/pico_thread_local/thread_local.c.o (memset)
[...]
Memory Configuration

Name             Origin             Length             Attributes
FLASH            0x10000000         0x00400000         xr
PSRAM            0x11000000         0x00000000         xrw
XIP_RAM          0x13ffc000         0x00004000         xrw
RAM              0x20000000         0x00080000         xrw
SCRATCH_X        0x20080000         0x00001000         xrw
SCRATCH_Y        0x20081000         0x00001000         xrw
*default*        0x00000000         0xffffffff

Linker script and memory map

                0x20000000                        RAM_ORIGIN_DEFAULT = 0x20000000
                0x00080000                        RAM_LENGTH_DEFAULT = 0x80000
                0x20080000                        SCRATCH_X_ORIGIN_DEFAULT = 0x20080000
                0x00001000                        SCRATCH_X_LENGTH_DEFAULT = 0x1000
                0x20081000                        SCRATCH_Y_ORIGIN_DEFAULT = 0x20081000
                0x00001000                        SCRATCH_Y_LENGTH_DEFAULT = 0x1000
                0x13ffc000                        XIP_RAM_ORIGIN_DEFAULT = 0x13ffc000
                0x00004000                        XIP_RAM_LENGTH_DEFAULT = 0x4000
LOAD CMakeFiles/SE1_P4_EQ3.dir/SE1_P4_EQ3.c.o
LOAD CMakeFiles/SE1_P4_EQ3.dir/Users/anarojas/.pico-sdk/sdk/2.3.0/src/rp2_common/pico_stdlib/stdlib.c.o
LOAD CMakeFiles/SE1_P4_EQ3.dir/Users/anarojas/.pico-sdk/sdk/2.3.0/src/rp2_common/hardware_gpio/gpio.c.o
LOAD CMakeFiles/SE1_P4_EQ3.dir/Users/anarojas/.pico-sdk/sdk/2.3.0/src/rp2350/pico_platform/platform.c.o
LOAD CMakeFiles/SE1_P4_EQ3.dir/Users/anarojas/.pico-sdk/sdk/2.3.0/src/rp2_common/pico_platform_common/common.c.o
LOAD CMakeFiles/SE1_P4_EQ3.dir/Users/anarojas/.pico-sdk/sdk/2.3.0/src/rp2_common/pico_platform_panic/panic.c.o
LOAD CMakeFiles/SE1_P4_EQ3.dir/Users/anarojas/.pico-sdk/sdk/2.3.0/src/rp2_common/pico_platform_panic/custom_panic_function.S.o
LOAD CMakeFiles/SE1_P4_EQ3.dir/Users/anarojas/.pico-sdk/sdk/2.3.0/src/common/hardware_claim/claim.c.o
LOAD CMakeFiles/SE1_P4_EQ3.dir/Users/anarojas/.pico-sdk/sdk/2.3.0/src/rp2_common/hardware_sync/sync.c.o
LOAD CMakeFiles/SE1_P4_EQ3.dir/Users/anarojas/.pico-sdk/sdk/2.3.0/src/rp2_common/hardware_sync_spin_lock/sync_spin_lock.c.o
LOAD CMakeFiles/SE1_P4_EQ3.dir/Users/anarojas/.pico-sdk/sdk/2.3.0/src/rp2_common/hardware_irq/irq.c.o
LOAD CMakeFiles/SE1_P4_EQ3.dir/Users/anarojas/.pico-sdk/sdk/2.3.0/src/rp2_common/hardware_irq/irq_handler_chain.S.o
LOAD CMakeFiles/SE1_P4_EQ3.dir/Users/anarojas/.pico-sdk/sdk/2.3.0/src/common/pico_sync/sem.c.o
LOAD CMakeFiles/SE1_P4_EQ3.dir/Users/anarojas/.pico-sdk/sdk/2.3.0/src/common/pico_sync/lock_core.c.o
LOAD CMakeFiles/SE1_P4_EQ3.dir/Users/anarojas/.pico-sdk/sdk/2.3.0/src/common/pico_sync/mutex.c.o
LOAD CMakeFiles/SE1_P4_EQ3.dir/Users/anarojas/.pico-sdk/sdk/2.3.0/src/common/pico_sync/critical_section.c.o
LOAD CMakeFiles/SE1_P4_EQ3.dir/Users/anarojas/.pico-sdk/sdk/2.3.0/src/common/pico_time/time.c.o
LOAD CMakeFiles/SE1_P4_EQ3.dir/Users/anarojas/.pico-sdk/sdk/2.3.0/src/common/pico_time/timeout_helper.c.o
LOAD CMakeFiles/SE1_P4_EQ3.dir/Users/anarojas/.pico-sdk/sdk/2.3.0/src/rp2_common/hardware_timer/timer.c.o
LOAD CMakeFiles/SE1_P4_EQ3.dir/Users/anarojas/.pico-sdk/sdk/2.3.0/src/common/pico_util/datetime.c.o
LOAD CMakeFiles/SE1_P4_EQ3.dir/Users/anarojas/.pico-sdk/sdk/2.3.0/src/common/pico_util/fixed_bitset.c.o
LOAD CMakeFiles/SE1_P4_EQ3.dir/Users/anarojas/.pico-sdk/sdk/2.3.0/src/common/pico_util/pheap.c.o
LOAD CMakeFiles/SE1_P4_EQ3.dir/Users/anarojas/.pico-sdk/sdk/2.3.0/src/common/pico_util/queue.c.o
LOAD CMakeFiles/SE1_P4_EQ3.dir/Users/anarojas/.pico-sdk/sdk/2.3.0/src/rp2_common/hardware_uart/uart.c.o
LOAD CMakeFiles/SE1_P4_EQ3.dir/Users/anarojas/.pico-sdk/sdk/2.3.0/src/rp2_common/hardware_clocks/clocks.c.o
LOAD CMakeFiles/SE1_P4_EQ3.dir/Users/anarojas/.pico-sdk/sdk/2.3.0/src/rp2_common/hardware_pll/pll.c.o
LOAD CMakeFiles/SE1_P4_EQ3.dir/Users/anarojas/.pico-sdk/sdk/2.3.0/src/rp2_common/hardware_vreg/vreg.c.o
LOAD CMakeFiles/SE1_P4_EQ3.dir/Users/anarojas/.pico-sdk/sdk/2.3.0/src/rp2_common/hardware_watchdog/watchdog.c.o
LOAD CMakeFiles/SE1_P4_EQ3.dir/Users/anarojas/.pico-sdk/sdk/2.3.0/src/rp2_common/hardware_ticks/ticks.c.o
LOAD CMakeFiles/SE1_P4_EQ3.dir/Users/anarojas/.pico-sdk/sdk/2.3.0/src/rp2_common/pico_bootrom/bootrom.c.o
LOAD CMakeFiles/SE1_P4_EQ3.dir/Users/anarojas/.pico-sdk/sdk/2.3.0/src/rp2_common/pico_bootrom/bootrom_lock.c.o
LOAD CMakeFiles/SE1_P4_EQ3.dir/Users/anarojas/.pico-sdk/sdk/2.3.0/src/rp2_common/hardware_boot_lock/boot_lock.c.o
LOAD CMakeFiles/SE1_P4_EQ3.dir/Users/anarojas/.pico-sdk/sdk/2.3.0/src/rp2_common/pico_flash/flash.c.o
LOAD CMakeFiles/SE1_P4_EQ3.dir/Users/anarojas/.pico-sdk/sdk/2.3.0/src/rp2_common/hardware_xosc/xosc.c.o
LOAD CMakeFiles/SE1_P4_EQ3.dir/Users/anarojas/.pico-sdk/sdk/2.3.0/src/rp2_common/hardware_divider/divider.c.o
LOAD CMakeFiles/SE1_P4_EQ3.dir/Users/anarojas/.pico-sdk/sdk/2.3.0/src/rp2_common/pico_runtime/runtime.c.o
LOAD CMakeFiles/SE1_P4_EQ3.dir/Users/anarojas/.pico-sdk/sdk/2.3.0/src/rp2_common/pico_runtime_init/runtime_init.c.o
LOAD CMakeFiles/SE1_P4_EQ3.dir/Users/anarojas/.pico-sdk/sdk/2.3.0/src/rp2_common/pico_runtime_init/runtime_init_clocks.c.o
LOAD CMakeFiles/SE1_P4_EQ3.dir/Users/anarojas/.pico-sdk/sdk/2.3.0/src/rp2_common/pico_runtime_init/runtime_init_stack_guard.c.o
LOAD CMakeFiles/SE1_P4_EQ3.dir/Users/anarojas/.pico-sdk/sdk/2.3.0/src/rp2_common/pico_bit_ops/bit_ops_aeabi.S.o
LOAD CMakeFiles/SE1_P4_EQ3.dir/Users/anarojas/.pico-sdk/sdk/2.3.0/src/rp2_common/pico_divider/divider_compiler.c.o
LOAD CMakeFiles/SE1_P4_EQ3.dir/Users/anarojas/.pico-sdk/sdk/2.3.0/src/rp2_common/pico_double/double_math.c.o
LOAD CMakeFiles/SE1_P4_EQ3.dir/Users/anarojas/.pico-sdk/sdk/2.3.0/src/rp2_common/pico_double/double_aeabi_dcp.S.o
LOAD CMakeFiles/SE1_P4_EQ3.dir/Users/anarojas/.pico-sdk/sdk/2.3.0/src/rp2_common/pico_double/double_fma_dcp.S.o
LOAD CMakeFiles/SE1_P4_EQ3.dir/Users/anarojas/.pico-sdk/sdk/2.3.0/src/rp2_common/pico_double/double_sci_m33.S.o
LOAD CMakeFiles/SE1_P4_EQ3.dir/Users/anarojas/.pico-sdk/sdk/2.3.0/src/rp2_common/pico_double/double_conv_m33.S.o
LOAD CMakeFiles/SE1_P4_EQ3.dir/Users/anarojas/.pico-sdk/sdk/2.3.0/src/rp2_common/pico_float/float_math.c.o
LOAD CMakeFiles/SE1_P4_EQ3.dir/Users/anarojas/.pico-sdk/sdk/2.3.0/src/rp2_common/pico_float/float_conv32_vfp.S.o
LOAD CMakeFiles/SE1_P4_EQ3.dir/Users/anarojas/.pico-sdk/sdk/2.3.0/src/rp2_common/pico_float/float_common_m33.S.o
LOAD CMakeFiles/SE1_P4_EQ3.dir/Users/anarojas/.pico-sdk/sdk/2.3.0/src/rp2_common/pico_float/float_sci_m33_vfp.S.o
LOAD CMakeFiles/SE1_P4_EQ3.dir/Users/anarojas/.pico-sdk/sdk/2.3.0/src/rp2_common/pico_malloc/malloc.c.o
LOAD CMakeFiles/SE1_P4_EQ3.dir/Users/anarojas/.pico-sdk/sdk/2.3.0/src/rp2_common/pico_atomic/atomic.c.o
LOAD CMakeFiles/SE1_P4_EQ3.dir/Users/anarojas/.pico-sdk/sdk/2.3.0/src/rp2_common/pico_cxx_options/new_delete.cpp.o
LOAD CMakeFiles/SE1_P4_EQ3.dir/Users/anarojas/.pico-sdk/sdk/2.3.0/src/rp2_common/pico_standard_binary_info/standard_binary_info.c.o
LOAD CMakeFiles/SE1_P4_EQ3.dir/Users/anarojas/.pico-sdk/sdk/2.3.0/src/rp2_common/pico_printf/printf.c.o
LOAD CMakeFiles/SE1_P4_EQ3.dir/Users/anarojas/.pico-sdk/sdk/2.3.0/src/rp2_common/pico_crt0/crt0.S.o
LOAD CMakeFiles/SE1_P4_EQ3.dir/Users/anarojas/.pico-sdk/sdk/2.3.0/src/rp2_common/pico_clib_interface/newlib_interface.c.o
LOAD CMakeFiles/SE1_P4_EQ3.dir/Users/anarojas/.pico-sdk/sdk/2.3.0/src/rp2_common/pico_clib_interface/cxa_guard.c.o
LOAD CMakeFiles/SE1_P4_EQ3.dir/Users/anarojas/.pico-sdk/sdk/2.3.0/src/rp2_common/pico_stdio/stdio.c.o
LOAD CMakeFiles/SE1_P4_EQ3.dir/Users/anarojas/.pico-sdk/sdk/2.3.0/src/rp2_common/pico_thread_local/thread_local.c.o
LOAD pico-sdk/src/rp2350/boot_stage2/CMakeFiles/bs2_default_library.dir/./bs2_default_padded.S.o
LOAD /Users/anarojas/.pico-sdk/toolchain/13_2_Rel1/bin/../lib/gcc/arm-none-eabi/13.2.1/../../../../arm-none-eabi/lib/thumb/v8-m.main+fp/softfp/libstdc++.a
LOAD /Users/anarojas/.pico-sdk/toolchain/13_2_Rel1/bin/../lib/gcc/arm-none-eabi/13.2.1/../../../../arm-none-eabi/lib/thumb/v8-m.main+fp/softfp/libm.a
START GROUP
LOAD /Users/anarojas/.pico-sdk/toolchain/13_2_Rel1/bin/../lib/gcc/arm-none-eabi/13.2.1/thumb/v8-m.main+fp/softfp/libgcc.a
LOAD /Users/anarojas/.pico-sdk/toolchain/13_2_Rel1/bin/../lib/gcc/arm-none-eabi/13.2.1/../../../../arm-none-eabi/lib/thumb/v8-m.main+fp/softfp/libg.a
LOAD /Users/anarojas/.pico-sdk/toolchain/13_2_Rel1/bin/../lib/gcc/arm-none-eabi/13.2.1/../../../../arm-none-eabi/lib/thumb/v8-m.main+fp/softfp/libc.a
END GROUP
                0x20000000                        PROVIDE (RAM_ORIGIN = RAM_ORIGIN_DEFAULT)
                0x00080000                        PROVIDE (RAM_LENGTH = RAM_LENGTH_DEFAULT)
                0x20080000                        PROVIDE (SCRATCH_X_ORIGIN = SCRATCH_X_ORIGIN_DEFAULT)
                0x00001000                        PROVIDE (SCRATCH_X_LENGTH = SCRATCH_X_LENGTH_DEFAULT)
                0x20081000                        PROVIDE (SCRATCH_Y_ORIGIN = SCRATCH_Y_ORIGIN_DEFAULT)
                0x00001000                        PROVIDE (SCRATCH_Y_LENGTH = SCRATCH_Y_LENGTH_DEFAULT)
                0x13ffc000                        PROVIDE (XIP_RAM_ORIGIN = XIP_RAM_ORIGIN_DEFAULT)
                0x00004000                        PROVIDE (XIP_RAM_LENGTH = XIP_RAM_LENGTH_DEFAULT)
                0x20000000                        RAM_ORIGIN = DEFINED (RAM_ORIGIN)?RAM_ORIGIN:RAM_ORIGIN_DEFAULT
                0x00080000                        RAM_LENGTH = DEFINED (RAM_LENGTH)?RAM_LENGTH:RAM_LENGTH_DEFAULT
                0x20080000                        SCRATCH_X_ORIGIN = DEFINED (SCRATCH_X_ORIGIN)?SCRATCH_X_ORIGIN:SCRATCH_X_ORIGIN_DEFAULT
                0x00001000                        SCRATCH_X_LENGTH = DEFINED (SCRATCH_X_LENGTH)?SCRATCH_X_LENGTH:SCRATCH_X_LENGTH_DEFAULT
                0x20081000                        SCRATCH_Y_ORIGIN = DEFINED (SCRATCH_Y_ORIGIN)?SCRATCH_Y_ORIGIN:SCRATCH_Y_ORIGIN_DEFAULT
                0x00001000                        SCRATCH_Y_LENGTH = DEFINED (SCRATCH_Y_LENGTH)?SCRATCH_Y_LENGTH:SCRATCH_Y_LENGTH_DEFAULT
                0x13ffc000                        XIP_RAM_ORIGIN = DEFINED (XIP_RAM_ORIGIN)?XIP_RAM_ORIGIN:XIP_RAM_ORIGIN_DEFAULT
                0x00004000                        XIP_RAM_LENGTH = DEFINED (XIP_RAM_LENGTH)?XIP_RAM_LENGTH:XIP_RAM_LENGTH_DEFAULT

.flash_begin    0x10000000        0x0
                0x10000000                        __flash_binary_start = .

.text           0x10000000     0x1b30
                0x10000000                        __logical_binary_start = .
 *(.vectors)
 .vectors       0x10000000      0x124 CMakeFiles/SE1_P4_EQ3.dir/Users/anarojas/.pico-sdk/sdk/2.3.0/src/rp2_common/pico_crt0/crt0.S.o
                0x10000000                __VECTOR_TABLE
                0x10000000                __vectors
                0x10000110                __unhandled_user_irq
                0x10000110                isr_irq49
                0x10000110                isr_irq13
                0x10000110                isr_irq43
                0x10000110                isr_irq45
                0x10000110                isr_irq27
                0x10000110                isr_irq32
                0x10000110                isr_irq31
                0x10000110                isr_irq5
                0x10000110                isr_irq11
                0x10000110                isr_irq23
                0x10000110                isr_usagefault
                0x10000110                isr_irq48
                0x10000110                isr_irq35
                0x10000110                isr_irq18
                0x10000110                isr_irq50
                0x10000110                isr_irq9
                0x10000110                isr_irq30
                0x10000110                isr_irq16
                0x10000110                isr_irq44
                0x10000110                isr_irq29
                0x10000110                isr_irq26
                0x10000110                isr_irq33
                0x10000110                isr_irq3
                0x10000110                isr_irq12
                0x10000110                isr_securefault
                0x10000110                isr_irq40
                0x10000110                isr_irq28
                0x10000110                isr_irq19
                0x10000110                isr_irq36
                0x10000110                isr_irq41
                0x10000110                isr_irq0
                0x10000110                isr_irq6
                0x10000110                isr_memmanage
                0x10000110                isr_irq37
                0x10000110                isr_irq42
                0x10000110                isr_irq22
                0x10000110                isr_irq17
                0x10000110                isr_irq38
                0x10000110                isr_irq14
                0x10000110                __vectors_end
                0x10000110                __default_isrs_start
                0x10000110                isr_irq2
                0x10000110                isr_irq10
                0x10000110                isr_irq8
                0x10000110                isr_debugmonitor
                0x10000110                isr_irq24
                0x10000110                isr_irq46
                0x10000110                isr_irq1
                0x10000110                isr_irq47
                0x10000110                isr_irq51
                0x10000110                isr_irq7
                0x10000110                isr_irq21
                0x10000110                isr_irq39
                0x10000110                isr_irq20
                0x10000110                isr_irq15
                0x10000110                isr_irq25
                0x10000110                isr_irq34
                0x10000110                isr_irq4
                0x10000110                isr_busfault
                0x10000116                unhandled_user_irq_num_in_r0
                0x10000118                isr_invalid
                0x1000011a                isr_nmi
                0x1000011c                isr_hardfault
                0x1000011e                isr_svcall
                0x10000120                isr_pendsv
                0x10000122                isr_systick
                0x10000124                __default_isrs_end
 *(.binary_info_header)
 .binary_info_header
                0x10000124       0x14 CMakeFiles/SE1_P4_EQ3.dir/Users/anarojas/.pico-sdk/sdk/2.3.0/src/rp2_common/pico_crt0/crt0.S.o
                0x10000138                        __binary_info_header_end = .
 *(.embedded_block)
 .embedded_block
                0x10000138       0x14 CMakeFiles/SE1_P4_EQ3.dir/Users/anarojas/.pico-sdk/sdk/2.3.0/src/rp2_common/pico_crt0/crt0.S.o
                0x1000014c                        __embedded_block_end = .
 *(.reset)
 .reset         0x1000014c       0x94 CMakeFiles/SE1_P4_EQ3.dir/Users/anarojas/.pico-sdk/sdk/2.3.0/src/rp2_common/pico_crt0/crt0.S.o
                0x1000014c                _entry_point
 *(.init)
 *libgcc.a:cmse_nonsecure_call.o()
 *(EXCLUDE_FILE(*libm.a: *lib*_a-mem*.o *libc.a: *libgcc.a:) .text*)
 .text.button_isr
                0x100001e0       0x3c CMakeFiles/SE1_P4_EQ3.dir/SE1_P4_EQ3.c.o
 .text.startup.main
                0x1000021c      0x130 CMakeFiles/SE1_P4_EQ3.dir/SE1_P4_EQ3.c.o
                0x1000021c                main
 .text.gpio_default_irq_handler
                0x1000034c      0x1ac CMakeFiles/SE1_P4_EQ3.dir/Users/anarojas/.pico-sdk/sdk/2.3.0/src/rp2_common/hardware_gpio/gpio.c.o
 .text.gpio_set_pulls
                0x100004f8       0x28 CMakeFiles/SE1_P4_EQ3.dir/Users/anarojas/.pico-sdk/sdk/2.3.0/src/rp2_common/hardware_gpio/gpio.c.o
                0x100004f8                gpio_set_pulls
 .text.gpio_set_irq_enabled
                0x10000520       0x4c CMakeFiles/SE1_P4_EQ3.dir/Users/anarojas/.pico-sdk/sdk/2.3.0/src/rp2_common/hardware_gpio/gpio.c.o
                0x10000520                gpio_set_irq_enabled
 .text.gpio_set_irq_enabled_with_callback
                0x1000056c       0xd8 CMakeFiles/SE1_P4_EQ3.dir/Users/anarojas/.pico-sdk/sdk/2.3.0/src/rp2_common/hardware_gpio/gpio.c.o
                0x1000056c                gpio_set_irq_enabled_with_callback
 .text.gpio_init
                0x10000644       0x48 CMakeFiles/SE1_P4_EQ3.dir/Users/anarojas/.pico-sdk/sdk/2.3.0/src/rp2_common/hardware_gpio/gpio.c.o
                0x10000644                gpio_init
 .text.panic    0x1000068c       0x30 CMakeFiles/SE1_P4_EQ3.dir/Users/anarojas/.pico-sdk/sdk/2.3.0/src/rp2_common/pico_platform_panic/panic.c.o
                0x1000068c                panic
 .text.hw_claim_or_assert
                0x100006bc       0x58 CMakeFiles/SE1_P4_EQ3.dir/Users/anarojas/.pico-sdk/sdk/2.3.0/src/common/hardware_claim/claim.c.o
                0x100006bc                hw_claim_or_assert
 .text.next_striped_spin_lock_num
                0x10000714       0x18 CMakeFiles/SE1_P4_EQ3.dir/Users/anarojas/.pico-sdk/sdk/2.3.0/src/rp2_common/hardware_sync/sync.c.o
                0x10000714                next_striped_spin_lock_num
 .text.spinlock_set_extexclall
                0x1000072c       0x10 CMakeFiles/SE1_P4_EQ3.dir/Users/anarojas/.pico-sdk/sdk/2.3.0/src/rp2_common/hardware_sync_spin_lock/sync_spin_lock.c.o
 .text.spin_locks_reset
                0x1000073c       0x18 CMakeFiles/SE1_P4_EQ3.dir/Users/anarojas/.pico-sdk/sdk/2.3.0/src/rp2_common/hardware_sync_spin_lock/sync_spin_lock.c.o
                0x1000073c                spin_locks_reset
 .text.runtime_init_per_core_irq_priorities
                0x10000754       0x40 CMakeFiles/SE1_P4_EQ3.dir/Users/anarojas/.pico-sdk/sdk/2.3.0/src/rp2_common/hardware_irq/irq.c.o
                0x10000754                runtime_init_per_core_irq_priorities
 .text.irq_set_enabled
                0x10000794       0x2c CMakeFiles/SE1_P4_EQ3.dir/Users/anarojas/.pico-sdk/sdk/2.3.0/src/rp2_common/hardware_irq/irq.c.o
                0x10000794                irq_set_enabled
 .text.irq_set_exclusive_handler
                0x100007c0       0x5c CMakeFiles/SE1_P4_EQ3.dir/Users/anarojas/.pico-sdk/sdk/2.3.0/src/rp2_common/hardware_irq/irq.c.o
                0x100007c0                irq_set_exclusive_handler
 .text.irq_add_shared_handler
                0x1000081c      0x1c0 CMakeFiles/SE1_P4_EQ3.dir/Users/anarojas/.pico-sdk/sdk/2.3.0/src/rp2_common/hardware_irq/irq.c.o
                0x1000081c                irq_add_shared_handler
 .text.irq_remove_handler
                0x100009dc      0x1f4 CMakeFiles/SE1_P4_EQ3.dir/Users/anarojas/.pico-sdk/sdk/2.3.0/src/rp2_common/hardware_irq/irq.c.o
                0x100009dc                irq_remove_handler
 .text.irq_add_tail_to_free_list
                0x10000bd0       0xbc CMakeFiles/SE1_P4_EQ3.dir/Users/anarojas/.pico-sdk/sdk/2.3.0/src/rp2_common/hardware_irq/irq.c.o
                0x10000bd0                irq_add_tail_to_free_list
 .text.lock_init
                0x10000c8c        0xc CMakeFiles/SE1_P4_EQ3.dir/Users/anarojas/.pico-sdk/sdk/2.3.0/src/common/pico_sync/lock_core.c.o
                0x10000c8c                lock_init
 .text.runtime_init_mutex
                0x10000c98       0x4c CMakeFiles/SE1_P4_EQ3.dir/Users/anarojas/.pico-sdk/sdk/2.3.0/src/common/pico_sync/mutex.c.o
                0x10000c98                runtime_init_mutex
 .text.sleep_until_callback
                0x10000ce4       0x4c CMakeFiles/SE1_P4_EQ3.dir/Users/anarojas/.pico-sdk/sdk/2.3.0/src/common/pico_time/time.c.o
 .text.alarm_pool_irq_handler
                0x10000d30      0x2f0 CMakeFiles/SE1_P4_EQ3.dir/Users/anarojas/.pico-sdk/sdk/2.3.0/src/common/pico_time/time.c.o
 .text.runtime_init_default_alarm_pool
                0x10001020      0x100 CMakeFiles/SE1_P4_EQ3.dir/Users/anarojas/.pico-sdk/sdk/2.3.0/src/common/pico_time/time.c.o
                0x10001020                runtime_init_default_alarm_pool
 .text.alarm_pool_add_alarm_at_force_in_context
                0x10001120       0xc8 CMakeFiles/SE1_P4_EQ3.dir/Users/anarojas/.pico-sdk/sdk/2.3.0/src/common/pico_time/time.c.o
                0x10001120                alarm_pool_add_alarm_at_force_in_context
 .text.alarm_pool_cancel_alarm
                0x100011e8       0x80 CMakeFiles/SE1_P4_EQ3.dir/Users/anarojas/.pico-sdk/sdk/2.3.0/src/common/pico_time/time.c.o
                0x100011e8                alarm_pool_cancel_alarm
 .text.best_effort_wfe_or_timeout
                0x10001268       0xd4 CMakeFiles/SE1_P4_EQ3.dir/Users/anarojas/.pico-sdk/sdk/2.3.0/src/common/pico_time/time.c.o
                0x10001268                best_effort_wfe_or_timeout
 .text.timer_hardware_alarm_claim
                0x1000133c       0x24 CMakeFiles/SE1_P4_EQ3.dir/Users/anarojas/.pico-sdk/sdk/2.3.0/src/rp2_common/hardware_timer/timer.c.o
                0x1000133c                timer_hardware_alarm_claim
 .text.timer_time_us_64
                0x10001360       0x10 CMakeFiles/SE1_P4_EQ3.dir/Users/anarojas/.pico-sdk/sdk/2.3.0/src/rp2_common/hardware_timer/timer.c.o
                0x10001360                timer_time_us_64
 .text.time_us_64
                0x10001370       0x14 CMakeFiles/SE1_P4_EQ3.dir/Users/anarojas/.pico-sdk/sdk/2.3.0/src/rp2_common/hardware_timer/timer.c.o
                0x10001370                time_us_64
 .text.clock_configure_undivided
                0x10001384       0xd0 CMakeFiles/SE1_P4_EQ3.dir/Users/anarojas/.pico-sdk/sdk/2.3.0/src/rp2_common/hardware_clocks/clocks.c.o
                0x10001384                clock_configure_undivided
 .text.clock_get_hz
                0x10001454        0xc CMakeFiles/SE1_P4_EQ3.dir/Users/anarojas/.pico-sdk/sdk/2.3.0/src/rp2_common/hardware_clocks/clocks.c.o
                0x10001454                clock_get_hz
 .text.pll_init
                0x10001460       0x8c CMakeFiles/SE1_P4_EQ3.dir/Users/anarojas/.pico-sdk/sdk/2.3.0/src/rp2_common/hardware_pll/pll.c.o
                0x10001460                pll_init
 .text.tick_start
                0x100014ec       0x18 CMakeFiles/SE1_P4_EQ3.dir/Users/anarojas/.pico-sdk/sdk/2.3.0/src/rp2_common/hardware_ticks/ticks.c.o
                0x100014ec                tick_start
 .text.rom_func_lookup
                0x10001504       0x18 CMakeFiles/SE1_P4_EQ3.dir/Users/anarojas/.pico-sdk/sdk/2.3.0/src/rp2_common/pico_bootrom/bootrom.c.o
                0x10001504                rom_func_lookup
 .text.runtime_init_bootrom_locking_enable
                0x1000151c       0x14 CMakeFiles/SE1_P4_EQ3.dir/Users/anarojas/.pico-sdk/sdk/2.3.0/src/rp2_common/pico_bootrom/bootrom_lock.c.o
                0x1000151c                runtime_init_bootrom_locking_enable
 .text.runtime_init_boot_locks_reset
                0x10001530       0x1c CMakeFiles/SE1_P4_EQ3.dir/Users/anarojas/.pico-sdk/sdk/2.3.0/src/rp2_common/hardware_boot_lock/boot_lock.c.o
                0x10001530                runtime_init_boot_locks_reset
 .text.xosc_init
                0x1000154c       0x30 CMakeFiles/SE1_P4_EQ3.dir/Users/anarojas/.pico-sdk/sdk/2.3.0/src/rp2_common/hardware_xosc/xosc.c.o
                0x1000154c                xosc_init
 .text.first_per_core_initializer
                0x1000157c        0x4 CMakeFiles/SE1_P4_EQ3.dir/Users/anarojas/.pico-sdk/sdk/2.3.0/src/rp2_common/pico_runtime/runtime.c.o
 .text.hard_assertion_failure
                0x10001580        0xc CMakeFiles/SE1_P4_EQ3.dir/Users/anarojas/.pico-sdk/sdk/2.3.0/src/rp2_common/pico_runtime/runtime.c.o
                0x10001580                hard_assertion_failure
 .text.runtime_run_initializers
                0x1000158c       0x20 CMakeFiles/SE1_P4_EQ3.dir/Users/anarojas/.pico-sdk/sdk/2.3.0/src/rp2_common/pico_runtime/runtime.c.o
                0x1000158c                runtime_run_initializers
 .text.runtime_init_early_resets
                0x100015ac       0x34 CMakeFiles/SE1_P4_EQ3.dir/Users/anarojas/.pico-sdk/sdk/2.3.0/src/rp2_common/pico_runtime_init/runtime_init.c.o
                0x100015ac                runtime_init_early_resets
 .text.runtime_init_usb_power_down
                0x100015e0       0x1c CMakeFiles/SE1_P4_EQ3.dir/Users/anarojas/.pico-sdk/sdk/2.3.0/src/rp2_common/pico_runtime_init/runtime_init.c.o
                0x100015e0                runtime_init_usb_power_down
 .text.runtime_init_per_core_enable_coprocessors
                0x100015fc       0x1c CMakeFiles/SE1_P4_EQ3.dir/Users/anarojas/.pico-sdk/sdk/2.3.0/src/rp2_common/pico_runtime_init/runtime_init.c.o
                0x100015fc                runtime_init_per_core_enable_coprocessors
 .text.runtime_init_post_clock_resets
                0x10001618       0x20 CMakeFiles/SE1_P4_EQ3.dir/Users/anarojas/.pico-sdk/sdk/2.3.0/src/rp2_common/pico_runtime_init/runtime_init.c.o
                0x10001618                runtime_init_post_clock_resets
 .text.runtime_init_bootrom_reset
                0x10001638       0x14 CMakeFiles/SE1_P4_EQ3.dir/Users/anarojas/.pico-sdk/sdk/2.3.0/src/rp2_common/pico_runtime_init/runtime_init.c.o
                0x10001638                runtime_init_bootrom_reset
 .text.runtime_init_per_core_bootrom_reset
                0x1000164c       0x14 CMakeFiles/SE1_P4_EQ3.dir/Users/anarojas/.pico-sdk/sdk/2.3.0/src/rp2_common/pico_runtime_init/runtime_init.c.o
                0x1000164c                runtime_init_per_core_bootrom_reset
 .text.runtime_init_spin_locks_reset
                0x10001660        0x4 CMakeFiles/SE1_P4_EQ3.dir/Users/anarojas/.pico-sdk/sdk/2.3.0/src/rp2_common/pico_runtime_init/runtime_init.c.o
                0x10001660                runtime_init_spin_locks_reset
 .text.runtime_init_install_ram_vector_table
                0x10001664       0x64 CMakeFiles/SE1_P4_EQ3.dir/Users/anarojas/.pico-sdk/sdk/2.3.0/src/rp2_common/pico_runtime_init/runtime_init.c.o
                0x10001664                runtime_init_install_ram_vector_table
 .text.runtime_init_clocks
                0x100016c8       0xdc CMakeFiles/SE1_P4_EQ3.dir/Users/anarojas/.pico-sdk/sdk/2.3.0/src/rp2_common/pico_runtime_init/runtime_init_clocks.c.o
                0x100016c8                runtime_init_clocks
 .text._out_char
                0x100017a4        0x8 CMakeFiles/SE1_P4_EQ3.dir/Users/anarojas/.pico-sdk/sdk/2.3.0/src/rp2_common/pico_printf/printf.c.o
 .text.weak_raw_vprintf
                0x100017ac       0x30 CMakeFiles/SE1_P4_EQ3.dir/Users/anarojas/.pico-sdk/sdk/2.3.0/src/rp2_common/pico_printf/printf.c.o
                0x100017ac                weak_raw_vprintf
 .text._exit    0x100017dc        0x4 CMakeFiles/SE1_P4_EQ3.dir/Users/anarojas/.pico-sdk/sdk/2.3.0/src/rp2_common/pico_clib_interface/newlib_interface.c.o
                0x100017dc                _exit
 .text._fini    0x100017e0        0x4 CMakeFiles/SE1_P4_EQ3.dir/Users/anarojas/.pico-sdk/sdk/2.3.0/src/rp2_common/pico_clib_interface/newlib_interface.c.o
                0x100017e0                _fini
 .text.exit     0x100017e4        0x8 CMakeFiles/SE1_P4_EQ3.dir/Users/anarojas/.pico-sdk/sdk/2.3.0/src/rp2_common/pico_clib_interface/newlib_interface.c.o
                0x100017e4                exit
 .text.runtime_init
                0x100017ec       0x24 CMakeFiles/SE1_P4_EQ3.dir/Users/anarojas/.pico-sdk/sdk/2.3.0/src/rp2_common/pico_clib_interface/newlib_interface.c.o
                0x100017ec                runtime_init
 .text.stdio_out_chars_no_crlf
                0x10001810        0x8 CMakeFiles/SE1_P4_EQ3.dir/Users/anarojas/.pico-sdk/sdk/2.3.0/src/rp2_common/pico_stdio/stdio.c.o
 .text.stdio_out_chars_crlf
                0x10001818       0xac CMakeFiles/SE1_P4_EQ3.dir/Users/anarojas/.pico-sdk/sdk/2.3.0/src/rp2_common/pico_stdio/stdio.c.o
 .text.stdio_put_string
                0x100018c4       0xf0 CMakeFiles/SE1_P4_EQ3.dir/Users/anarojas/.pico-sdk/sdk/2.3.0/src/rp2_common/pico_stdio/stdio.c.o
                0x100018c4                stdio_put_string
 .text.stdio_init_all
                0x100019b4        0x4 CMakeFiles/SE1_P4_EQ3.dir/Users/anarojas/.pico-sdk/sdk/2.3.0/src/rp2_common/pico_stdio/stdio.c.o
                0x100019b4                stdio_init_all
 .text.__wrap_putchar
                0x100019b8       0x84 CMakeFiles/SE1_P4_EQ3.dir/Users/anarojas/.pico-sdk/sdk/2.3.0/src/rp2_common/pico_stdio/stdio.c.o
                0x100019b8                stdio_putchar
                0x100019b8                __wrap_putchar
 .text.__wrap_puts
                0x10001a3c       0x3c CMakeFiles/SE1_P4_EQ3.dir/Users/anarojas/.pico-sdk/sdk/2.3.0/src/rp2_common/pico_stdio/stdio.c.o
                0x10001a3c                __wrap_puts
                0x10001a3c                stdio_puts
 .text.strlen   0x10001a78       0x5c /Users/anarojas/.pico-sdk/toolchain/13_2_Rel1/bin/../lib/gcc/arm-none-eabi/13.2.1/../../../../arm-none-eabi/lib/thumb/v8-m.main+fp/softfp/libg.a(libc_a-strlen-stub.o)
                0x10001a78                strlen
 *fill*         0x10001ad4        0x4 
 .text.strlen.__stub
                0x10001ad8       0x18 linker stubs
 *(.fini)
 *crtbegin.o(.ctors)
 *crtbegin?.o(.ctors)
 *(EXCLUDE_FILE(*crtend.o *crtend?.o) .ctors)
 *(SORT_BY_NAME(.ctors.*))
 *(.ctors)
 *crtbegin.o(.dtors)
 *crtbegin?.o(.dtors)
 *(EXCLUDE_FILE(*crtend.o *crtend?.o) .dtors)
 *(SORT_BY_NAME(.dtors.*))
 *(.dtors)
                0x10001af0                        . = ALIGN (0x4)
                [!provide]                        PROVIDE (__bothinit_array_start = .)
                0x10001af0                        PROVIDE (__preinit_array_start = .)
 *(SORT_BY_NAME(.preinit_array.*))
 .preinit_array.00050
                0x10001af0        0x4 CMakeFiles/SE1_P4_EQ3.dir/Users/anarojas/.pico-sdk/sdk/2.3.0/src/rp2_common/pico_runtime_init/runtime_init.c.o
                0x10001af0                __pre_init_runtime_init_bootrom_reset
 .preinit_array.00100
                0x10001af4        0x4 CMakeFiles/SE1_P4_EQ3.dir/Users/anarojas/.pico-sdk/sdk/2.3.0/src/rp2_common/pico_runtime_init/runtime_init.c.o
                0x10001af4                __pre_init_runtime_init_early_resets
 .preinit_array.00101
                0x10001af8        0x4 CMakeFiles/SE1_P4_EQ3.dir/Users/anarojas/.pico-sdk/sdk/2.3.0/src/rp2_common/pico_runtime_init/runtime_init.c.o
                0x10001af8                __pre_init_runtime_init_usb_power_down
 .preinit_array.00500
                0x10001afc        0x4 CMakeFiles/SE1_P4_EQ3.dir/Users/anarojas/.pico-sdk/sdk/2.3.0/src/rp2_common/pico_runtime_init/runtime_init.c.o
                0x10001afc                __pre_init_runtime_init_clocks
 .preinit_array.00600
                0x10001b00        0x4 CMakeFiles/SE1_P4_EQ3.dir/Users/anarojas/.pico-sdk/sdk/2.3.0/src/rp2_common/pico_runtime_init/runtime_init.c.o
                0x10001b00                __pre_init_runtime_init_post_clock_resets
 .preinit_array.01000
                0x10001b04        0x4 CMakeFiles/SE1_P4_EQ3.dir/Users/anarojas/.pico-sdk/sdk/2.3.0/src/rp2_common/hardware_boot_lock/boot_lock.c.o
                0x10001b04                __pre_init_runtime_init_boot_locks_reset
 .preinit_array.01000
                0x10001b08        0x4 CMakeFiles/SE1_P4_EQ3.dir/Users/anarojas/.pico-sdk/sdk/2.3.0/src/rp2_common/pico_runtime_init/runtime_init.c.o
                0x10001b08                __pre_init_runtime_init_spin_locks_reset
 .preinit_array.01010
                0x10001b0c        0x4 CMakeFiles/SE1_P4_EQ3.dir/Users/anarojas/.pico-sdk/sdk/2.3.0/src/rp2_common/pico_bootrom/bootrom_lock.c.o
                0x10001b0c                __pre_init_runtime_init_bootrom_locking_enable
 .preinit_array.01100
                0x10001b10        0x4 CMakeFiles/SE1_P4_EQ3.dir/Users/anarojas/.pico-sdk/sdk/2.3.0/src/common/pico_sync/mutex.c.o
                0x10001b10                __pre_init_runtime_init_mutex
 .preinit_array.10080
                0x10001b14        0x4 CMakeFiles/SE1_P4_EQ3.dir/Users/anarojas/.pico-sdk/sdk/2.3.0/src/rp2_common/pico_runtime_init/runtime_init.c.o
                0x10001b14                __pre_init_runtime_init_install_ram_vector_table
 .preinit_array.11000
                0x10001b18        0x4 CMakeFiles/SE1_P4_EQ3.dir/Users/anarojas/.pico-sdk/sdk/2.3.0/src/common/pico_time/time.c.o
                0x10001b18                __pre_init_runtime_init_default_alarm_pool
 .preinit_array.YYYYY
                0x10001b1c        0x4 CMakeFiles/SE1_P4_EQ3.dir/Users/anarojas/.pico-sdk/sdk/2.3.0/src/rp2_common/pico_runtime/runtime.c.o
                0x10001b1c                __pre_init_first_per_core_initializer
 .preinit_array.ZZZZZ.00051
                0x10001b20        0x4 CMakeFiles/SE1_P4_EQ3.dir/Users/anarojas/.pico-sdk/sdk/2.3.0/src/rp2_common/pico_runtime_init/runtime_init.c.o
                0x10001b20                __pre_init_runtime_init_per_core_bootrom_reset
 .preinit_array.ZZZZZ.00200
                0x10001b24        0x4 CMakeFiles/SE1_P4_EQ3.dir/Users/anarojas/.pico-sdk/sdk/2.3.0/src/rp2_common/pico_runtime_init/runtime_init.c.o
                0x10001b24                __pre_init_runtime_init_per_core_enable_coprocessors
 .preinit_array.ZZZZZ.01000
                0x10001b28        0x4 CMakeFiles/SE1_P4_EQ3.dir/Users/anarojas/.pico-sdk/sdk/2.3.0/src/rp2_common/hardware_sync_spin_lock/sync_spin_lock.c.o
                0x10001b28                __pre_init_spinlock_set_extexclall
 .preinit_array.ZZZZZ.01200
                0x10001b2c        0x4 CMakeFiles/SE1_P4_EQ3.dir/Users/anarojas/.pico-sdk/sdk/2.3.0/src/rp2_common/hardware_irq/irq.c.o
                0x10001b2c                __pre_init_runtime_init_per_core_irq_priorities
 *(.preinit_array)
                0x10001b30                        PROVIDE (__preinit_array_end = .)
                0x10001b30                        . = ALIGN (0x4)
                0x10001b30                        PROVIDE (__init_array_start = .)
 *(SORT_BY_NAME(.init_array.*))
 *(.init_array)
                0x10001b30                        PROVIDE (__init_array_end = .)
                [!provide]                        PROVIDE (__bothinit_array_end = .)
                0x10001b30                        . = ALIGN (0x4)
                [!provide]                        PROVIDE (__fini_array_start = .)
 *(SORT_BY_NAME(.fini_array.*))
 *(.fini_array)
                [!provide]                        PROVIDE (__fini_array_end = .)
                [!provide]                        PROVIDE (__dso_handle = 0x0)
 *(.eh_frame*)
                0x10001b30                        . = ALIGN (0x4)

.glue_7         0x10001b30        0x0
 .glue_7        0x10001b30        0x0 linker stubs

.glue_7t        0x10001b30        0x0
 .glue_7t       0x10001b30        0x0 linker stubs

.vfp11_veneer   0x10001b30        0x0
 .vfp11_veneer  0x10001b30        0x0 linker stubs

.v4_bx          0x10001b30        0x0
 .v4_bx         0x10001b30        0x0 linker stubs

.iplt           0x10001b30        0x0
 .iplt          0x10001b30        0x0 CMakeFiles/SE1_P4_EQ3.dir/SE1_P4_EQ3.c.o

.boot2          0x10001b30        0x0
                0x10001b30                        __boot2_start__ = .
 *(.boot2)
                0x10001b30                        __boot2_end__ = .
                0x00000001                        ASSERT (((__boot2_end__ - __boot2_start__) <= 0x100), ERROR: Pico second stage bootloader must be no more than 256 bytes in size)

.rodata         0x10001b30       0xec
 *(EXCLUDE_FILE(*libm.a: *lib*_a-mem*.o *libc.a: *libgcc.a:) .rodata*)
 .rodata.panic.str1.4
                0x10001b30       0x88 CMakeFiles/SE1_P4_EQ3.dir/Users/anarojas/.pico-sdk/sdk/2.3.0/src/rp2_common/pico_platform_panic/panic.c.o
                                 0x11 (size before relaxing)
 .rodata.timer_hardware_alarm_claim.str1.4
                0x10001bb8       0x22 CMakeFiles/SE1_P4_EQ3.dir/Users/anarojas/.pico-sdk/sdk/2.3.0/src/rp2_common/hardware_timer/timer.c.o
 .rodata.hard_assertion_failure.str1.4
                0x10001bb8        0xc CMakeFiles/SE1_P4_EQ3.dir/Users/anarojas/.pico-sdk/sdk/2.3.0/src/rp2_common/pico_runtime/runtime.c.o
 .rodata.str1.4
                0x10001bb8       0x44 CMakeFiles/SE1_P4_EQ3.dir/Users/anarojas/.pico-sdk/sdk/2.3.0/src/rp2_common/pico_standard_binary_info/standard_binary_info.c.o
 .rodata.__bi_84
                0x10001bb8        0xc CMakeFiles/SE1_P4_EQ3.dir/Users/anarojas/.pico-sdk/sdk/2.3.0/src/rp2_common/pico_standard_binary_info/standard_binary_info.c.o
 .rodata.__bi_78
                0x10001bc4        0xc CMakeFiles/SE1_P4_EQ3.dir/Users/anarojas/.pico-sdk/sdk/2.3.0/src/rp2_common/pico_standard_binary_info/standard_binary_info.c.o
 .rodata.__bi_60
                0x10001bd0        0xc CMakeFiles/SE1_P4_EQ3.dir/Users/anarojas/.pico-sdk/sdk/2.3.0/src/rp2_common/pico_standard_binary_info/standard_binary_info.c.o
 .rodata.__bi_54
                0x10001bdc        0xc CMakeFiles/SE1_P4_EQ3.dir/Users/anarojas/.pico-sdk/sdk/2.3.0/src/rp2_common/pico_standard_binary_info/standard_binary_info.c.o
 .rodata.__bi_48
                0x10001be8        0xc CMakeFiles/SE1_P4_EQ3.dir/Users/anarojas/.pico-sdk/sdk/2.3.0/src/rp2_common/pico_standard_binary_info/standard_binary_info.c.o
 .rodata.__bi_42
                0x10001bf4        0xc CMakeFiles/SE1_P4_EQ3.dir/Users/anarojas/.pico-sdk/sdk/2.3.0/src/rp2_common/pico_standard_binary_info/standard_binary_info.c.o
 .rodata.__bi_34
                0x10001c00        0xc CMakeFiles/SE1_P4_EQ3.dir/Users/anarojas/.pico-sdk/sdk/2.3.0/src/rp2_common/pico_standard_binary_info/standard_binary_info.c.o
 .rodata.__bi_26
                0x10001c0c        0xc CMakeFiles/SE1_P4_EQ3.dir/Users/anarojas/.pico-sdk/sdk/2.3.0/src/rp2_common/pico_standard_binary_info/standard_binary_info.c.o
 .rodata.crlf_str.0
                0x10001c18        0x2 CMakeFiles/SE1_P4_EQ3.dir/Users/anarojas/.pico-sdk/sdk/2.3.0/src/rp2_common/pico_stdio/stdio.c.o
 *(.srodata*)
                0x10001c1c                        . = ALIGN (0x4)
 *fill*         0x10001c1a        0x2 
 *(SORT_BY_ALIGNMENT(SORT_BY_NAME(.flashdata*)))
                0x10001c1c                        . = ALIGN (0x4)

.ARM.extab
 *(.ARM.extab* .gnu.linkonce.armextab.*)
                0x10001c1c                        __exidx_start = .

.ARM.exidx      0x10001c1c        0x8
 *(.ARM.exidx* .gnu.linkonce.armexidx.*)
 .ARM.exidx     0x10001c1c        0x8 /Users/anarojas/.pico-sdk/toolchain/13_2_Rel1/bin/../lib/gcc/arm-none-eabi/13.2.1/../../../../arm-none-eabi/lib/thumb/v8-m.main+fp/softfp/libg.a(libc_a-memcpy.o)
                0x10001c24                        __exidx_end = .
                0x10001c24                        . = ALIGN (0x4)
                0x10001c24                        __binary_info_start = .

.binary_info    0x10001c24       0x20
 *(.binary_info.keep.*)
 .binary_info.keep.__bi_ptr84
                0x10001c24        0x4 CMakeFiles/SE1_P4_EQ3.dir/Users/anarojas/.pico-sdk/sdk/2.3.0/src/rp2_common/pico_standard_binary_info/standard_binary_info.c.o
 .binary_info.keep.__bi_ptr78
                0x10001c28        0x4 CMakeFiles/SE1_P4_EQ3.dir/Users/anarojas/.pico-sdk/sdk/2.3.0/src/rp2_common/pico_standard_binary_info/standard_binary_info.c.o
 .binary_info.keep.__bi_ptr60
                0x10001c2c        0x4 CMakeFiles/SE1_P4_EQ3.dir/Users/anarojas/.pico-sdk/sdk/2.3.0/src/rp2_common/pico_standard_binary_info/standard_binary_info.c.o
 .binary_info.keep.__bi_ptr54
                0x10001c30        0x4 CMakeFiles/SE1_P4_EQ3.dir/Users/anarojas/.pico-sdk/sdk/2.3.0/src/rp2_common/pico_standard_binary_info/standard_binary_info.c.o
 .binary_info.keep.__bi_ptr48
                0x10001c34        0x4 CMakeFiles/SE1_P4_EQ3.dir/Users/anarojas/.pico-sdk/sdk/2.3.0/src/rp2_common/pico_standard_binary_info/standard_binary_info.c.o
 .binary_info.keep.__bi_ptr42
                0x10001c38        0x4 CMakeFiles/SE1_P4_EQ3.dir/Users/anarojas/.pico-sdk/sdk/2.3.0/src/rp2_common/pico_standard_binary_info/standard_binary_info.c.o
 .binary_info.keep.__bi_ptr34
                0x10001c3c        0x4 CMakeFiles/SE1_P4_EQ3.dir/Users/anarojas/.pico-sdk/sdk/2.3.0/src/rp2_common/pico_standard_binary_info/standard_binary_info.c.o
 .binary_info.keep.__bi_ptr26
                0x10001c40        0x4 CMakeFiles/SE1_P4_EQ3.dir/Users/anarojas/.pico-sdk/sdk/2.3.0/src/rp2_common/pico_standard_binary_info/standard_binary_info.c.o
 *(.binary_info.*)
                0x10001c44                        __binary_info_end = .
                0x10001c44                        . = ALIGN (0x4)

.psram_load     0x11000000        0x0 load address 0x10001c44
                0x11000000                        __psram_start__ = .
                0x11000000                        __psram_load_start__ = .
 *(SORT_BY_NAME(.psram_initialised.*))
                0x11000000                        . = ALIGN (0x4)
                0x11000000                        __psram_load_end__ = .
                0x10001c44                        __psram_load_source__ = LOADADDR (.psram_load)

.psram_noload   0x11000000        0x0 load address 0x10001c44
 *(SORT_BY_NAME(.psram_uninitialised.*))
                0x11000000                        . = ALIGN (0x4)
                0x11000000                        __psram_end__ = .

.xip_ram        0x13ffc000        0x0 load address 0x10001c44
                0x13ffc000                        __xip_ram_start__ = .
                0x13ffc000                        . = ALIGN (0x4)
 *(.xip_ram*)
                0x13ffc000                        . = ALIGN (0x4)
                0x13ffc000                        __xip_ram_end__ = .
                0x10001c44                        __xip_ram_source__ = LOADADDR (.xip_ram)

.ram_vector_table
                0x20000000      0x110
 *(.ram_vector_table)
 .ram_vector_table
                0x20000000      0x110 CMakeFiles/SE1_P4_EQ3.dir/Users/anarojas/.pico-sdk/sdk/2.3.0/src/rp2_common/pico_runtime_init/runtime_init.c.o
                0x20000000                ram_vector_table

.uninitialized_data
                0x20000110        0x0
                0x20000110                        . = ALIGN (0x4)
 *(.uninitialized_data*)

.data           0x20000110      0x2d0 load address 0x10001c44
                0x20000110                        __data_start__ = .
 *(vtable)
 *(.time_critical*)
 .time_critical.mutex_try_enter
                0x20000110       0x50 CMakeFiles/SE1_P4_EQ3.dir/Users/anarojas/.pico-sdk/sdk/2.3.0/src/common/pico_sync/mutex.c.o
                0x20000110                mutex_try_enter
 .time_critical.mutex_enter_block_until
                0x20000160       0x94 CMakeFiles/SE1_P4_EQ3.dir/Users/anarojas/.pico-sdk/sdk/2.3.0/src/common/pico_sync/mutex.c.o
                0x20000160                mutex_enter_block_until
 .time_critical.mutex_try_enter_block_until
                0x200001f4       0x38 CMakeFiles/SE1_P4_EQ3.dir/Users/anarojas/.pico-sdk/sdk/2.3.0/src/common/pico_sync/mutex.c.o
                0x200001f4                mutex_try_enter_block_until
 .time_critical.mutex_exit
                0x2000022c       0x48 CMakeFiles/SE1_P4_EQ3.dir/Users/anarojas/.pico-sdk/sdk/2.3.0/src/common/pico_sync/mutex.c.o
                0x2000022c                mutex_exit
 *(.text*)
 .text          0x20000274       0xec /Users/anarojas/.pico-sdk/toolchain/13_2_Rel1/bin/../lib/gcc/arm-none-eabi/13.2.1/../../../../arm-none-eabi/lib/thumb/v8-m.main+fp/softfp/libg.a(libc_a-memcpy.o)
                0x20000274                memcpy
 .text.__stub   0x20000360        0x8 linker stubs
                0x20000368                        . = ALIGN (0x4)
 *(.rodata*)
                0x20000368                        . = ALIGN (0x4)
                0x20000368                        PROVIDE (__emutls_array_start = .)
 *(.*.__emutls_v.*)
                0x20000368                        PROVIDE (__emutls_array_end = .)
                0x20000368                        . = ALIGN (0x4)
 *(.data*)
 .data.striped_spin_lock_num
                0x20000368        0x1 CMakeFiles/SE1_P4_EQ3.dir/Users/anarojas/.pico-sdk/sdk/2.3.0/src/rp2_common/hardware_sync/sync.c.o
 *fill*         0x20000369        0x3 
 .data          0x2000036c       0x48 CMakeFiles/SE1_P4_EQ3.dir/Users/anarojas/.pico-sdk/sdk/2.3.0/src/rp2_common/hardware_irq/irq_handler_chain.S.o
                0x2000036c                irq_handler_chain_slots
                0x2000039c                irq_handler_chain_first_slot
                0x200003a6                irq_handler_chain_remove_tail
 *fill*         0x200003b4        0x4 
 .data.last_added.0
                0x200003b8        0x8 CMakeFiles/SE1_P4_EQ3.dir/Users/anarojas/.pico-sdk/sdk/2.3.0/src/common/pico_time/time.c.o
 .data.default_alarm_pool
                0x200003c0       0x18 CMakeFiles/SE1_P4_EQ3.dir/Users/anarojas/.pico-sdk/sdk/2.3.0/src/common/pico_time/time.c.o
 *(.sdata*)
                0x200003d8                        . = ALIGN (0x4)
 *(.after_data.*)
                0x200003d8                        . = ALIGN (0x4)
                0x200003d8                        PROVIDE (__mutex_array_start = .)
 *(SORT_BY_NAME(.mutex_array.*))
 *(.mutex_array)
 .mutex_array   0x200003d8        0x8 CMakeFiles/SE1_P4_EQ3.dir/Users/anarojas/.pico-sdk/sdk/2.3.0/src/rp2_common/pico_stdio/stdio.c.o
                0x200003e0                        PROVIDE (__mutex_array_end = .)
 *(.jcr)
                0x200003e0                        . = ALIGN (0x4)

.igot.plt       0x200003e0        0x0 load address 0x10001f14
 .igot.plt      0x200003e0        0x0 CMakeFiles/SE1_P4_EQ3.dir/SE1_P4_EQ3.c.o

.tdata          0x200003e0        0x0 load address 0x10001f14
                0x200003e0                        . = ALIGN (0x4)
 *(.tdata .tdata.* .gnu.linkonce.td.*)
                0x200003e0                        __tdata_end = .
                0x200003e0                        PROVIDE (__data_end__ = .)
                0x10001c44                        __etext = LOADADDR (.data)
                0x200003e0                        . = ALIGN (0x4)

.tbss           0x200003e0        0x0 load address 0x10001f14
                0x200003e0                        __bss_start__ = .
                0x200003e0                        __tls_base = .
 *(.tbss .tbss.* .gnu.linkonce.tb.*)
 *(.tcommon)
                0x200003e0                        . = ALIGN (0x4)
                0x200003e0                        __tls_end = .

.tbss_space     0x200003e0        0x0 load address 0x10001f14
                0x200003e0                        . = (__bss_start__ + SIZEOF (.tbss))

.bss            0x200003e0      0x210 load address 0x10001f14
                0x200003e0                        . = ALIGN (0x4)
                0x200003e0                        __tbss_end = .
 *(SORT_BY_ALIGNMENT(SORT_BY_NAME(.bss*)))
 .bss.default_alarm_pool_entries
                0x200003e0      0x180 CMakeFiles/SE1_P4_EQ3.dir/Users/anarojas/.pico-sdk/sdk/2.3.0/src/common/pico_time/time.c.o
 .bss._sw_spin_locks
                0x20000560       0x20 CMakeFiles/SE1_P4_EQ3.dir/Users/anarojas/.pico-sdk/sdk/2.3.0/src/rp2_common/hardware_sync_spin_lock/sync_spin_lock.c.o
                0x20000560                _sw_spin_locks
 .bss.callbacks
                0x20000580        0x8 CMakeFiles/SE1_P4_EQ3.dir/Users/anarojas/.pico-sdk/sdk/2.3.0/src/rp2_common/hardware_gpio/gpio.c.o
 .bss.claimed   0x20000588        0x2 CMakeFiles/SE1_P4_EQ3.dir/Users/anarojas/.pico-sdk/sdk/2.3.0/src/rp2_common/hardware_timer/timer.c.o
 *fill*         0x2000058a        0x2 
 .bss.configured_freq
                0x2000058c       0x28 CMakeFiles/SE1_P4_EQ3.dir/Users/anarojas/.pico-sdk/sdk/2.3.0/src/rp2_common/hardware_clocks/clocks.c.o
 .bss.drivers   0x200005b4        0x4 CMakeFiles/SE1_P4_EQ3.dir/Users/anarojas/.pico-sdk/sdk/2.3.0/src/rp2_common/pico_stdio/stdio.c.o
 .bss.filter    0x200005b8        0x4 CMakeFiles/SE1_P4_EQ3.dir/Users/anarojas/.pico-sdk/sdk/2.3.0/src/rp2_common/pico_stdio/stdio.c.o
 .bss.lazy_vsnprintf
                0x200005bc        0x4 CMakeFiles/SE1_P4_EQ3.dir/Users/anarojas/.pico-sdk/sdk/2.3.0/src/rp2_common/pico_printf/printf.c.o
 .bss.pools     0x200005c0       0x20 CMakeFiles/SE1_P4_EQ3.dir/Users/anarojas/.pico-sdk/sdk/2.3.0/src/common/pico_time/time.c.o
 .bss.raw_irq_mask
                0x200005e0        0x8 CMakeFiles/SE1_P4_EQ3.dir/Users/anarojas/.pico-sdk/sdk/2.3.0/src/rp2_common/hardware_gpio/gpio.c.o
 .bss.sleep_notifier
                0x200005e8        0x4 CMakeFiles/SE1_P4_EQ3.dir/Users/anarojas/.pico-sdk/sdk/2.3.0/src/common/pico_time/time.c.o
 .bss.evento_boton
                0x200005ec        0x1 CMakeFiles/SE1_P4_EQ3.dir/SE1_P4_EQ3.c.o
                0x200005ec                evento_boton
 .bss.irq_handler_chain_free_slot_head
                0x200005ed        0x1 CMakeFiles/SE1_P4_EQ3.dir/Users/anarojas/.pico-sdk/sdk/2.3.0/src/rp2_common/hardware_irq/irq.c.o
 .bss.lock_internal_notify_count
                0x200005ee        0x1 CMakeFiles/SE1_P4_EQ3.dir/Users/anarojas/.pico-sdk/sdk/2.3.0/src/common/pico_sync/lock_core.c.o
                0x200005ee                lock_internal_notify_count
 *(COMMON)
                [!provide]                        PROVIDE (__global_pointer$ = (. + 0x800))
 *(.sbss*)
                0x200005f0                        . = ALIGN (0x4)
 *fill*         0x200005ef        0x1 
                0x200005f0                        __bss_end__ = .
                [!provide]                        PROVIDE (__tls_start = SIZEOF (.tdata)?ADDR (.tdata):ADDR (.tbss))
                [!provide]                        PROVIDE (__tls_size = (__tls_end - __tls_start))
                [!provide]                        PROVIDE (__tls_align = MAX (ALIGNOF (.tdata), ALIGNOF (.tbss)))
                [!provide]                        PROVIDE (__tls_size_align = ALIGN (__tls_size, __tls_align))
                [!provide]                        PROVIDE (__arm32_tls_tcb_offset = MAX (0x8, __tls_align))
                [!provide]                        PROVIDE (__tdata_size = SIZEOF (.tdata))
                [!provide]                        PROVIDE (__tdata_source = LOADADDR (.tdata))
                [!provide]                        PROVIDE (__tbss_size = SIZEOF (.tbss))
                [!provide]                        PROVIDE (__tbss_offset = (ADDR (.tbss) - __tls_start))

.tlsX_not_needed_marker
 *(.tlsX_not_needed_marker)
                [!provide]                        PROVIDE (__tlsX_align = (SIZEOF (.tlsX_not_needed_marker) > 0x0)?0x4:__tls_align)
                [!provide]                        PROVIDE (__tlsX_size_align = (SIZEOF (.tlsX_not_needed_marker) > 0x0)?0x0:__tls_size_align)
                0x200003e0                        __tls_start = DEFINED (__tls_start)?__tls_start:SIZEOF (.tdata)?ADDR (.tdata):ADDR (.tbss)
                0x00000000                        __tls_size = DEFINED (__tls_size)?__tls_size:(__tls_end - __tls_start)
                0x00000001                        __tls_align = DEFINED (__tls_align)?__tls_align:MAX (ALIGNOF (.tdata), ALIGNOF (.tbss))
                0x00000000                        __tls_size_align = DEFINED (__tls_size_align)?__tls_size_align:ALIGN (__tls_size, __tls_align)
                0x00000008                        __arm32_tls_tcb_offset = DEFINED (__arm32_tls_tcb_offset)?__arm32_tls_tcb_offset:MAX (0x8, __tls_align)
                0x00000000                        __tdata_size = DEFINED (__tdata_size)?__tdata_size:SIZEOF (.tdata)
                0x10001f14                        __tdata_source = DEFINED (__tdata_source)?__tdata_source:LOADADDR (.tdata)
                0x00000000                        __tbss_size = DEFINED (__tbss_size)?__tbss_size:SIZEOF (.tbss)
                0x00000000                        __tbss_offset = DEFINED (__tbss_offset)?__tbss_offset:(ADDR (.tbss) - __tls_start)
                0x00000001                        __tlsX_align = DEFINED (__tlsX_align)?__tlsX_align:(SIZEOF (.tlsX_not_needed_marker) > 0x0)?0x4:__tls_align
                0x00000000                        __tlsX_size_align = DEFINED (__tlsX_size_align)?__tlsX_size_align:(SIZEOF (.tlsX_not_needed_marker) > 0x0)?0x0:__tls_size_align

.tls0           0x200005f0        0x0 load address 0x10001f14
                0x200005f0                        . = ALIGN (__tlsX_align)
                [!provide]                        PROVIDE (__tls0_base = .)
                0x200005f0                        . = (. + __tlsX_size_align)

.tls1           0x200005f0        0x0 load address 0x10001f14
                0x200005f0                        . = ALIGN (__tlsX_align)
                [!provide]                        PROVIDE (__tls1_base = .)
                0x200005f0                        . = (. + __tlsX_size_align)

.persistent_data
                0x200005f0        0x0 load address 0x10001f14
                0x200005f0                        __persistent_data_start__ = .
 *(.persistent_data*)
                0x200005f0                        . = ALIGN (0x4)
                [!provide]                        PROVIDE (__persistent_data_end__ = .)

.dummy_pre_heap
                0x200005f0        0x0 load address 0x10001f14
                0x200005f0                        . = .

.heap           0x200005f0      0x800
                0x200005f0                        __end__ = .
                0x200005f0                        end = __end__
 *(.heap*)
 .heap          0x200005f0      0x800 CMakeFiles/SE1_P4_EQ3.dir/Users/anarojas/.pico-sdk/sdk/2.3.0/src/rp2_common/pico_crt0/crt0.S.o
                0x20080000                        __HeapLimit = DEFINED (HEAP_LIMIT)?HEAP_LIMIT:(ORIGIN (RAM) + LENGTH (RAM))

.scratch_x      0x20080000        0x0 load address 0x10001f14
                0x20080000                        __scratch_x_start__ = .
 *(.scratch_x.*)
                0x20080000                        . = ALIGN (0x4)
                0x20080000                        __scratch_x_end__ = .
                0x10001f14                        __scratch_x_source__ = LOADADDR (.scratch_x)

.scratch_y      0x20081000        0x0 load address 0x10001f14
                0x20081000                        __scratch_y_start__ = .
 *(.scratch_y.*)
                0x20081000                        . = ALIGN (0x4)
                0x20081000                        __scratch_y_end__ = .
                0x10001f14                        __scratch_y_source__ = LOADADDR (.scratch_y)

.stack1_dummy
 *(.stack1*)

.stack_dummy    0x20081000      0x800
 *(.stack*)
 .stack         0x20081000      0x800 CMakeFiles/SE1_P4_EQ3.dir/Users/anarojas/.pico-sdk/sdk/2.3.0/src/rp2_common/pico_crt0/crt0.S.o

.flash_end      0x10001f14       0x14
 *(.embedded_end_block*)
 .embedded_end_block
                0x10001f14       0x14 CMakeFiles/SE1_P4_EQ3.dir/Users/anarojas/.pico-sdk/sdk/2.3.0/src/rp2_common/pico_crt0/crt0.S.o
                0x10001f28                        PROVIDE (__flash_binary_end = .)
                0x20080000                        __StackLimit = (ORIGIN (RAM) + LENGTH (RAM))
                0x20081000                        __StackOneTop = (ORIGIN (SCRATCH_X) + LENGTH (SCRATCH_X))
                0x20082000                        __StackTop = (ORIGIN (SCRATCH_Y) + LENGTH (SCRATCH_Y))
                0x20081000                        __StackOneBottom = (__StackOneTop - SIZEOF (.stack1_dummy))
                0x20081800                        __StackBottom = (__StackTop - SIZEOF (.stack_dummy))
                [!provide]                        PROVIDE (__stack = __StackTop)
                [!provide]                        PROVIDE (__heap_start = __end__)
                [!provide]                        PROVIDE (__heap_end = __HeapLimit)
                [!provide]                        PROVIDE (__tls_align = MAX (ALIGNOF (.tdata), ALIGNOF (.tbss)))
                [!provide]                        PROVIDE (__tls_size_align = (((__tls_size + __tls_align) - 0x1) & ~ ((__tls_align - 0x1))))
                [!provide]                        PROVIDE (__arm32_tls_tcb_offset = MAX (0x8, __tls_align))
                [!provide]                        PROVIDE (_end = __end__)
                [!provide]                        PROVIDE (__llvm_libc_heap_limit = __HeapLimit)
                0x00000001                        ASSERT ((__StackLimit >= __HeapLimit), region RAM overflowed)
                0x00000001                        ASSERT (((__binary_info_header_end - __logical_binary_start) <= 0x400), Binary info must be in first 1024 bytes of the binary)
                0x00000001                        ASSERT (((__embedded_block_end - __logical_binary_start) <= 0x1000), Embedded block must be in first 4096 bytes of the binary)
OUTPUT(SE1_P4_EQ3.elf elf32-littlearm)
LOAD linker stubs

.rel.dyn        0x10001f28        0x0
 .rel.iplt      0x10001f28        0x0 CMakeFiles/SE1_P4_EQ3.dir/SE1_P4_EQ3.c.o

.debug_info     0x00000000    0x1df56
 .debug_info    0x00000000     0x1397 CMakeFiles/SE1_P4_EQ3.dir/SE1_P4_EQ3.c.o
 .debug_info    0x00001397     0x233b CMakeFiles/SE1_P4_EQ3.dir/Users/anarojas/.pico-sdk/sdk/2.3.0/src/rp2_common/hardware_gpio/gpio.c.o
 .debug_info    0x000036d2      0x1be CMakeFiles/SE1_P4_EQ3.dir/Users/anarojas/.pico-sdk/sdk/2.3.0/src/rp2_common/pico_platform_panic/panic.c.o
 .debug_info    0x00003890      0xb7a CMakeFiles/SE1_P4_EQ3.dir/Users/anarojas/.pico-sdk/sdk/2.3.0/src/common/hardware_claim/claim.c.o
 .debug_info    0x0000440a      0x462 CMakeFiles/SE1_P4_EQ3.dir/Users/anarojas/.pico-sdk/sdk/2.3.0/src/rp2_common/hardware_sync/sync.c.o
 .debug_info    0x0000486c     0x137c CMakeFiles/SE1_P4_EQ3.dir/Users/anarojas/.pico-sdk/sdk/2.3.0/src/rp2_common/hardware_sync_spin_lock/sync_spin_lock.c.o
 .debug_info    0x00005be8     0x26f8 CMakeFiles/SE1_P4_EQ3.dir/Users/anarojas/.pico-sdk/sdk/2.3.0/src/rp2_common/hardware_irq/irq.c.o
 .debug_info    0x000082e0      0x2f2 CMakeFiles/SE1_P4_EQ3.dir/Users/anarojas/.pico-sdk/sdk/2.3.0/src/common/pico_sync/lock_core.c.o
 .debug_info    0x000085d2     0x1d96 CMakeFiles/SE1_P4_EQ3.dir/Users/anarojas/.pico-sdk/sdk/2.3.0/src/common/pico_sync/mutex.c.o
 .debug_info    0x0000a368     0x4cda CMakeFiles/SE1_P4_EQ3.dir/Users/anarojas/.pico-sdk/sdk/2.3.0/src/common/pico_time/time.c.o
 .debug_info    0x0000f042     0x30bf CMakeFiles/SE1_P4_EQ3.dir/Users/anarojas/.pico-sdk/sdk/2.3.0/src/rp2_common/hardware_timer/timer.c.o
 .debug_info    0x00012101     0x2e44 CMakeFiles/SE1_P4_EQ3.dir/Users/anarojas/.pico-sdk/sdk/2.3.0/src/rp2_common/hardware_clocks/clocks.c.o
 .debug_info    0x00014f45      0x513 CMakeFiles/SE1_P4_EQ3.dir/Users/anarojas/.pico-sdk/sdk/2.3.0/src/rp2_common/hardware_pll/pll.c.o
 .debug_info    0x00015458      0x26c CMakeFiles/SE1_P4_EQ3.dir/Users/anarojas/.pico-sdk/sdk/2.3.0/src/rp2_common/hardware_ticks/ticks.c.o
 .debug_info    0x000156c4     0x112a CMakeFiles/SE1_P4_EQ3.dir/Users/anarojas/.pico-sdk/sdk/2.3.0/src/rp2_common/pico_bootrom/bootrom.c.o
 .debug_info    0x000167ee      0x1c4 CMakeFiles/SE1_P4_EQ3.dir/Users/anarojas/.pico-sdk/sdk/2.3.0/src/rp2_common/pico_bootrom/bootrom_lock.c.o
 .debug_info    0x000169b2      0x316 CMakeFiles/SE1_P4_EQ3.dir/Users/anarojas/.pico-sdk/sdk/2.3.0/src/rp2_common/hardware_boot_lock/boot_lock.c.o
 .debug_info    0x00016cc8      0x1b1 CMakeFiles/SE1_P4_EQ3.dir/Users/anarojas/.pico-sdk/sdk/2.3.0/src/rp2_common/hardware_xosc/xosc.c.o
 .debug_info    0x00016e79      0x21a CMakeFiles/SE1_P4_EQ3.dir/Users/anarojas/.pico-sdk/sdk/2.3.0/src/rp2_common/pico_runtime/runtime.c.o
 .debug_info    0x00017093     0x1b64 CMakeFiles/SE1_P4_EQ3.dir/Users/anarojas/.pico-sdk/sdk/2.3.0/src/rp2_common/pico_runtime_init/runtime_init.c.o
 .debug_info    0x00018bf7      0x7c6 CMakeFiles/SE1_P4_EQ3.dir/Users/anarojas/.pico-sdk/sdk/2.3.0/src/rp2_common/pico_runtime_init/runtime_init_clocks.c.o
 .debug_info    0x000193bd      0x2d6 CMakeFiles/SE1_P4_EQ3.dir/Users/anarojas/.pico-sdk/sdk/2.3.0/src/rp2_common/pico_standard_binary_info/standard_binary_info.c.o
 .debug_info    0x00019693     0x208d CMakeFiles/SE1_P4_EQ3.dir/Users/anarojas/.pico-sdk/sdk/2.3.0/src/rp2_common/pico_printf/printf.c.o
 .debug_info    0x0001b720       0x23 CMakeFiles/SE1_P4_EQ3.dir/Users/anarojas/.pico-sdk/sdk/2.3.0/src/rp2_common/pico_crt0/crt0.S.o
 .debug_info    0x0001b743      0xc37 CMakeFiles/SE1_P4_EQ3.dir/Users/anarojas/.pico-sdk/sdk/2.3.0/src/rp2_common/pico_clib_interface/newlib_interface.c.o
 .debug_info    0x0001c37a     0x1bdc CMakeFiles/SE1_P4_EQ3.dir/Users/anarojas/.pico-sdk/sdk/2.3.0/src/rp2_common/pico_stdio/stdio.c.o

.debug_abbrev   0x00000000     0x507e
 .debug_abbrev  0x00000000      0x35f CMakeFiles/SE1_P4_EQ3.dir/SE1_P4_EQ3.c.o
 .debug_abbrev  0x0000035f      0x506 CMakeFiles/SE1_P4_EQ3.dir/Users/anarojas/.pico-sdk/sdk/2.3.0/src/rp2_common/hardware_gpio/gpio.c.o
 .debug_abbrev  0x00000865      0x12b CMakeFiles/SE1_P4_EQ3.dir/Users/anarojas/.pico-sdk/sdk/2.3.0/src/rp2_common/pico_platform_panic/panic.c.o
 .debug_abbrev  0x00000990      0x35e CMakeFiles/SE1_P4_EQ3.dir/Users/anarojas/.pico-sdk/sdk/2.3.0/src/common/hardware_claim/claim.c.o
 .debug_abbrev  0x00000cee      0x230 CMakeFiles/SE1_P4_EQ3.dir/Users/anarojas/.pico-sdk/sdk/2.3.0/src/rp2_common/hardware_sync/sync.c.o
 .debug_abbrev  0x00000f1e      0x274 CMakeFiles/SE1_P4_EQ3.dir/Users/anarojas/.pico-sdk/sdk/2.3.0/src/rp2_common/hardware_sync_spin_lock/sync_spin_lock.c.o
 .debug_abbrev  0x00001192      0x632 CMakeFiles/SE1_P4_EQ3.dir/Users/anarojas/.pico-sdk/sdk/2.3.0/src/rp2_common/hardware_irq/irq.c.o
 .debug_abbrev  0x000017c4      0x158 CMakeFiles/SE1_P4_EQ3.dir/Users/anarojas/.pico-sdk/sdk/2.3.0/src/common/pico_sync/lock_core.c.o
 .debug_abbrev  0x0000191c      0x498 CMakeFiles/SE1_P4_EQ3.dir/Users/anarojas/.pico-sdk/sdk/2.3.0/src/common/pico_sync/mutex.c.o
 .debug_abbrev  0x00001db4      0x680 CMakeFiles/SE1_P4_EQ3.dir/Users/anarojas/.pico-sdk/sdk/2.3.0/src/common/pico_time/time.c.o
 .debug_abbrev  0x00002434      0x4fa CMakeFiles/SE1_P4_EQ3.dir/Users/anarojas/.pico-sdk/sdk/2.3.0/src/rp2_common/hardware_timer/timer.c.o
 .debug_abbrev  0x0000292e      0x54c CMakeFiles/SE1_P4_EQ3.dir/Users/anarojas/.pico-sdk/sdk/2.3.0/src/rp2_common/hardware_clocks/clocks.c.o
 .debug_abbrev  0x00002e7a      0x1a8 CMakeFiles/SE1_P4_EQ3.dir/Users/anarojas/.pico-sdk/sdk/2.3.0/src/rp2_common/hardware_pll/pll.c.o
 .debug_abbrev  0x00003022      0x146 CMakeFiles/SE1_P4_EQ3.dir/Users/anarojas/.pico-sdk/sdk/2.3.0/src/rp2_common/hardware_ticks/ticks.c.o
 .debug_abbrev  0x00003168      0x46a CMakeFiles/SE1_P4_EQ3.dir/Users/anarojas/.pico-sdk/sdk/2.3.0/src/rp2_common/pico_bootrom/bootrom.c.o
 .debug_abbrev  0x000035d2       0xfb CMakeFiles/SE1_P4_EQ3.dir/Users/anarojas/.pico-sdk/sdk/2.3.0/src/rp2_common/pico_bootrom/bootrom_lock.c.o
 .debug_abbrev  0x000036cd      0x1de CMakeFiles/SE1_P4_EQ3.dir/Users/anarojas/.pico-sdk/sdk/2.3.0/src/rp2_common/hardware_boot_lock/boot_lock.c.o
 .debug_abbrev  0x000038ab      0x109 CMakeFiles/SE1_P4_EQ3.dir/Users/anarojas/.pico-sdk/sdk/2.3.0/src/rp2_common/hardware_xosc/xosc.c.o
 .debug_abbrev  0x000039b4      0x185 CMakeFiles/SE1_P4_EQ3.dir/Users/anarojas/.pico-sdk/sdk/2.3.0/src/rp2_common/pico_runtime/runtime.c.o
 .debug_abbrev  0x00003b39      0x312 CMakeFiles/SE1_P4_EQ3.dir/Users/anarojas/.pico-sdk/sdk/2.3.0/src/rp2_common/pico_runtime_init/runtime_init.c.o
 .debug_abbrev  0x00003e4b      0x29e CMakeFiles/SE1_P4_EQ3.dir/Users/anarojas/.pico-sdk/sdk/2.3.0/src/rp2_common/pico_runtime_init/runtime_init_clocks.c.o
 .debug_abbrev  0x000040e9       0xb8 CMakeFiles/SE1_P4_EQ3.dir/Users/anarojas/.pico-sdk/sdk/2.3.0/src/rp2_common/pico_standard_binary_info/standard_binary_info.c.o
 .debug_abbrev  0x000041a1      0x540 CMakeFiles/SE1_P4_EQ3.dir/Users/anarojas/.pico-sdk/sdk/2.3.0/src/rp2_common/pico_printf/printf.c.o
 .debug_abbrev  0x000046e1       0x12 CMakeFiles/SE1_P4_EQ3.dir/Users/anarojas/.pico-sdk/sdk/2.3.0/src/rp2_common/pico_crt0/crt0.S.o
 .debug_abbrev  0x000046f3      0x38e CMakeFiles/SE1_P4_EQ3.dir/Users/anarojas/.pico-sdk/sdk/2.3.0/src/rp2_common/pico_clib_interface/newlib_interface.c.o
 .debug_abbrev  0x00004a81      0x5fd CMakeFiles/SE1_P4_EQ3.dir/Users/anarojas/.pico-sdk/sdk/2.3.0/src/rp2_common/pico_stdio/stdio.c.o

.debug_loclists
                0x00000000     0xea21
 .debug_loclists
                0x00000000      0x3c0 CMakeFiles/SE1_P4_EQ3.dir/SE1_P4_EQ3.c.o
 .debug_loclists
                0x000003c0     0x1922 CMakeFiles/SE1_P4_EQ3.dir/Users/anarojas/.pico-sdk/sdk/2.3.0/src/rp2_common/hardware_gpio/gpio.c.o
 .debug_loclists
                0x00001ce2      0x451 CMakeFiles/SE1_P4_EQ3.dir/Users/anarojas/.pico-sdk/sdk/2.3.0/src/common/hardware_claim/claim.c.o
 .debug_loclists
                0x00002133      0x107 CMakeFiles/SE1_P4_EQ3.dir/Users/anarojas/.pico-sdk/sdk/2.3.0/src/rp2_common/hardware_sync/sync.c.o
 .debug_loclists
                0x0000223a       0xa2 CMakeFiles/SE1_P4_EQ3.dir/Users/anarojas/.pico-sdk/sdk/2.3.0/src/rp2_common/hardware_sync_spin_lock/sync_spin_lock.c.o
 .debug_loclists
                0x000022dc     0x115c CMakeFiles/SE1_P4_EQ3.dir/Users/anarojas/.pico-sdk/sdk/2.3.0/src/rp2_common/hardware_irq/irq.c.o
 .debug_loclists
                0x00003438       0x17 CMakeFiles/SE1_P4_EQ3.dir/Users/anarojas/.pico-sdk/sdk/2.3.0/src/common/pico_sync/lock_core.c.o
 .debug_loclists
                0x0000344f      0x9db CMakeFiles/SE1_P4_EQ3.dir/Users/anarojas/.pico-sdk/sdk/2.3.0/src/common/pico_sync/mutex.c.o
 .debug_loclists
                0x00003e2a     0x29f6 CMakeFiles/SE1_P4_EQ3.dir/Users/anarojas/.pico-sdk/sdk/2.3.0/src/common/pico_time/time.c.o
 .debug_loclists
                0x00006820     0x1a37 CMakeFiles/SE1_P4_EQ3.dir/Users/anarojas/.pico-sdk/sdk/2.3.0/src/rp2_common/hardware_timer/timer.c.o
 .debug_loclists
                0x00008257     0x2213 CMakeFiles/SE1_P4_EQ3.dir/Users/anarojas/.pico-sdk/sdk/2.3.0/src/rp2_common/hardware_clocks/clocks.c.o
 .debug_loclists
                0x0000a46a      0x1b7 CMakeFiles/SE1_P4_EQ3.dir/Users/anarojas/.pico-sdk/sdk/2.3.0/src/rp2_common/hardware_pll/pll.c.o
 .debug_loclists
                0x0000a621       0x8b CMakeFiles/SE1_P4_EQ3.dir/Users/anarojas/.pico-sdk/sdk/2.3.0/src/rp2_common/hardware_ticks/ticks.c.o
 .debug_loclists
                0x0000a6ac      0x83d CMakeFiles/SE1_P4_EQ3.dir/Users/anarojas/.pico-sdk/sdk/2.3.0/src/rp2_common/pico_bootrom/bootrom.c.o
 .debug_loclists
                0x0000aee9       0x28 CMakeFiles/SE1_P4_EQ3.dir/Users/anarojas/.pico-sdk/sdk/2.3.0/src/rp2_common/pico_bootrom/bootrom_lock.c.o
 .debug_loclists
                0x0000af11       0x78 CMakeFiles/SE1_P4_EQ3.dir/Users/anarojas/.pico-sdk/sdk/2.3.0/src/rp2_common/hardware_boot_lock/boot_lock.c.o
 .debug_loclists
                0x0000af89       0x48 CMakeFiles/SE1_P4_EQ3.dir/Users/anarojas/.pico-sdk/sdk/2.3.0/src/rp2_common/hardware_xosc/xosc.c.o
 .debug_loclists
                0x0000afd1       0x7e CMakeFiles/SE1_P4_EQ3.dir/Users/anarojas/.pico-sdk/sdk/2.3.0/src/rp2_common/pico_runtime/runtime.c.o
 .debug_loclists
                0x0000b04f      0x147 CMakeFiles/SE1_P4_EQ3.dir/Users/anarojas/.pico-sdk/sdk/2.3.0/src/rp2_common/pico_runtime_init/runtime_init.c.o
 .debug_loclists
                0x0000b196       0x74 CMakeFiles/SE1_P4_EQ3.dir/Users/anarojas/.pico-sdk/sdk/2.3.0/src/rp2_common/pico_runtime_init/runtime_init_clocks.c.o
 .debug_loclists
                0x0000b20a     0x290d CMakeFiles/SE1_P4_EQ3.dir/Users/anarojas/.pico-sdk/sdk/2.3.0/src/rp2_common/pico_printf/printf.c.o
 .debug_loclists
                0x0000db17      0x425 CMakeFiles/SE1_P4_EQ3.dir/Users/anarojas/.pico-sdk/sdk/2.3.0/src/rp2_common/pico_clib_interface/newlib_interface.c.o
 .debug_loclists
                0x0000df3c      0xae5 CMakeFiles/SE1_P4_EQ3.dir/Users/anarojas/.pico-sdk/sdk/2.3.0/src/rp2_common/pico_stdio/stdio.c.o

.debug_aranges  0x00000000      0xa50
 .debug_aranges
                0x00000000       0x28 CMakeFiles/SE1_P4_EQ3.dir/SE1_P4_EQ3.c.o
 .debug_aranges
                0x00000028      0x110 CMakeFiles/SE1_P4_EQ3.dir/Users/anarojas/.pico-sdk/sdk/2.3.0/src/rp2_common/hardware_gpio/gpio.c.o
 .debug_aranges
                0x00000138       0x28 CMakeFiles/SE1_P4_EQ3.dir/Users/anarojas/.pico-sdk/sdk/2.3.0/src/rp2_common/pico_platform_panic/panic.c.o
 .debug_aranges
                0x00000160       0x48 CMakeFiles/SE1_P4_EQ3.dir/Users/anarojas/.pico-sdk/sdk/2.3.0/src/common/hardware_claim/claim.c.o
 .debug_aranges
                0x000001a8       0x48 CMakeFiles/SE1_P4_EQ3.dir/Users/anarojas/.pico-sdk/sdk/2.3.0/src/rp2_common/hardware_sync/sync.c.o
 .debug_aranges
                0x000001f0       0x30 CMakeFiles/SE1_P4_EQ3.dir/Users/anarojas/.pico-sdk/sdk/2.3.0/src/rp2_common/hardware_sync_spin_lock/sync_spin_lock.c.o
 .debug_aranges
                0x00000220       0xc8 CMakeFiles/SE1_P4_EQ3.dir/Users/anarojas/.pico-sdk/sdk/2.3.0/src/rp2_common/hardware_irq/irq.c.o
 .debug_aranges
                0x000002e8       0x20 CMakeFiles/SE1_P4_EQ3.dir/Users/anarojas/.pico-sdk/sdk/2.3.0/src/common/pico_sync/lock_core.c.o
 .debug_aranges
                0x00000308       0x98 CMakeFiles/SE1_P4_EQ3.dir/Users/anarojas/.pico-sdk/sdk/2.3.0/src/common/pico_sync/mutex.c.o
 .debug_aranges
                0x000003a0       0xe0 CMakeFiles/SE1_P4_EQ3.dir/Users/anarojas/.pico-sdk/sdk/2.3.0/src/common/pico_time/time.c.o
 .debug_aranges
                0x00000480       0xf0 CMakeFiles/SE1_P4_EQ3.dir/Users/anarojas/.pico-sdk/sdk/2.3.0/src/rp2_common/hardware_timer/timer.c.o
 .debug_aranges
                0x00000570       0xb0 CMakeFiles/SE1_P4_EQ3.dir/Users/anarojas/.pico-sdk/sdk/2.3.0/src/rp2_common/hardware_clocks/clocks.c.o
 .debug_aranges
                0x00000620       0x28 CMakeFiles/SE1_P4_EQ3.dir/Users/anarojas/.pico-sdk/sdk/2.3.0/src/rp2_common/hardware_pll/pll.c.o
 .debug_aranges
                0x00000648       0x30 CMakeFiles/SE1_P4_EQ3.dir/Users/anarojas/.pico-sdk/sdk/2.3.0/src/rp2_common/hardware_ticks/ticks.c.o
 .debug_aranges
                0x00000678       0x60 CMakeFiles/SE1_P4_EQ3.dir/Users/anarojas/.pico-sdk/sdk/2.3.0/src/rp2_common/pico_bootrom/bootrom.c.o
 .debug_aranges
                0x000006d8       0x20 CMakeFiles/SE1_P4_EQ3.dir/Users/anarojas/.pico-sdk/sdk/2.3.0/src/rp2_common/pico_bootrom/bootrom_lock.c.o
 .debug_aranges
                0x000006f8       0x30 CMakeFiles/SE1_P4_EQ3.dir/Users/anarojas/.pico-sdk/sdk/2.3.0/src/rp2_common/hardware_boot_lock/boot_lock.c.o
 .debug_aranges
                0x00000728       0x30 CMakeFiles/SE1_P4_EQ3.dir/Users/anarojas/.pico-sdk/sdk/2.3.0/src/rp2_common/hardware_xosc/xosc.c.o
 .debug_aranges
                0x00000758       0x38 CMakeFiles/SE1_P4_EQ3.dir/Users/anarojas/.pico-sdk/sdk/2.3.0/src/rp2_common/pico_runtime/runtime.c.o
 .debug_aranges
                0x00000790       0x58 CMakeFiles/SE1_P4_EQ3.dir/Users/anarojas/.pico-sdk/sdk/2.3.0/src/rp2_common/pico_runtime_init/runtime_init.c.o
 .debug_aranges
                0x000007e8       0x20 CMakeFiles/SE1_P4_EQ3.dir/Users/anarojas/.pico-sdk/sdk/2.3.0/src/rp2_common/pico_runtime_init/runtime_init_clocks.c.o
 .debug_aranges
                0x00000808       0x18 CMakeFiles/SE1_P4_EQ3.dir/Users/anarojas/.pico-sdk/sdk/2.3.0/src/rp2_common/pico_standard_binary_info/standard_binary_info.c.o
 .debug_aranges
                0x00000820       0x90 CMakeFiles/SE1_P4_EQ3.dir/Users/anarojas/.pico-sdk/sdk/2.3.0/src/rp2_common/pico_printf/printf.c.o
 .debug_aranges
                0x000008b0       0x28 CMakeFiles/SE1_P4_EQ3.dir/Users/anarojas/.pico-sdk/sdk/2.3.0/src/rp2_common/pico_crt0/crt0.S.o
 .debug_aranges
                0x000008d8       0xb0 CMakeFiles/SE1_P4_EQ3.dir/Users/anarojas/.pico-sdk/sdk/2.3.0/src/rp2_common/pico_clib_interface/newlib_interface.c.o
 .debug_aranges
                0x00000988       0xc8 CMakeFiles/SE1_P4_EQ3.dir/Users/anarojas/.pico-sdk/sdk/2.3.0/src/rp2_common/pico_stdio/stdio.c.o

.debug_rnglists
                0x00000000     0x2bf1
 .debug_rnglists
                0x00000000       0xff CMakeFiles/SE1_P4_EQ3.dir/SE1_P4_EQ3.c.o
 .debug_rnglists
                0x000000ff      0x63b CMakeFiles/SE1_P4_EQ3.dir/Users/anarojas/.pico-sdk/sdk/2.3.0/src/rp2_common/hardware_gpio/gpio.c.o
 .debug_rnglists
                0x0000073a       0x19 CMakeFiles/SE1_P4_EQ3.dir/Users/anarojas/.pico-sdk/sdk/2.3.0/src/rp2_common/pico_platform_panic/panic.c.o
 .debug_rnglists
                0x00000753      0x104 CMakeFiles/SE1_P4_EQ3.dir/Users/anarojas/.pico-sdk/sdk/2.3.0/src/common/hardware_claim/claim.c.o
 .debug_rnglists
                0x00000857       0x67 CMakeFiles/SE1_P4_EQ3.dir/Users/anarojas/.pico-sdk/sdk/2.3.0/src/rp2_common/hardware_sync/sync.c.o
 .debug_rnglists
                0x000008be       0x43 CMakeFiles/SE1_P4_EQ3.dir/Users/anarojas/.pico-sdk/sdk/2.3.0/src/rp2_common/hardware_sync_spin_lock/sync_spin_lock.c.o
 .debug_rnglists
                0x00000901      0x39d CMakeFiles/SE1_P4_EQ3.dir/Users/anarojas/.pico-sdk/sdk/2.3.0/src/rp2_common/hardware_irq/irq.c.o
 .debug_rnglists
                0x00000c9e       0x13 CMakeFiles/SE1_P4_EQ3.dir/Users/anarojas/.pico-sdk/sdk/2.3.0/src/common/pico_sync/lock_core.c.o
 .debug_rnglists
                0x00000cb1      0x311 CMakeFiles/SE1_P4_EQ3.dir/Users/anarojas/.pico-sdk/sdk/2.3.0/src/common/pico_sync/mutex.c.o
 .debug_rnglists
                0x00000fc2      0x7d7 CMakeFiles/SE1_P4_EQ3.dir/Users/anarojas/.pico-sdk/sdk/2.3.0/src/common/pico_time/time.c.o
 .debug_rnglists
                0x00001799      0x499 CMakeFiles/SE1_P4_EQ3.dir/Users/anarojas/.pico-sdk/sdk/2.3.0/src/rp2_common/hardware_timer/timer.c.o
 .debug_rnglists
                0x00001c32      0x63e CMakeFiles/SE1_P4_EQ3.dir/Users/anarojas/.pico-sdk/sdk/2.3.0/src/rp2_common/hardware_clocks/clocks.c.o
 .debug_rnglists
                0x00002270       0x59 CMakeFiles/SE1_P4_EQ3.dir/Users/anarojas/.pico-sdk/sdk/2.3.0/src/rp2_common/hardware_pll/pll.c.o
 .debug_rnglists
                0x000022c9       0x2b CMakeFiles/SE1_P4_EQ3.dir/Users/anarojas/.pico-sdk/sdk/2.3.0/src/rp2_common/hardware_ticks/ticks.c.o
 .debug_rnglists
                0x000022f4      0x116 CMakeFiles/SE1_P4_EQ3.dir/Users/anarojas/.pico-sdk/sdk/2.3.0/src/rp2_common/pico_bootrom/bootrom.c.o
 .debug_rnglists
                0x0000240a       0x13 CMakeFiles/SE1_P4_EQ3.dir/Users/anarojas/.pico-sdk/sdk/2.3.0/src/rp2_common/pico_bootrom/bootrom_lock.c.o
 .debug_rnglists
                0x0000241d       0x4f CMakeFiles/SE1_P4_EQ3.dir/Users/anarojas/.pico-sdk/sdk/2.3.0/src/rp2_common/hardware_boot_lock/boot_lock.c.o
 .debug_rnglists
                0x0000246c       0x2b CMakeFiles/SE1_P4_EQ3.dir/Users/anarojas/.pico-sdk/sdk/2.3.0/src/rp2_common/hardware_xosc/xosc.c.o
 .debug_rnglists
                0x00002497       0x3d CMakeFiles/SE1_P4_EQ3.dir/Users/anarojas/.pico-sdk/sdk/2.3.0/src/rp2_common/pico_runtime/runtime.c.o
 .debug_rnglists
                0x000024d4       0x70 CMakeFiles/SE1_P4_EQ3.dir/Users/anarojas/.pico-sdk/sdk/2.3.0/src/rp2_common/pico_runtime_init/runtime_init.c.o
 .debug_rnglists
                0x00002544       0x2c CMakeFiles/SE1_P4_EQ3.dir/Users/anarojas/.pico-sdk/sdk/2.3.0/src/rp2_common/pico_runtime_init/runtime_init_clocks.c.o
 .debug_rnglists
                0x00002570      0x2bf CMakeFiles/SE1_P4_EQ3.dir/Users/anarojas/.pico-sdk/sdk/2.3.0/src/rp2_common/pico_printf/printf.c.o
 .debug_rnglists
                0x0000282f       0x1b CMakeFiles/SE1_P4_EQ3.dir/Users/anarojas/.pico-sdk/sdk/2.3.0/src/rp2_common/pico_crt0/crt0.S.o
 .debug_rnglists
                0x0000284a       0xbb CMakeFiles/SE1_P4_EQ3.dir/Users/anarojas/.pico-sdk/sdk/2.3.0/src/rp2_common/pico_clib_interface/newlib_interface.c.o
 .debug_rnglists
                0x00002905      0x2ec CMakeFiles/SE1_P4_EQ3.dir/Users/anarojas/.pico-sdk/sdk/2.3.0/src/rp2_common/pico_stdio/stdio.c.o

.debug_line     0x00000000    0x13cbf
 .debug_line    0x00000000      0x915 CMakeFiles/SE1_P4_EQ3.dir/SE1_P4_EQ3.c.o
 .debug_line    0x00000915     0x1b40 CMakeFiles/SE1_P4_EQ3.dir/Users/anarojas/.pico-sdk/sdk/2.3.0/src/rp2_common/hardware_gpio/gpio.c.o
 .debug_line    0x00002455      0x28b CMakeFiles/SE1_P4_EQ3.dir/Users/anarojas/.pico-sdk/sdk/2.3.0/src/rp2_common/pico_platform_panic/panic.c.o
 .debug_line    0x000026e0      0x85e CMakeFiles/SE1_P4_EQ3.dir/Users/anarojas/.pico-sdk/sdk/2.3.0/src/common/hardware_claim/claim.c.o
 .debug_line    0x00002f3e      0x41e CMakeFiles/SE1_P4_EQ3.dir/Users/anarojas/.pico-sdk/sdk/2.3.0/src/rp2_common/hardware_sync/sync.c.o
 .debug_line    0x0000335c      0x3ab CMakeFiles/SE1_P4_EQ3.dir/Users/anarojas/.pico-sdk/sdk/2.3.0/src/rp2_common/hardware_sync_spin_lock/sync_spin_lock.c.o
 .debug_line    0x00003707     0x1753 CMakeFiles/SE1_P4_EQ3.dir/Users/anarojas/.pico-sdk/sdk/2.3.0/src/rp2_common/hardware_irq/irq.c.o
 .debug_line    0x00004e5a      0x2d8 CMakeFiles/SE1_P4_EQ3.dir/Users/anarojas/.pico-sdk/sdk/2.3.0/src/common/pico_sync/lock_core.c.o
 .debug_line    0x00005132     0x1358 CMakeFiles/SE1_P4_EQ3.dir/Users/anarojas/.pico-sdk/sdk/2.3.0/src/common/pico_sync/mutex.c.o
 .debug_line    0x0000648a     0x2f48 CMakeFiles/SE1_P4_EQ3.dir/Users/anarojas/.pico-sdk/sdk/2.3.0/src/common/pico_time/time.c.o
 .debug_line    0x000093d2     0x1e54 CMakeFiles/SE1_P4_EQ3.dir/Users/anarojas/.pico-sdk/sdk/2.3.0/src/rp2_common/hardware_timer/timer.c.o
 .debug_line    0x0000b226     0x2135 CMakeFiles/SE1_P4_EQ3.dir/Users/anarojas/.pico-sdk/sdk/2.3.0/src/rp2_common/hardware_clocks/clocks.c.o
 .debug_line    0x0000d35b      0x4f4 CMakeFiles/SE1_P4_EQ3.dir/Users/anarojas/.pico-sdk/sdk/2.3.0/src/rp2_common/hardware_pll/pll.c.o
 .debug_line    0x0000d84f      0x341 CMakeFiles/SE1_P4_EQ3.dir/Users/anarojas/.pico-sdk/sdk/2.3.0/src/rp2_common/hardware_ticks/ticks.c.o
 .debug_line    0x0000db90      0xbea CMakeFiles/SE1_P4_EQ3.dir/Users/anarojas/.pico-sdk/sdk/2.3.0/src/rp2_common/pico_bootrom/bootrom.c.o
 .debug_line    0x0000e77a      0x3c8 CMakeFiles/SE1_P4_EQ3.dir/Users/anarojas/.pico-sdk/sdk/2.3.0/src/rp2_common/pico_bootrom/bootrom_lock.c.o
 .debug_line    0x0000eb42      0x42f CMakeFiles/SE1_P4_EQ3.dir/Users/anarojas/.pico-sdk/sdk/2.3.0/src/rp2_common/hardware_boot_lock/boot_lock.c.o
 .debug_line    0x0000ef71      0x375 CMakeFiles/SE1_P4_EQ3.dir/Users/anarojas/.pico-sdk/sdk/2.3.0/src/rp2_common/hardware_xosc/xosc.c.o
 .debug_line    0x0000f2e6      0x31f CMakeFiles/SE1_P4_EQ3.dir/Users/anarojas/.pico-sdk/sdk/2.3.0/src/rp2_common/pico_runtime/runtime.c.o
 .debug_line    0x0000f605      0x6fc CMakeFiles/SE1_P4_EQ3.dir/Users/anarojas/.pico-sdk/sdk/2.3.0/src/rp2_common/pico_runtime_init/runtime_init.c.o
 .debug_line    0x0000fd01      0x59e CMakeFiles/SE1_P4_EQ3.dir/Users/anarojas/.pico-sdk/sdk/2.3.0/src/rp2_common/pico_runtime_init/runtime_init_clocks.c.o
 .debug_line    0x0001029f      0x1a1 CMakeFiles/SE1_P4_EQ3.dir/Users/anarojas/.pico-sdk/sdk/2.3.0/src/rp2_common/pico_standard_binary_info/standard_binary_info.c.o
 .debug_line    0x00010440     0x1a62 CMakeFiles/SE1_P4_EQ3.dir/Users/anarojas/.pico-sdk/sdk/2.3.0/src/rp2_common/pico_printf/printf.c.o
 .debug_line    0x00011ea2       0xa0 CMakeFiles/SE1_P4_EQ3.dir/Users/anarojas/.pico-sdk/sdk/2.3.0/src/rp2_common/pico_crt0/crt0.S.o
 .debug_line    0x00011f42      0x8c9 CMakeFiles/SE1_P4_EQ3.dir/Users/anarojas/.pico-sdk/sdk/2.3.0/src/rp2_common/pico_clib_interface/newlib_interface.c.o
 .debug_line    0x0001280b     0x14b4 CMakeFiles/SE1_P4_EQ3.dir/Users/anarojas/.pico-sdk/sdk/2.3.0/src/rp2_common/pico_stdio/stdio.c.o

.debug_str      0x00000000     0x5919
 .debug_str     0x00000000     0x5919 CMakeFiles/SE1_P4_EQ3.dir/SE1_P4_EQ3.c.o
                                0xfe6 (size before relaxing)
 .debug_str     0x00005919      0xd8b CMakeFiles/SE1_P4_EQ3.dir/Users/anarojas/.pico-sdk/sdk/2.3.0/src/rp2_common/hardware_gpio/gpio.c.o
 .debug_str     0x00005919      0x21e CMakeFiles/SE1_P4_EQ3.dir/Users/anarojas/.pico-sdk/sdk/2.3.0/src/rp2_common/pico_platform_panic/panic.c.o
 .debug_str     0x00005919      0x390 CMakeFiles/SE1_P4_EQ3.dir/Users/anarojas/.pico-sdk/sdk/2.3.0/src/common/hardware_claim/claim.c.o
 .debug_str     0x00005919      0x33b CMakeFiles/SE1_P4_EQ3.dir/Users/anarojas/.pico-sdk/sdk/2.3.0/src/rp2_common/hardware_sync/sync.c.o
 .debug_str     0x00005919      0xb58 CMakeFiles/SE1_P4_EQ3.dir/Users/anarojas/.pico-sdk/sdk/2.3.0/src/rp2_common/hardware_sync_spin_lock/sync_spin_lock.c.o
 .debug_str     0x00005919      0xca4 CMakeFiles/SE1_P4_EQ3.dir/Users/anarojas/.pico-sdk/sdk/2.3.0/src/rp2_common/hardware_irq/irq.c.o
 .debug_str     0x00005919      0x4dd CMakeFiles/SE1_P4_EQ3.dir/Users/anarojas/.pico-sdk/sdk/2.3.0/src/common/pico_sync/lock_core.c.o
 .debug_str     0x00005919      0x92a CMakeFiles/SE1_P4_EQ3.dir/Users/anarojas/.pico-sdk/sdk/2.3.0/src/common/pico_sync/mutex.c.o
 .debug_str     0x00005919     0x135e CMakeFiles/SE1_P4_EQ3.dir/Users/anarojas/.pico-sdk/sdk/2.3.0/src/common/pico_time/time.c.o
 .debug_str     0x00005919      0xbbb CMakeFiles/SE1_P4_EQ3.dir/Users/anarojas/.pico-sdk/sdk/2.3.0/src/rp2_common/hardware_timer/timer.c.o
 .debug_str     0x00005919     0x118d CMakeFiles/SE1_P4_EQ3.dir/Users/anarojas/.pico-sdk/sdk/2.3.0/src/rp2_common/hardware_clocks/clocks.c.o
 .debug_str     0x00005919      0x4c0 CMakeFiles/SE1_P4_EQ3.dir/Users/anarojas/.pico-sdk/sdk/2.3.0/src/rp2_common/hardware_pll/pll.c.o
 .debug_str     0x00005919      0x2e1 CMakeFiles/SE1_P4_EQ3.dir/Users/anarojas/.pico-sdk/sdk/2.3.0/src/rp2_common/hardware_ticks/ticks.c.o
 .debug_str     0x00005919      0x997 CMakeFiles/SE1_P4_EQ3.dir/Users/anarojas/.pico-sdk/sdk/2.3.0/src/rp2_common/pico_bootrom/bootrom.c.o
 .debug_str     0x00005919      0x2c9 CMakeFiles/SE1_P4_EQ3.dir/Users/anarojas/.pico-sdk/sdk/2.3.0/src/rp2_common/pico_bootrom/bootrom_lock.c.o
 .debug_str     0x00005919      0x2a7 CMakeFiles/SE1_P4_EQ3.dir/Users/anarojas/.pico-sdk/sdk/2.3.0/src/rp2_common/hardware_boot_lock/boot_lock.c.o
 .debug_str     0x00005919      0x25a CMakeFiles/SE1_P4_EQ3.dir/Users/anarojas/.pico-sdk/sdk/2.3.0/src/rp2_common/hardware_xosc/xosc.c.o
 .debug_str     0x00005919      0x2b0 CMakeFiles/SE1_P4_EQ3.dir/Users/anarojas/.pico-sdk/sdk/2.3.0/src/rp2_common/pico_runtime/runtime.c.o
 .debug_str     0x00005919     0x11ad CMakeFiles/SE1_P4_EQ3.dir/Users/anarojas/.pico-sdk/sdk/2.3.0/src/rp2_common/pico_runtime_init/runtime_init.c.o
 .debug_str     0x00005919      0x4fc CMakeFiles/SE1_P4_EQ3.dir/Users/anarojas/.pico-sdk/sdk/2.3.0/src/rp2_common/pico_runtime_init/runtime_init_clocks.c.o
 .debug_str     0x00005919      0x454 CMakeFiles/SE1_P4_EQ3.dir/Users/anarojas/.pico-sdk/sdk/2.3.0/src/rp2_common/pico_standard_binary_info/standard_binary_info.c.o
 .debug_str     0x00005919      0x4b7 CMakeFiles/SE1_P4_EQ3.dir/Users/anarojas/.pico-sdk/sdk/2.3.0/src/rp2_common/pico_printf/printf.c.o
 .debug_str     0x00005919       0x7b CMakeFiles/SE1_P4_EQ3.dir/Users/anarojas/.pico-sdk/sdk/2.3.0/src/rp2_common/pico_crt0/crt0.S.o
 .debug_str     0x00005919      0x8b5 CMakeFiles/SE1_P4_EQ3.dir/Users/anarojas/.pico-sdk/sdk/2.3.0/src/rp2_common/pico_clib_interface/newlib_interface.c.o
 .debug_str     0x00005919      0xc44 CMakeFiles/SE1_P4_EQ3.dir/Users/anarojas/.pico-sdk/sdk/2.3.0/src/rp2_common/pico_stdio/stdio.c.o

.comment        0x00000000       0x44
 .comment       0x00000000       0x44 CMakeFiles/SE1_P4_EQ3.dir/SE1_P4_EQ3.c.o
                                 0x45 (size before relaxing)
 .comment       0x00000044       0x45 CMakeFiles/SE1_P4_EQ3.dir/Users/anarojas/.pico-sdk/sdk/2.3.0/src/rp2_common/hardware_gpio/gpio.c.o
 .comment       0x00000044       0x45 CMakeFiles/SE1_P4_EQ3.dir/Users/anarojas/.pico-sdk/sdk/2.3.0/src/rp2_common/pico_platform_panic/panic.c.o
 .comment       0x00000044       0x45 CMakeFiles/SE1_P4_EQ3.dir/Users/anarojas/.pico-sdk/sdk/2.3.0/src/common/hardware_claim/claim.c.o
 .comment       0x00000044       0x45 CMakeFiles/SE1_P4_EQ3.dir/Users/anarojas/.pico-sdk/sdk/2.3.0/src/rp2_common/hardware_sync/sync.c.o
 .comment       0x00000044       0x45 CMakeFiles/SE1_P4_EQ3.dir/Users/anarojas/.pico-sdk/sdk/2.3.0/src/rp2_common/hardware_sync_spin_lock/sync_spin_lock.c.o
 .comment       0x00000044       0x45 CMakeFiles/SE1_P4_EQ3.dir/Users/anarojas/.pico-sdk/sdk/2.3.0/src/rp2_common/hardware_irq/irq.c.o
 .comment       0x00000044       0x45 CMakeFiles/SE1_P4_EQ3.dir/Users/anarojas/.pico-sdk/sdk/2.3.0/src/common/pico_sync/lock_core.c.o
 .comment       0x00000044       0x45 CMakeFiles/SE1_P4_EQ3.dir/Users/anarojas/.pico-sdk/sdk/2.3.0/src/common/pico_sync/mutex.c.o
 .comment       0x00000044       0x45 CMakeFiles/SE1_P4_EQ3.dir/Users/anarojas/.pico-sdk/sdk/2.3.0/src/common/pico_time/time.c.o
 .comment       0x00000044       0x45 CMakeFiles/SE1_P4_EQ3.dir/Users/anarojas/.pico-sdk/sdk/2.3.0/src/rp2_common/hardware_timer/timer.c.o
 .comment       0x00000044       0x45 CMakeFiles/SE1_P4_EQ3.dir/Users/anarojas/.pico-sdk/sdk/2.3.0/src/rp2_common/hardware_clocks/clocks.c.o
 .comment       0x00000044       0x45 CMakeFiles/SE1_P4_EQ3.dir/Users/anarojas/.pico-sdk/sdk/2.3.0/src/rp2_common/hardware_pll/pll.c.o
 .comment       0x00000044       0x45 CMakeFiles/SE1_P4_EQ3.dir/Users/anarojas/.pico-sdk/sdk/2.3.0/src/rp2_common/hardware_ticks/ticks.c.o
 .comment       0x00000044       0x45 CMakeFiles/SE1_P4_EQ3.dir/Users/anarojas/.pico-sdk/sdk/2.3.0/src/rp2_common/pico_bootrom/bootrom.c.o
 .comment       0x00000044       0x45 CMakeFiles/SE1_P4_EQ3.dir/Users/anarojas/.pico-sdk/sdk/2.3.0/src/rp2_common/pico_bootrom/bootrom_lock.c.o
 .comment       0x00000044       0x45 CMakeFiles/SE1_P4_EQ3.dir/Users/anarojas/.pico-sdk/sdk/2.3.0/src/rp2_common/hardware_boot_lock/boot_lock.c.o
 .comment       0x00000044       0x45 CMakeFiles/SE1_P4_EQ3.dir/Users/anarojas/.pico-sdk/sdk/2.3.0/src/rp2_common/hardware_xosc/xosc.c.o
 .comment       0x00000044       0x45 CMakeFiles/SE1_P4_EQ3.dir/Users/anarojas/.pico-sdk/sdk/2.3.0/src/rp2_common/pico_runtime/runtime.c.o
 .comment       0x00000044       0x45 CMakeFiles/SE1_P4_EQ3.dir/Users/anarojas/.pico-sdk/sdk/2.3.0/src/rp2_common/pico_runtime_init/runtime_init.c.o
 .comment       0x00000044       0x45 CMakeFiles/SE1_P4_EQ3.dir/Users/anarojas/.pico-sdk/sdk/2.3.0/src/rp2_common/pico_runtime_init/runtime_init_clocks.c.o
 .comment       0x00000044       0x45 CMakeFiles/SE1_P4_EQ3.dir/Users/anarojas/.pico-sdk/sdk/2.3.0/src/rp2_common/pico_standard_binary_info/standard_binary_info.c.o
 .comment       0x00000044       0x45 CMakeFiles/SE1_P4_EQ3.dir/Users/anarojas/.pico-sdk/sdk/2.3.0/src/rp2_common/pico_printf/printf.c.o
 .comment       0x00000044       0x45 CMakeFiles/SE1_P4_EQ3.dir/Users/anarojas/.pico-sdk/sdk/2.3.0/src/rp2_common/pico_clib_interface/newlib_interface.c.o
 .comment       0x00000044       0x45 CMakeFiles/SE1_P4_EQ3.dir/Users/anarojas/.pico-sdk/sdk/2.3.0/src/rp2_common/pico_stdio/stdio.c.o

.ARM.attributes
                0x00000000       0x36
 .ARM.attributes
                0x00000000       0x38 CMakeFiles/SE1_P4_EQ3.dir/SE1_P4_EQ3.c.o
 .ARM.attributes
                0x00000038       0x38 CMakeFiles/SE1_P4_EQ3.dir/Users/anarojas/.pico-sdk/sdk/2.3.0/src/rp2_common/hardware_gpio/gpio.c.o
 .ARM.attributes
                0x00000070       0x38 CMakeFiles/SE1_P4_EQ3.dir/Users/anarojas/.pico-sdk/sdk/2.3.0/src/rp2_common/pico_platform_panic/panic.c.o
 .ARM.attributes
                0x000000a8       0x38 CMakeFiles/SE1_P4_EQ3.dir/Users/anarojas/.pico-sdk/sdk/2.3.0/src/common/hardware_claim/claim.c.o
 .ARM.attributes
                0x000000e0       0x38 CMakeFiles/SE1_P4_EQ3.dir/Users/anarojas/.pico-sdk/sdk/2.3.0/src/rp2_common/hardware_sync/sync.c.o
 .ARM.attributes
                0x00000118       0x38 CMakeFiles/SE1_P4_EQ3.dir/Users/anarojas/.pico-sdk/sdk/2.3.0/src/rp2_common/hardware_sync_spin_lock/sync_spin_lock.c.o
 .ARM.attributes
                0x00000150       0x38 CMakeFiles/SE1_P4_EQ3.dir/Users/anarojas/.pico-sdk/sdk/2.3.0/src/rp2_common/hardware_irq/irq.c.o
 .ARM.attributes
                0x00000188       0x28 CMakeFiles/SE1_P4_EQ3.dir/Users/anarojas/.pico-sdk/sdk/2.3.0/src/rp2_common/hardware_irq/irq_handler_chain.S.o
 .ARM.attributes
                0x000001b0       0x38 CMakeFiles/SE1_P4_EQ3.dir/Users/anarojas/.pico-sdk/sdk/2.3.0/src/common/pico_sync/lock_core.c.o
 .ARM.attributes
                0x000001e8       0x38 CMakeFiles/SE1_P4_EQ3.dir/Users/anarojas/.pico-sdk/sdk/2.3.0/src/common/pico_sync/mutex.c.o
 .ARM.attributes
                0x00000220       0x38 CMakeFiles/SE1_P4_EQ3.dir/Users/anarojas/.pico-sdk/sdk/2.3.0/src/common/pico_time/time.c.o
 .ARM.attributes
                0x00000258       0x38 CMakeFiles/SE1_P4_EQ3.dir/Users/anarojas/.pico-sdk/sdk/2.3.0/src/rp2_common/hardware_timer/timer.c.o
 .ARM.attributes
                0x00000290       0x38 CMakeFiles/SE1_P4_EQ3.dir/Users/anarojas/.pico-sdk/sdk/2.3.0/src/rp2_common/hardware_clocks/clocks.c.o
 .ARM.attributes
                0x000002c8       0x38 CMakeFiles/SE1_P4_EQ3.dir/Users/anarojas/.pico-sdk/sdk/2.3.0/src/rp2_common/hardware_pll/pll.c.o
 .ARM.attributes
                0x00000300       0x38 CMakeFiles/SE1_P4_EQ3.dir/Users/anarojas/.pico-sdk/sdk/2.3.0/src/rp2_common/hardware_ticks/ticks.c.o
 .ARM.attributes
                0x00000338       0x38 CMakeFiles/SE1_P4_EQ3.dir/Users/anarojas/.pico-sdk/sdk/2.3.0/src/rp2_common/pico_bootrom/bootrom.c.o
 .ARM.attributes
                0x00000370       0x38 CMakeFiles/SE1_P4_EQ3.dir/Users/anarojas/.pico-sdk/sdk/2.3.0/src/rp2_common/pico_bootrom/bootrom_lock.c.o
 .ARM.attributes
                0x000003a8       0x38 CMakeFiles/SE1_P4_EQ3.dir/Users/anarojas/.pico-sdk/sdk/2.3.0/src/rp2_common/hardware_boot_lock/boot_lock.c.o
 .ARM.attributes
                0x000003e0       0x38 CMakeFiles/SE1_P4_EQ3.dir/Users/anarojas/.pico-sdk/sdk/2.3.0/src/rp2_common/hardware_xosc/xosc.c.o
 .ARM.attributes
                0x00000418       0x38 CMakeFiles/SE1_P4_EQ3.dir/Users/anarojas/.pico-sdk/sdk/2.3.0/src/rp2_common/pico_runtime/runtime.c.o
 .ARM.attributes
                0x00000450       0x38 CMakeFiles/SE1_P4_EQ3.dir/Users/anarojas/.pico-sdk/sdk/2.3.0/src/rp2_common/pico_runtime_init/runtime_init.c.o
 .ARM.attributes
                0x00000488       0x38 CMakeFiles/SE1_P4_EQ3.dir/Users/anarojas/.pico-sdk/sdk/2.3.0/src/rp2_common/pico_runtime_init/runtime_init_clocks.c.o
 .ARM.attributes
                0x000004c0       0x38 CMakeFiles/SE1_P4_EQ3.dir/Users/anarojas/.pico-sdk/sdk/2.3.0/src/rp2_common/pico_standard_binary_info/standard_binary_info.c.o
 .ARM.attributes
                0x000004f8       0x38 CMakeFiles/SE1_P4_EQ3.dir/Users/anarojas/.pico-sdk/sdk/2.3.0/src/rp2_common/pico_printf/printf.c.o
 .ARM.attributes
                0x00000530       0x28 CMakeFiles/SE1_P4_EQ3.dir/Users/anarojas/.pico-sdk/sdk/2.3.0/src/rp2_common/pico_crt0/crt0.S.o
 .ARM.attributes
                0x00000558       0x38 CMakeFiles/SE1_P4_EQ3.dir/Users/anarojas/.pico-sdk/sdk/2.3.0/src/rp2_common/pico_clib_interface/newlib_interface.c.o
 .ARM.attributes
                0x00000590       0x38 CMakeFiles/SE1_P4_EQ3.dir/Users/anarojas/.pico-sdk/sdk/2.3.0/src/rp2_common/pico_stdio/stdio.c.o
 .ARM.attributes
                0x000005c8       0x24 /Users/anarojas/.pico-sdk/toolchain/13_2_Rel1/bin/../lib/gcc/arm-none-eabi/13.2.1/../../../../arm-none-eabi/lib/thumb/v8-m.main+fp/softfp/libg.a(libc_a-memcpy.o)
 .ARM.attributes
                0x000005ec       0x36 /Users/anarojas/.pico-sdk/toolchain/13_2_Rel1/bin/../lib/gcc/arm-none-eabi/13.2.1/../../../../arm-none-eabi/lib/thumb/v8-m.main+fp/softfp/libg.a(libc_a-strlen-stub.o)

.debug_frame    0x00000000     0x1d10
 .debug_frame   0x00000000       0x50 CMakeFiles/SE1_P4_EQ3.dir/SE1_P4_EQ3.c.o
 .debug_frame   0x00000050      0x34c CMakeFiles/SE1_P4_EQ3.dir/Users/anarojas/.pico-sdk/sdk/2.3.0/src/rp2_common/hardware_gpio/gpio.c.o
 .debug_frame   0x0000039c       0x4c CMakeFiles/SE1_P4_EQ3.dir/Users/anarojas/.pico-sdk/sdk/2.3.0/src/rp2_common/pico_platform_panic/panic.c.o
 .debug_frame   0x000003e8       0x94 CMakeFiles/SE1_P4_EQ3.dir/Users/anarojas/.pico-sdk/sdk/2.3.0/src/common/hardware_claim/claim.c.o
 .debug_frame   0x0000047c       0x98 CMakeFiles/SE1_P4_EQ3.dir/Users/anarojas/.pico-sdk/sdk/2.3.0/src/rp2_common/hardware_sync/sync.c.o
 .debug_frame   0x00000514       0x40 CMakeFiles/SE1_P4_EQ3.dir/Users/anarojas/.pico-sdk/sdk/2.3.0/src/rp2_common/hardware_sync_spin_lock/sync_spin_lock.c.o
 .debug_frame   0x00000554      0x1dc CMakeFiles/SE1_P4_EQ3.dir/Users/anarojas/.pico-sdk/sdk/2.3.0/src/rp2_common/hardware_irq/irq.c.o
 .debug_frame   0x00000730       0x20 CMakeFiles/SE1_P4_EQ3.dir/Users/anarojas/.pico-sdk/sdk/2.3.0/src/common/pico_sync/lock_core.c.o
 .debug_frame   0x00000750      0x200 CMakeFiles/SE1_P4_EQ3.dir/Users/anarojas/.pico-sdk/sdk/2.3.0/src/common/pico_sync/mutex.c.o
 .debug_frame   0x00000950      0x35c CMakeFiles/SE1_P4_EQ3.dir/Users/anarojas/.pico-sdk/sdk/2.3.0/src/common/pico_time/time.c.o
 .debug_frame   0x00000cac      0x2d4 CMakeFiles/SE1_P4_EQ3.dir/Users/anarojas/.pico-sdk/sdk/2.3.0/src/rp2_common/hardware_timer/timer.c.o
 .debug_frame   0x00000f80      0x260 CMakeFiles/SE1_P4_EQ3.dir/Users/anarojas/.pico-sdk/sdk/2.3.0/src/rp2_common/hardware_clocks/clocks.c.o
 .debug_frame   0x000011e0       0x44 CMakeFiles/SE1_P4_EQ3.dir/Users/anarojas/.pico-sdk/sdk/2.3.0/src/rp2_common/hardware_pll/pll.c.o
 .debug_frame   0x00001224       0x40 CMakeFiles/SE1_P4_EQ3.dir/Users/anarojas/.pico-sdk/sdk/2.3.0/src/rp2_common/hardware_ticks/ticks.c.o
 .debug_frame   0x00001264      0x12c CMakeFiles/SE1_P4_EQ3.dir/Users/anarojas/.pico-sdk/sdk/2.3.0/src/rp2_common/pico_bootrom/bootrom.c.o
 .debug_frame   0x00001390       0x20 CMakeFiles/SE1_P4_EQ3.dir/Users/anarojas/.pico-sdk/sdk/2.3.0/src/rp2_common/pico_bootrom/bootrom_lock.c.o
 .debug_frame   0x000013b0       0x40 CMakeFiles/SE1_P4_EQ3.dir/Users/anarojas/.pico-sdk/sdk/2.3.0/src/rp2_common/hardware_boot_lock/boot_lock.c.o
 .debug_frame   0x000013f0       0x4c CMakeFiles/SE1_P4_EQ3.dir/Users/anarojas/.pico-sdk/sdk/2.3.0/src/rp2_common/hardware_xosc/xosc.c.o
 .debug_frame   0x0000143c       0x70 CMakeFiles/SE1_P4_EQ3.dir/Users/anarojas/.pico-sdk/sdk/2.3.0/src/rp2_common/pico_runtime/runtime.c.o
 .debug_frame   0x000014ac       0xc0 CMakeFiles/SE1_P4_EQ3.dir/Users/anarojas/.pico-sdk/sdk/2.3.0/src/rp2_common/pico_runtime_init/runtime_init.c.o
 .debug_frame   0x0000156c       0x34 CMakeFiles/SE1_P4_EQ3.dir/Users/anarojas/.pico-sdk/sdk/2.3.0/src/rp2_common/pico_runtime_init/runtime_init_clocks.c.o
 .debug_frame   0x000015a0      0x2d4 CMakeFiles/SE1_P4_EQ3.dir/Users/anarojas/.pico-sdk/sdk/2.3.0/src/rp2_common/pico_printf/printf.c.o
 .debug_frame   0x00001874      0x1a0 CMakeFiles/SE1_P4_EQ3.dir/Users/anarojas/.pico-sdk/sdk/2.3.0/src/rp2_common/pico_clib_interface/newlib_interface.c.o
 .debug_frame   0x00001a14      0x2dc CMakeFiles/SE1_P4_EQ3.dir/Users/anarojas/.pico-sdk/sdk/2.3.0/src/rp2_common/pico_stdio/stdio.c.o
 .debug_frame   0x00001cf0       0x20 /Users/anarojas/.pico-sdk/toolchain/13_2_Rel1/bin/../lib/gcc/arm-none-eabi/13.2.1/../../../../arm-none-eabi/lib/thumb/v8-m.main+fp/softfp/libg.a(libc_a-strlen-stub.o)

.debug_line_str